Archive member included to satisfy reference by file (symbol)

c:/program files (x86)/atmel/studio/7.0/toolchain/arm/arm-gnu-toolchain/bin/../lib/gcc/arm-none-eabi/6.3.1/thumb/v6-m\libgcc.a(_udivsi3.o)
                              hpl/core/hpl_core_m0plus_base.o (__aeabi_uidiv)
c:/program files (x86)/atmel/studio/7.0/toolchain/arm/arm-gnu-toolchain/bin/../lib/gcc/arm-none-eabi/6.3.1/thumb/v6-m\libgcc.a(_dvmd_tls.o)
                              c:/program files (x86)/atmel/studio/7.0/toolchain/arm/arm-gnu-toolchain/bin/../lib/gcc/arm-none-eabi/6.3.1/thumb/v6-m\libgcc.a(_udivsi3.o) (__aeabi_idiv0)
c:/program files (x86)/atmel/studio/7.0/toolchain/arm/arm-gnu-toolchain/bin/../lib/gcc/arm-none-eabi/6.3.1/../../../../arm-none-eabi/lib/thumb/v6-m\libc_nano.a(lib_a-exit.o)
                              c:/program files (x86)/atmel/studio/7.0/toolchain/arm/arm-gnu-toolchain/bin/../lib/gcc/arm-none-eabi/6.3.1/../../../../arm-none-eabi/lib/thumb/v6-m/crt0.o (exit)
c:/program files (x86)/atmel/studio/7.0/toolchain/arm/arm-gnu-toolchain/bin/../lib/gcc/arm-none-eabi/6.3.1/../../../../arm-none-eabi/lib/thumb/v6-m\libc_nano.a(lib_a-impure.o)
                              c:/program files (x86)/atmel/studio/7.0/toolchain/arm/arm-gnu-toolchain/bin/../lib/gcc/arm-none-eabi/6.3.1/../../../../arm-none-eabi/lib/thumb/v6-m\libc_nano.a(lib_a-exit.o) (_global_impure_ptr)
c:/program files (x86)/atmel/studio/7.0/toolchain/arm/arm-gnu-toolchain/bin/../lib/gcc/arm-none-eabi/6.3.1/../../../../arm-none-eabi/lib/thumb/v6-m\libc_nano.a(lib_a-init.o)
                              c:/program files (x86)/atmel/studio/7.0/toolchain/arm/arm-gnu-toolchain/bin/../lib/gcc/arm-none-eabi/6.3.1/../../../../arm-none-eabi/lib/thumb/v6-m/crt0.o (__libc_init_array)
c:/program files (x86)/atmel/studio/7.0/toolchain/arm/arm-gnu-toolchain/bin/../lib/gcc/arm-none-eabi/6.3.1/../../../../arm-none-eabi/lib/thumb/v6-m\libc_nano.a(lib_a-memset.o)
                              c:/program files (x86)/atmel/studio/7.0/toolchain/arm/arm-gnu-toolchain/bin/../lib/gcc/arm-none-eabi/6.3.1/../../../../arm-none-eabi/lib/thumb/v6-m/crt0.o (memset)
c:/program files (x86)/atmel/studio/7.0/toolchain/arm/arm-gnu-toolchain/bin/../lib/gcc/arm-none-eabi/6.3.1/../../../../arm-none-eabi/lib/thumb/v6-m\libc_nano.a(lib_a-printf.o)
                              hal/utils/src/utils_syscalls.o (printf)
c:/program files (x86)/atmel/studio/7.0/toolchain/arm/arm-gnu-toolchain/bin/../lib/gcc/arm-none-eabi/6.3.1/../../../../arm-none-eabi/lib/thumb/v6-m\libc_nano.a(lib_a-findfp.o)
                              c:/program files (x86)/atmel/studio/7.0/toolchain/arm/arm-gnu-toolchain/bin/../lib/gcc/arm-none-eabi/6.3.1/../../../../arm-none-eabi/lib/thumb/v6-m\libc_nano.a(lib_a-printf.o) (__sinit)
c:/program files (x86)/atmel/studio/7.0/toolchain/arm/arm-gnu-toolchain/bin/../lib/gcc/arm-none-eabi/6.3.1/../../../../arm-none-eabi/lib/thumb/v6-m\libc_nano.a(lib_a-fwalk.o)
                              c:/program files (x86)/atmel/studio/7.0/toolchain/arm/arm-gnu-toolchain/bin/../lib/gcc/arm-none-eabi/6.3.1/../../../../arm-none-eabi/lib/thumb/v6-m\libc_nano.a(lib_a-findfp.o) (_fwalk)
c:/program files (x86)/atmel/studio/7.0/toolchain/arm/arm-gnu-toolchain/bin/../lib/gcc/arm-none-eabi/6.3.1/../../../../arm-none-eabi/lib/thumb/v6-m\libc_nano.a(lib_a-nano-mallocr.o)
                              c:/program files (x86)/atmel/studio/7.0/toolchain/arm/arm-gnu-toolchain/bin/../lib/gcc/arm-none-eabi/6.3.1/../../../../arm-none-eabi/lib/thumb/v6-m\libc_nano.a(lib_a-findfp.o) (_malloc_r)
c:/program files (x86)/atmel/studio/7.0/toolchain/arm/arm-gnu-toolchain/bin/../lib/gcc/arm-none-eabi/6.3.1/../../../../arm-none-eabi/lib/thumb/v6-m\libc_nano.a(lib_a-nano-vfprintf.o)
                              c:/program files (x86)/atmel/studio/7.0/toolchain/arm/arm-gnu-toolchain/bin/../lib/gcc/arm-none-eabi/6.3.1/../../../../arm-none-eabi/lib/thumb/v6-m\libc_nano.a(lib_a-printf.o) (_vfprintf_r)
c:/program files (x86)/atmel/studio/7.0/toolchain/arm/arm-gnu-toolchain/bin/../lib/gcc/arm-none-eabi/6.3.1/../../../../arm-none-eabi/lib/thumb/v6-m\libc_nano.a(lib_a-nano-vfprintf_i.o)
                              c:/program files (x86)/atmel/studio/7.0/toolchain/arm/arm-gnu-toolchain/bin/../lib/gcc/arm-none-eabi/6.3.1/../../../../arm-none-eabi/lib/thumb/v6-m\libc_nano.a(lib_a-nano-vfprintf.o) (_printf_i)
c:/program files (x86)/atmel/studio/7.0/toolchain/arm/arm-gnu-toolchain/bin/../lib/gcc/arm-none-eabi/6.3.1/../../../../arm-none-eabi/lib/thumb/v6-m\libc_nano.a(lib_a-sbrkr.o)
                              c:/program files (x86)/atmel/studio/7.0/toolchain/arm/arm-gnu-toolchain/bin/../lib/gcc/arm-none-eabi/6.3.1/../../../../arm-none-eabi/lib/thumb/v6-m\libc_nano.a(lib_a-nano-mallocr.o) (_sbrk_r)
c:/program files (x86)/atmel/studio/7.0/toolchain/arm/arm-gnu-toolchain/bin/../lib/gcc/arm-none-eabi/6.3.1/../../../../arm-none-eabi/lib/thumb/v6-m\libc_nano.a(lib_a-stdio.o)
[...]
Memory Configuration

Name             Origin             Length             Attributes
rom              0x00000000         0x00040000         xr
ram              0x20000000         0x00008000         xrw
*default*        0x00000000         0xffffffff

Linker script and memory map

LOAD c:/program files (x86)/atmel/studio/7.0/toolchain/arm/arm-gnu-toolchain/bin/../lib/gcc/arm-none-eabi/6.3.1/thumb/v6-m/crti.o
LOAD c:/program files (x86)/atmel/studio/7.0/toolchain/arm/arm-gnu-toolchain/bin/../lib/gcc/arm-none-eabi/6.3.1/thumb/v6-m/crtbegin.o
LOAD c:/program files (x86)/atmel/studio/7.0/toolchain/arm/arm-gnu-toolchain/bin/../lib/gcc/arm-none-eabi/6.3.1/../../../../arm-none-eabi/lib/thumb/v6-m/crt0.o
LOAD atmel_start.o
LOAD Device_Startup/startup_samr21.o
LOAD Device_Startup/system_samr21.o
LOAD driver_init.o
LOAD examples/driver_examples.o
LOAD hal/src/hal_atomic.o
LOAD hal/src/hal_delay.o
LOAD hal/src/hal_gpio.o
LOAD hal/src/hal_init.o
LOAD hal/src/hal_io.o
LOAD hal/src/hal_sleep.o
LOAD hal/utils/src/utils_assert.o
LOAD hal/utils/src/utils_event.o
LOAD hal/utils/src/utils_list.o
LOAD hal/utils/src/utils_syscalls.o
LOAD hpl/core/hpl_core_m0plus_base.o
LOAD hpl/core/hpl_init.o
LOAD hpl/dmac/hpl_dmac.o
LOAD hpl/gclk/hpl_gclk.o
LOAD hpl/pm/hpl_pm.o
LOAD hpl/sysctrl/hpl_sysctrl.o
LOAD main.o
START GROUP
LOAD c:/program files (x86)/atmel/studio/7.0/toolchain/arm/arm-gnu-toolchain/bin/../lib/gcc/arm-none-eabi/6.3.1/../../../../arm-none-eabi/lib/thumb/v6-m\libm.a
END GROUP
START GROUP
LOAD c:/program files (x86)/atmel/studio/7.0/toolchain/arm/arm-gnu-toolchain/bin/../lib/gcc/arm-none-eabi/6.3.1/thumb/v6-m\libgcc.a
LOAD c:/program files (x86)/atmel/studio/7.0/toolchain/arm/arm-gnu-toolchain/bin/../lib/gcc/arm-none-eabi/6.3.1/../../../../arm-none-eabi/lib/thumb/v6-m\libc_nano.a
END GROUP
START GROUP
LOAD c:/program files (x86)/atmel/studio/7.0/toolchain/arm/arm-gnu-toolchain/bin/../lib/gcc/arm-none-eabi/6.3.1/thumb/v6-m\libgcc.a
LOAD c:/program files (x86)/atmel/studio/7.0/toolchain/arm/arm-gnu-toolchain/bin/../lib/gcc/arm-none-eabi/6.3.1/../../../../arm-none-eabi/lib/thumb/v6-m\libc_nano.a
END GROUP
LOAD c:/program files (x86)/atmel/studio/7.0/toolchain/arm/arm-gnu-toolchain/bin/../lib/gcc/arm-none-eabi/6.3.1/thumb/v6-m/crtend.o
LOAD c:/program files (x86)/atmel/studio/7.0/toolchain/arm/arm-gnu-toolchain/bin/../lib/gcc/arm-none-eabi/6.3.1/thumb/v6-m/crtn.o
                0x00002000                STACK_SIZE = DEFINED (STACK_SIZE)?STACK_SIZE:DEFINED (__stack_size__)?__stack_size__:0x2000

.text           0x00000000      0x56c
                0x00000000                . = ALIGN (0x4)
                0x00000000                _sfixed = .
 *(.vectors .vectors.*)
 .vectors       0x00000000       0xb4 Device_Startup/startup_samr21.o
                0x00000000                exception_table
 *(.text .text.* .gnu.linkonce.t.*)
 .text          0x000000b4       0x60 c:/program files (x86)/atmel/studio/7.0/toolchain/arm/arm-gnu-toolchain/bin/../lib/gcc/arm-none-eabi/6.3.1/thumb/v6-m/crtbegin.o
 .text.atmel_start_init
                0x00000114        0xc atmel_start.o
                0x00000114                atmel_start_init
 .text.Dummy_Handler
                0x00000120        0x2 Device_Startup/startup_samr21.o
                0x00000120                DMAC_Handler
                0x00000120                HardFault_Handler
                0x00000120                AC_Handler
                0x00000120                SysTick_Handler
                0x00000120                PendSV_Handler
                0x00000120                NMI_Handler
                0x00000120                TC7_Handler
                0x00000120                SERCOM1_Handler
                0x00000120                ADC_Handler
                0x00000120                TCC1_Handler
                0x00000120                SERCOM2_Handler
                0x00000120                TCC0_Handler
                0x00000120                RTC_Handler
                0x00000120                EIC_Handler
                0x00000120                TC6_Handler
                0x00000120                WDT_Handler
                0x00000120                TC4_Handler
                0x00000120                USB_Handler
                0x00000120                TC3_Handler
                0x00000120                Dummy_Handler
                0x00000120                PM_Handler
                0x00000120                SERCOM5_Handler
                0x00000120                SVC_Handler
                0x00000120                TCC2_Handler
                0x00000120                EVSYS_Handler
                0x00000120                SERCOM3_Handler
                0x00000120                SERCOM4_Handler
                0x00000120                NVMCTRL_Handler
                0x00000120                SERCOM0_Handler
                0x00000120                DAC_Handler
                0x00000120                PTC_Handler
                0x00000120                TC5_Handler
                0x00000120                SYSCTRL_Handler
 *fill*         0x00000122        0x2 
 .text.Reset_Handler
                0x00000124       0xc4 Device_Startup/startup_samr21.o
                0x00000124                Reset_Handler
 .text.system_init
                0x000001e8       0x6c driver_init.o
                0x000001e8                system_init
 .text.delay_ms
                0x00000254       0x20 hal/src/hal_delay.o
                0x00000254                delay_ms
 .text._get_cycles_for_ms
                0x00000274       0x1c hpl/core/hpl_core_m0plus_base.o
                0x00000274                _get_cycles_for_ms
 .text._delay_cycles
                0x00000290        0x6 hpl/core/hpl_core_m0plus_base.o
                0x00000290                _delay_cycles
 *fill*         0x00000296        0x2 
 .text._init_chip
                0x00000298       0x34 hpl/core/hpl_init.o
                0x00000298                _init_chip
 .text._gclk_init_generators_by_fref
                0x000002cc       0x18 hpl/gclk/hpl_gclk.o
                0x000002cc                _gclk_init_generators_by_fref
 .text._pm_init
                0x000002e4       0x20 hpl/pm/hpl_pm.o
                0x000002e4                _pm_init
 .text._sysctrl_init_sources
                0x00000304       0x4c hpl/sysctrl/hpl_sysctrl.o
                0x00000304                _sysctrl_init_sources
 .text._sysctrl_init_referenced_generators
                0x00000350       0x10 hpl/sysctrl/hpl_sysctrl.o
                0x00000350                _sysctrl_init_referenced_generators
 .text.SET_R_LED_OFF
                0x00000360        0xc main.o
                0x00000360                SET_R_LED_OFF
 .text.SET_G_LED_ON
                0x0000036c        0xc main.o
                0x0000036c                SET_G_LED_ON
 .text.SET_G_LED_OFF
                0x00000378        0xc main.o
                0x00000378                SET_G_LED_OFF
 .text.SET_B_LED_ON
                0x00000384        0xc main.o
                0x00000384                SET_B_LED_ON
 .text.SET_B_LED_OFF
                0x00000390        0xc main.o
                0x00000390                SET_B_LED_OFF
 .text.main     0x0000039c       0x50 main.o
                0x0000039c                main
 .text          0x000003ec      0x114 c:/program files (x86)/atmel/studio/7.0/toolchain/arm/arm-gnu-toolchain/bin/../lib/gcc/arm-none-eabi/6.3.1/thumb/v6-m\libgcc.a(_udivsi3.o)
                0x000003ec                __aeabi_uidiv
                0x000003ec                __udivsi3
                0x000004f8                __aeabi_uidivmod
 .text          0x00000500        0x4 c:/program files (x86)/atmel/studio/7.0/toolchain/arm/arm-gnu-toolchain/bin/../lib/gcc/arm-none-eabi/6.3.1/thumb/v6-m\libgcc.a(_dvmd_tls.o)
                0x00000500                __aeabi_idiv0
                0x00000500                __aeabi_ldiv0
 .text.__libc_init_array
                0x00000504       0x48 c:/program files (x86)/atmel/studio/7.0/toolchain/arm/arm-gnu-toolchain/bin/../lib/gcc/arm-none-eabi/6.3.1/../../../../arm-none-eabi/lib/thumb/v6-m\libc_nano.a(lib_a-init.o)
                0x00000504                __libc_init_array
 *(.glue_7t)
 .glue_7t       0x0000054c        0x0 linker stubs
 *(.glue_7)
 .glue_7        0x0000054c        0x0 linker stubs
 *(.rodata .rodata* .gnu.linkonce.r.*)
 *(.ARM.extab* .gnu.linkonce.armextab.*)
                0x0000054c                . = ALIGN (0x4)
 *(.init)
 .init          0x0000054c        0x4 c:/program files (x86)/atmel/studio/7.0/toolchain/arm/arm-gnu-toolchain/bin/../lib/gcc/arm-none-eabi/6.3.1/thumb/v6-m/crti.o
                0x0000054c                _init
 .init          0x00000550        0x8 c:/program files (x86)/atmel/studio/7.0/toolchain/arm/arm-gnu-toolchain/bin/../lib/gcc/arm-none-eabi/6.3.1/thumb/v6-m/crtn.o
                0x00000558                . = ALIGN (0x4)
                0x00000558                __preinit_array_start = .
 *(.preinit_array)
                0x00000558                __preinit_array_end = .
                0x00000558                . = ALIGN (0x4)
                0x00000558                __init_array_start = .
 *(SORT(.init_array.*))
 *(.init_array)
 .init_array    0x00000558        0x4 c:/program files (x86)/atmel/studio/7.0/toolchain/arm/arm-gnu-toolchain/bin/../lib/gcc/arm-none-eabi/6.3.1/thumb/v6-m/crtbegin.o
                0x0000055c                __init_array_end = .
                0x0000055c                . = ALIGN (0x4)
 *crtbegin.o(.ctors)
 *(EXCLUDE_FILE(*crtend.o) .ctors)
 *(SORT(.ctors.*))
 *crtend.o(.ctors)
                0x0000055c                . = ALIGN (0x4)
 *(.fini)
 .fini          0x0000055c        0x4 c:/program files (x86)/atmel/studio/7.0/toolchain/arm/arm-gnu-toolchain/bin/../lib/gcc/arm-none-eabi/6.3.1/thumb/v6-m/crti.o
                0x0000055c                _fini
 .fini          0x00000560        0x8 c:/program files (x86)/atmel/studio/7.0/toolchain/arm/arm-gnu-toolchain/bin/../lib/gcc/arm-none-eabi/6.3.1/thumb/v6-m/crtn.o
                0x00000568                . = ALIGN (0x4)
                0x00000568                __fini_array_start = .
 *(.fini_array)
 .fini_array    0x00000568        0x4 c:/program files (x86)/atmel/studio/7.0/toolchain/arm/arm-gnu-toolchain/bin/../lib/gcc/arm-none-eabi/6.3.1/thumb/v6-m/crtbegin.o
 *(SORT(.fini_array.*))
                0x0000056c                __fini_array_end = .
 *crtbegin.o(.dtors)
 *(EXCLUDE_FILE(*crtend.o) .dtors)
 *(SORT(.dtors.*))
 *crtend.o(.dtors)
                0x0000056c                . = ALIGN (0x4)
                0x0000056c                _efixed = .
                [!provide]                PROVIDE (__exidx_start, .)

.vfp11_veneer   0x0000056c        0x0
 .vfp11_veneer  0x0000056c        0x0 linker stubs

.v4_bx          0x0000056c        0x0
 .v4_bx         0x0000056c        0x0 linker stubs

.iplt           0x0000056c        0x0
 .iplt          0x0000056c        0x0 c:/program files (x86)/atmel/studio/7.0/toolchain/arm/arm-gnu-toolchain/bin/../lib/gcc/arm-none-eabi/6.3.1/thumb/v6-m/crtbegin.o

.eh_frame       0x0000056c        0x0
 .eh_frame      0x0000056c        0x0 c:/program files (x86)/atmel/studio/7.0/toolchain/arm/arm-gnu-toolchain/bin/../lib/gcc/arm-none-eabi/6.3.1/thumb/v6-m/crtbegin.o

.rel.dyn        0x0000056c        0x0
 .rel.iplt      0x0000056c        0x0 c:/program files (x86)/atmel/studio/7.0/toolchain/arm/arm-gnu-toolchain/bin/../lib/gcc/arm-none-eabi/6.3.1/thumb/v6-m/crtbegin.o

.jcr            0x0000056c        0x0
 .jcr           0x0000056c        0x0 c:/program files (x86)/atmel/studio/7.0/toolchain/arm/arm-gnu-toolchain/bin/../lib/gcc/arm-none-eabi/6.3.1/thumb/v6-m/crtbegin.o

.igot.plt       0x0000056c        0x0
 .igot.plt      0x0000056c        0x0 c:/program files (x86)/atmel/studio/7.0/toolchain/arm/arm-gnu-toolchain/bin/../lib/gcc/arm-none-eabi/6.3.1/thumb/v6-m/crtbegin.o

.ARM.exidx
 *(.ARM.exidx* .gnu.linkonce.armexidx.*)
                [!provide]                PROVIDE (__exidx_end, .)
                0x0000056c                . = ALIGN (0x4)
                0x0000056c                _etext = .

.relocate       0x20000000        0x0 load address 0x0000056c
                0x20000000                . = ALIGN (0x4)
                0x20000000                _srelocate = .
 *(.ramfunc .ramfunc.*)
 *(.data .data.*)
                0x20000000                . = ALIGN (0x4)
                0x20000000                _erelocate = .

.bss            0x20000000       0x20
                0x20000000                . = ALIGN (0x4)
                0x20000000                _sbss = .
                0x20000000                _szero = .
 *(.bss .bss.*)
 .bss           0x20000000       0x1c c:/program files (x86)/atmel/studio/7.0/toolchain/arm/arm-gnu-toolchain/bin/../lib/gcc/arm-none-eabi/6.3.1/thumb/v6-m/crtbegin.o
 .bss           0x2000001c        0x4 hal/src/hal_delay.o
 *(COMMON)
                0x20000020                . = ALIGN (0x4)
                0x20000020                _ebss = .
                0x20000020                _ezero = .

.stack          0x20000020     0x2000
                0x20000020                . = ALIGN (0x8)
                0x20000020                _sstack = .
                0x20002020                . = (. + STACK_SIZE)
 *fill*         0x20000020     0x2000 
                0x20002020                . = ALIGN (0x8)
                0x20002020                _estack = .
                0x20002020                . = ALIGN (0x4)
                0x20002020                _end = .
OUTPUT(My Project.elf elf32-littlearm)

.ARM.attributes
                0x00000000       0x28
 .ARM.attributes
                0x00000000       0x1e c:/program files (x86)/atmel/studio/7.0/toolchain/arm/arm-gnu-toolchain/bin/../lib/gcc/arm-none-eabi/6.3.1/thumb/v6-m/crti.o
 .ARM.attributes
                0x0000001e       0x2c c:/program files (x86)/atmel/studio/7.0/toolchain/arm/arm-gnu-toolchain/bin/../lib/gcc/arm-none-eabi/6.3.1/thumb/v6-m/crtbegin.o
 .ARM.attributes
                0x0000004a       0x32 atmel_start.o
 .ARM.attributes
                0x0000007c       0x32 Device_Startup/startup_samr21.o
 .ARM.attributes
                0x000000ae       0x32 driver_init.o
 .ARM.attributes
                0x000000e0       0x32 hal/src/hal_delay.o
 .ARM.attributes
                0x00000112       0x32 hpl/core/hpl_core_m0plus_base.o
 .ARM.attributes
                0x00000144       0x32 hpl/core/hpl_init.o
 .ARM.attributes
                0x00000176       0x32 hpl/gclk/hpl_gclk.o
 .ARM.attributes
                0x000001a8       0x32 hpl/pm/hpl_pm.o
 .ARM.attributes
                0x000001da       0x32 hpl/sysctrl/hpl_sysctrl.o
 .ARM.attributes
                0x0000020c       0x32 main.o
 .ARM.attributes
                0x0000023e       0x1e c:/program files (x86)/atmel/studio/7.0/toolchain/arm/arm-gnu-toolchain/bin/../lib/gcc/arm-none-eabi/6.3.1/thumb/v6-m\libgcc.a(_udivsi3.o)
 .ARM.attributes
                0x0000025c       0x1e c:/program files (x86)/atmel/studio/7.0/toolchain/arm/arm-gnu-toolchain/bin/../lib/gcc/arm-none-eabi/6.3.1/thumb/v6-m\libgcc.a(_dvmd_tls.o)
 .ARM.attributes
                0x0000027a       0x2c c:/program files (x86)/atmel/studio/7.0/toolchain/arm/arm-gnu-toolchain/bin/../lib/gcc/arm-none-eabi/6.3.1/../../../../arm-none-eabi/lib/thumb/v6-m\libc_nano.a(lib_a-init.o)
 .ARM.attributes
                0x000002a6       0x1e c:/program files (x86)/atmel/studio/7.0/toolchain/arm/arm-gnu-toolchain/bin/../lib/gcc/arm-none-eabi/6.3.1/thumb/v6-m/crtn.o

.comment        0x00000000       0x59
 .comment       0x00000000       0x59 atmel_start.o
                                 0x5a (size before relaxing)
 .comment       0x00000059       0x5a Device_Startup/startup_samr21.o
 .comment       0x00000059       0x5a driver_init.o
 .comment       0x00000059       0x5a hal/src/hal_delay.o
 .comment       0x00000059       0x5a hpl/core/hpl_core_m0plus_base.o
 .comment       0x00000059       0x5a hpl/core/hpl_init.o
 .comment       0x00000059       0x5a hpl/gclk/hpl_gclk.o
 .comment       0x00000059       0x5a hpl/pm/hpl_pm.o
 .comment       0x00000059       0x5a hpl/sysctrl/hpl_sysctrl.o
 .comment       0x00000059       0x5a main.o

.debug_info     0x00000000     0x969d
 .debug_info    0x00000000       0xcf atmel_start.o
 .debug_info    0x000000cf     0x3a2b Device_Startup/startup_samr21.o
 .debug_info    0x00003afa     0x1083 driver_init.o
 .debug_info    0x00004b7d      0x1dc hal/src/hal_delay.o
 .debug_info    0x00004d59      0x86b hpl/core/hpl_core_m0plus_base.o
 .debug_info    0x000055c4      0x689 hpl/core/hpl_init.o
 .debug_info    0x00005c4d      0x495 hpl/gclk/hpl_gclk.o
 .debug_info    0x000060e2      0xc6f hpl/pm/hpl_pm.o
 .debug_info    0x00006d51     0x1450 hpl/sysctrl/hpl_sysctrl.o
 .debug_info    0x000081a1     0x14fc main.o

.debug_abbrev   0x00000000     0x136c
 .debug_abbrev  0x00000000       0x84 atmel_start.o
 .debug_abbrev  0x00000084      0x227 Device_Startup/startup_samr21.o
 .debug_abbrev  0x000002ab      0x27c driver_init.o
 .debug_abbrev  0x00000527       0xe1 hal/src/hal_delay.o
 .debug_abbrev  0x00000608      0x2c6 hpl/core/hpl_core_m0plus_base.o
 .debug_abbrev  0x000008ce      0x1d9 hpl/core/hpl_init.o
 .debug_abbrev  0x00000aa7      0x19e hpl/gclk/hpl_gclk.o
 .debug_abbrev  0x00000c45      0x215 hpl/pm/hpl_pm.o
 .debug_abbrev  0x00000e5a      0x20a hpl/sysctrl/hpl_sysctrl.o
 .debug_abbrev  0x00001064      0x308 main.o

.debug_loc      0x00000000      0xd4a
 .debug_loc     0x00000000       0x20 atmel_start.o
 .debug_loc     0x00000020       0x78 Device_Startup/startup_samr21.o
 .debug_loc     0x00000098      0x40a driver_init.o
 .debug_loc     0x000004a2       0xc3 hal/src/hal_delay.o
 .debug_loc     0x00000565      0x2a1 hpl/core/hpl_core_m0plus_base.o
 .debug_loc     0x00000806       0x4c hpl/core/hpl_init.o
 .debug_loc     0x00000852       0xba hpl/gclk/hpl_gclk.o
 .debug_loc     0x0000090c      0x11b hpl/pm/hpl_pm.o
 .debug_loc     0x00000a27      0x153 hpl/sysctrl/hpl_sysctrl.o
 .debug_loc     0x00000b7a      0x1d0 main.o

.debug_aranges  0x00000000      0x210
 .debug_aranges
                0x00000000       0x20 atmel_start.o
 .debug_aranges
                0x00000020       0x28 Device_Startup/startup_samr21.o
 .debug_aranges
                0x00000048       0x20 driver_init.o
 .debug_aranges
                0x00000068       0x38 hal/src/hal_delay.o
 .debug_aranges
                0x000000a0       0x80 hpl/core/hpl_core_m0plus_base.o
 .debug_aranges
                0x00000120       0x20 hpl/core/hpl_init.o
 .debug_aranges
                0x00000140       0x28 hpl/gclk/hpl_gclk.o
 .debug_aranges
                0x00000168       0x30 hpl/pm/hpl_pm.o
 .debug_aranges
                0x00000198       0x28 hpl/sysctrl/hpl_sysctrl.o
 .debug_aranges
                0x000001c0       0x50 main.o

.debug_ranges   0x00000000      0x170
 .debug_ranges  0x00000000       0x10 atmel_start.o
 .debug_ranges  0x00000010       0x18 Device_Startup/startup_samr21.o
 .debug_ranges  0x00000028       0x10 driver_init.o
 .debug_ranges  0x00000038       0x28 hal/src/hal_delay.o
 .debug_ranges  0x00000060       0x70 hpl/core/hpl_core_m0plus_base.o
 .debug_ranges  0x000000d0       0x10 hpl/core/hpl_init.o
 .debug_ranges  0x000000e0       0x18 hpl/gclk/hpl_gclk.o
 .debug_ranges  0x000000f8       0x20 hpl/pm/hpl_pm.o
 .debug_ranges  0x00000118       0x18 hpl/sysctrl/hpl_sysctrl.o
 .debug_ranges  0x00000130       0x40 main.o

.debug_macro    0x00000000    0x14061
 .debug_macro   0x00000000      0x4cc atmel_start.o
 .debug_macro   0x000004cc      0x89e atmel_start.o
 .debug_macro   0x00000d6a      0x16d atmel_start.o
 .debug_macro   0x00000ed7       0x22 atmel_start.o
 .debug_macro   0x00000ef9       0x87 atmel_start.o
 .debug_macro   0x00000f80       0x51 atmel_start.o
 .debug_macro   0x00000fd1       0xef atmel_start.o
 .debug_macro   0x000010c0       0x6a atmel_start.o
 .debug_macro   0x0000112a      0x1df atmel_start.o
 .debug_macro   0x00001309       0x22 atmel_start.o
 .debug_macro   0x0000132b       0x46 atmel_start.o
 .debug_macro   0x00001371       0x1c atmel_start.o
 .debug_macro   0x0000138d       0x22 atmel_start.o
 .debug_macro   0x000013af       0xb5 atmel_start.o
 .debug_macro   0x00001464      0x3ad atmel_start.o
 .debug_macro   0x00001811      0x67d atmel_start.o
 .debug_macro   0x00001e8e      0x8b0 atmel_start.o
 .debug_macro   0x0000273e      0x22e atmel_start.o
 .debug_macro   0x0000296c      0xd5c atmel_start.o
 .debug_macro   0x000036c8      0x4c6 atmel_start.o
 .debug_macro   0x00003b8e      0x9f6 atmel_start.o
 .debug_macro   0x00004584      0x82a atmel_start.o
 .debug_macro   0x00004dae      0x450 atmel_start.o
 .debug_macro   0x000051fe       0x5e atmel_start.o
 .debug_macro   0x0000525c      0x21c atmel_start.o
 .debug_macro   0x00005478      0x734 atmel_start.o
 .debug_macro   0x00005bac       0x5e atmel_start.o
 .debug_macro   0x00005c0a      0x631 atmel_start.o
 .debug_macro   0x0000623b      0x3ab atmel_start.o
 .debug_macro   0x000065e6       0x94 atmel_start.o
 .debug_macro   0x0000667a      0xc75 atmel_start.o
 .debug_macro   0x000072ef     0x1092 atmel_start.o
 .debug_macro   0x00008381      0xc4a atmel_start.o
 .debug_macro   0x00008fcb      0x6ba atmel_start.o
 .debug_macro   0x00009685     0x1b3c atmel_start.o
 .debug_macro   0x0000b1c1     0x143b atmel_start.o
 .debug_macro   0x0000c5fc      0x33f atmel_start.o
 .debug_macro   0x0000c93b       0x7c atmel_start.o
 .debug_macro   0x0000c9b7       0xa0 atmel_start.o
 .debug_macro   0x0000ca57       0x4c atmel_start.o
 .debug_macro   0x0000caa3       0xca atmel_start.o
 .debug_macro   0x0000cb6d       0x94 atmel_start.o
 .debug_macro   0x0000cc01       0x58 atmel_start.o
 .debug_macro   0x0000cc59      0x340 atmel_start.o
 .debug_macro   0x0000cf99       0x82 atmel_start.o
 .debug_macro   0x0000d01b      0x188 atmel_start.o
 .debug_macro   0x0000d1a3       0xa0 atmel_start.o
 .debug_macro   0x0000d243       0xb2 atmel_start.o
 .debug_macro   0x0000d2f5       0x1c atmel_start.o
 .debug_macro   0x0000d311       0x1c atmel_start.o
 .debug_macro   0x0000d32d       0x1c atmel_start.o
 .debug_macro   0x0000d349       0x7c atmel_start.o
 .debug_macro   0x0000d3c5      0x1ba atmel_start.o
 .debug_macro   0x0000d57f       0x16 atmel_start.o
 .debug_macro   0x0000d595       0xdc atmel_start.o
 .debug_macro   0x0000d671      0x124 atmel_start.o
 .debug_macro   0x0000d795      0x124 atmel_start.o
 .debug_macro   0x0000d8b9      0x124 atmel_start.o
 .debug_macro   0x0000d9dd      0x124 atmel_start.o
 .debug_macro   0x0000db01      0x124 atmel_start.o
 .debug_macro   0x0000dc25      0x124 atmel_start.o
 .debug_macro   0x0000dd49      0x124 atmel_start.o
 .debug_macro   0x0000de6d       0xe2 atmel_start.o
 .debug_macro   0x0000df4f       0xe2 atmel_start.o
 .debug_macro   0x0000e031       0xe2 atmel_start.o
 .debug_macro   0x0000e113       0xe2 atmel_start.o
 .debug_macro   0x0000e1f5       0xe2 atmel_start.o
 .debug_macro   0x0000e2d7      0x12a atmel_start.o
 .debug_macro   0x0000e401      0x100 atmel_start.o
 .debug_macro   0x0000e501       0xf4 atmel_start.o
 .debug_macro   0x0000e5f5      0x40f atmel_start.o
 .debug_macro   0x0000ea04       0x40 atmel_start.o
 .debug_macro   0x0000ea44      0x392 atmel_start.o
 .debug_macro   0x0000edd6     0x192e atmel_start.o
 .debug_macro   0x00010704       0x74 atmel_start.o
 .debug_macro   0x00010778       0x10 atmel_start.o
 .debug_macro   0x00010788       0x10 atmel_start.o
 .debug_macro   0x00010798       0x16 atmel_start.o
 .debug_macro   0x000107ae       0x16 atmel_start.o
 .debug_macro   0x000107c4       0x16 atmel_start.o
 .debug_macro   0x000107da       0x16 atmel_start.o
 .debug_macro   0x000107f0       0x16 atmel_start.o
 .debug_macro   0x00010806       0x16 atmel_start.o
 .debug_macro   0x0001081c       0x16 atmel_start.o
 .debug_macro   0x00010832       0x16 atmel_start.o
 .debug_macro   0x00010848       0x16 atmel_start.o
 .debug_macro   0x0001085e       0x16 atmel_start.o
 .debug_macro   0x00010874       0x16 atmel_start.o
 .debug_macro   0x0001088a       0x16 atmel_start.o
 .debug_macro   0x000108a0       0x16 atmel_start.o
 .debug_macro   0x000108b6       0x16 atmel_start.o
 .debug_macro   0x000108cc       0x16 atmel_start.o
 .debug_macro   0x000108e2       0x16 atmel_start.o
 .debug_macro   0x000108f8       0x16 atmel_start.o
 .debug_macro   0x0001090e       0x16 atmel_start.o
 .debug_macro   0x00010924       0x16 atmel_start.o
 .debug_macro   0x0001093a       0x16 atmel_start.o
 .debug_macro   0x00010950       0x16 atmel_start.o
 .debug_macro   0x00010966       0xca atmel_start.o
 .debug_macro   0x00010a30       0x1c atmel_start.o
 .debug_macro   0x00010a4c       0x16 atmel_start.o
 .debug_macro   0x00010a62       0x46 atmel_start.o
 .debug_macro   0x00010aa8      0x306 Device_Startup/startup_samr21.o
 .debug_macro   0x00010dae       0x40 Device_Startup/startup_samr21.o
 .debug_macro   0x00010dee      0x4e8 driver_init.o
 .debug_macro   0x000112d6       0x10 driver_init.o
 .debug_macro   0x000112e6       0xc9 driver_init.o
 .debug_macro   0x000113af      0x466 hal/src/hal_delay.o
 .debug_macro   0x00011815      0x48b hpl/core/hpl_core_m0plus_base.o
 .debug_macro   0x00011ca0      0x4ae hpl/core/hpl_init.o
 .debug_macro   0x0001214e       0x2e hpl/core/hpl_init.o
 .debug_macro   0x0001217c      0x6ec hpl/core/hpl_init.o
 .debug_macro   0x00012868      0x44a hpl/gclk/hpl_gclk.o
 .debug_macro   0x00012cb2      0x1f3 hpl/gclk/hpl_gclk.o
 .debug_macro   0x00012ea5      0x473 hpl/pm/hpl_pm.o
 .debug_macro   0x00013318      0x44a hpl/sysctrl/hpl_sysctrl.o
 .debug_macro   0x00013762      0x2da hpl/sysctrl/hpl_sysctrl.o
 .debug_macro   0x00013a3c      0x625 main.o

.debug_line     0x00000000     0x62fc
 .debug_line    0x00000000      0xa09 atmel_start.o
 .debug_line    0x00000a09      0x6e5 Device_Startup/startup_samr21.o
 .debug_line    0x000010ee      0xa9c driver_init.o
 .debug_line    0x00001b8a      0x98d hal/src/hal_delay.o
 .debug_line    0x00002517      0xb00 hpl/core/hpl_core_m0plus_base.o
 .debug_line    0x00003017      0xa0d hpl/core/hpl_init.o
 .debug_line    0x00003a24      0x97e hpl/gclk/hpl_gclk.o
 .debug_line    0x000043a2      0x9d2 hpl/pm/hpl_pm.o
 .debug_line    0x00004d74      0x9b5 hpl/sysctrl/hpl_sysctrl.o
 .debug_line    0x00005729      0xbd3 main.o

.debug_str      0x00000000    0x72df3
 .debug_str     0x00000000    0x69c7d atmel_start.o
                              0x6a085 (size before relaxing)
 .debug_str     0x00069c7d     0x10bf Device_Startup/startup_samr21.o
                              0x6a083 (size before relaxing)
 .debug_str     0x0006ad3c      0x892 driver_init.o
                              0x6a985 (size before relaxing)
 .debug_str     0x0006b5ce       0xb6 hal/src/hal_delay.o
                              0x69e3c (size before relaxing)
 .debug_str     0x0006b684      0x333 hpl/core/hpl_core_m0plus_base.o
                              0x6a717 (size before relaxing)
 .debug_str     0x0006b9b7     0x17d7 hpl/core/hpl_init.o
                              0x6b85d (size before relaxing)
 .debug_str     0x0006d18e      0x88f hpl/gclk/hpl_gclk.o
                              0x6a6b3 (size before relaxing)
 .debug_str     0x0006da1d      0x3d4 hpl/pm/hpl_pm.o
                              0x6a3bf (size before relaxing)
 .debug_str     0x0006ddf1     0x11da hpl/sysctrl/hpl_sysctrl.o
                              0x6b0b1 (size before relaxing)
 .debug_str     0x0006efcb     0x3e28 main.o
                              0x6e156 (size before relaxing)

.debug_frame    0x00000000      0x398
 .debug_frame   0x00000000       0x28 atmel_start.o
 .debug_frame   0x00000028       0x40 Device_Startup/startup_samr21.o
 .debug_frame   0x00000068       0x2c driver_init.o
 .debug_frame   0x00000094       0x68 hal/src/hal_delay.o
 .debug_frame   0x000000fc       0xfc hpl/core/hpl_core_m0plus_base.o
 .debug_frame   0x000001f8       0x28 hpl/core/hpl_init.o
 .debug_frame   0x00000220       0x30 hpl/gclk/hpl_gclk.o
 .debug_frame   0x00000250       0x40 hpl/pm/hpl_pm.o
 .debug_frame   0x00000290       0x30 hpl/sysctrl/hpl_sysctrl.o
 .debug_frame   0x000002c0       0x8c main.o
 .debug_frame   0x0000034c       0x20 c:/program files (x86)/atmel/studio/7.0/toolchain/arm/arm-gnu-toolchain/bin/../lib/gcc/arm-none-eabi/6.3.1/thumb/v6-m\libgcc.a(_udivsi3.o)
 .debug_frame   0x0000036c       0x2c c:/program files (x86)/atmel/studio/7.0/toolchain/arm/arm-gnu-toolchain/bin/../lib/gcc/arm-none-eabi/6.3.1/../../../../arm-none-eabi/lib/thumb/v6-m\libc_nano.a(lib_a-init.o)
