Archive member included to satisfy reference by file (symbol)

c:/program files (x86)/atmel/studio/7.0/toolchain/arm/arm-gnu-toolchain/bin/../lib/gcc/arm-none-eabi/6.3.1/thumb/v6-m\libgcc.a(_udivsi3.o)
                              hpl/core/hpl_core_m0plus_base.o (__aeabi_uidiv)
c:/program files (x86)/atmel/studio/7.0/toolchain/arm/arm-gnu-toolchain/bin/../lib/gcc/arm-none-eabi/6.3.1/thumb/v6-m\libgcc.a(_divsi3.o)
                              IO1X_Plained_drivers.o (__aeabi_idiv)
c:/program files (x86)/atmel/studio/7.0/toolchain/arm/arm-gnu-toolchain/bin/../lib/gcc/arm-none-eabi/6.3.1/thumb/v6-m\libgcc.a(_dvmd_tls.o)
                              c:/program files (x86)/atmel/studio/7.0/toolchain/arm/arm-gnu-toolchain/bin/../lib/gcc/arm-none-eabi/6.3.1/thumb/v6-m\libgcc.a(_udivsi3.o) (__aeabi_idiv0)
c:/program files (x86)/atmel/studio/7.0/toolchain/arm/arm-gnu-toolchain/bin/../lib/gcc/arm-none-eabi/6.3.1/thumb/v6-m\libgcc.a(_aeabi_uldivmod.o)
                              hpl/sercom/hpl_sercom.o (__aeabi_uldivmod)
c:/program files (x86)/atmel/studio/7.0/toolchain/arm/arm-gnu-toolchain/bin/../lib/gcc/arm-none-eabi/6.3.1/thumb/v6-m\libgcc.a(_muldi3.o)
                              hpl/sercom/hpl_sercom.o (__aeabi_lmul)
c:/program files (x86)/atmel/studio/7.0/toolchain/arm/arm-gnu-toolchain/bin/../lib/gcc/arm-none-eabi/6.3.1/thumb/v6-m\libgcc.a(_fixunssfsi.o)
                              IO1X_Plained_drivers.o (__aeabi_f2uiz)
c:/program files (x86)/atmel/studio/7.0/toolchain/arm/arm-gnu-toolchain/bin/../lib/gcc/arm-none-eabi/6.3.1/thumb/v6-m\libgcc.a(_fixunsdfsi.o)
                              hpl/sercom/hpl_sercom.o (__aeabi_d2uiz)
c:/program files (x86)/atmel/studio/7.0/toolchain/arm/arm-gnu-toolchain/bin/../lib/gcc/arm-none-eabi/6.3.1/thumb/v6-m\libgcc.a(_udivmoddi4.o)
                              c:/program files (x86)/atmel/studio/7.0/toolchain/arm/arm-gnu-toolchain/bin/../lib/gcc/arm-none-eabi/6.3.1/thumb/v6-m\libgcc.a(_aeabi_uldivmod.o) (__udivmoddi4)
c:/program files (x86)/atmel/studio/7.0/toolchain/arm/arm-gnu-toolchain/bin/../lib/gcc/arm-none-eabi/6.3.1/thumb/v6-m\libgcc.a(mulsf3.o)
                              at30tse75x.o (__aeabi_fmul)
c:/program files (x86)/atmel/studio/7.0/toolchain/arm/arm-gnu-toolchain/bin/../lib/gcc/arm-none-eabi/6.3.1/thumb/v6-m\libgcc.a(subsf3.o)
                              IO1X_Plained_drivers.o (__aeabi_fsub)
c:/program files (x86)/atmel/studio/7.0/toolchain/arm/arm-gnu-toolchain/bin/../lib/gcc/arm-none-eabi/6.3.1/thumb/v6-m\libgcc.a(fixsfsi.o)
                              IO1X_Plained_drivers.o (__aeabi_f2iz)
c:/program files (x86)/atmel/studio/7.0/toolchain/arm/arm-gnu-toolchain/bin/../lib/gcc/arm-none-eabi/6.3.1/thumb/v6-m\libgcc.a(floatsisf.o)
                              at30tse75x.o (__aeabi_i2f)
c:/program files (x86)/atmel/studio/7.0/toolchain/arm/arm-gnu-toolchain/bin/../lib/gcc/arm-none-eabi/6.3.1/thumb/v6-m\libgcc.a(floatunsisf.o)
                              at30tse75x.o (__aeabi_ui2f)
c:/program files (x86)/atmel/studio/7.0/toolchain/arm/arm-gnu-toolchain/bin/../lib/gcc/arm-none-eabi/6.3.1/thumb/v6-m\libgcc.a(divdf3.o)
                              at30tse75x.o (__aeabi_ddiv)
c:/program files (x86)/atmel/studio/7.0/toolchain/arm/arm-gnu-toolchain/bin/../lib/gcc/arm-none-eabi/6.3.1/thumb/v6-m\libgcc.a(muldf3.o)
                              at30tse75x.o (__aeabi_dmul)
c:/program files (x86)/atmel/studio/7.0/toolchain/arm/arm-gnu-toolchain/bin/../lib/gcc/arm-none-eabi/6.3.1/thumb/v6-m\libgcc.a(subdf3.o)
                              hpl/sercom/hpl_sercom.o (__aeabi_dsub)
c:/program files (x86)/atmel/studio/7.0/toolchain/arm/arm-gnu-toolchain/bin/../lib/gcc/arm-none-eabi/6.3.1/thumb/v6-m\libgcc.a(fixdfsi.o)
                              c:/program files (x86)/atmel/studio/7.0/toolchain/arm/arm-gnu-toolchain/bin/../lib/gcc/arm-none-eabi/6.3.1/thumb/v6-m\libgcc.a(_fixunsdfsi.o) (__aeabi_d2iz)
c:/program files (x86)/atmel/studio/7.0/toolchain/arm/arm-gnu-toolchain/bin/../lib/gcc/arm-none-eabi/6.3.1/thumb/v6-m\libgcc.a(floatsidf.o)
                              at30tse75x.o (__aeabi_i2d)
c:/program files (x86)/atmel/studio/7.0/toolchain/arm/arm-gnu-toolchain/bin/../lib/gcc/arm-none-eabi/6.3.1/thumb/v6-m\libgcc.a(floatunsidf.o)
                              hpl/sercom/hpl_sercom.o (__aeabi_ui2d)
c:/program files (x86)/atmel/studio/7.0/toolchain/arm/arm-gnu-toolchain/bin/../lib/gcc/arm-none-eabi/6.3.1/thumb/v6-m\libgcc.a(extendsfdf2.o)
                              at30tse75x.o (__aeabi_f2d)
c:/program files (x86)/atmel/studio/7.0/toolchain/arm/arm-gnu-toolchain/bin/../lib/gcc/arm-none-eabi/6.3.1/thumb/v6-m\libgcc.a(truncdfsf2.o)
                              at30tse75x.o (__aeabi_d2f)
c:/program files (x86)/atmel/studio/7.0/toolchain/arm/arm-gnu-toolchain/bin/../lib/gcc/arm-none-eabi/6.3.1/thumb/v6-m\libgcc.a(_arm_cmpdf2.o)
[...]
Memory Configuration

Name             Origin             Length             Attributes
rom              0x00000000         0x00040000         xr
ram              0x20000000         0x00008000         xrw
*default*        0x00000000         0xffffffff

Linker script and memory map

LOAD c:/program files (x86)/atmel/studio/7.0/toolchain/arm/arm-gnu-toolchain/bin/../lib/gcc/arm-none-eabi/6.3.1/thumb/v6-m/crti.o
LOAD c:/program files (x86)/atmel/studio/7.0/toolchain/arm/arm-gnu-toolchain/bin/../lib/gcc/arm-none-eabi/6.3.1/thumb/v6-m/crtbegin.o
LOAD c:/program files (x86)/atmel/studio/7.0/toolchain/arm/arm-gnu-toolchain/bin/../lib/gcc/arm-none-eabi/6.3.1/../../../../arm-none-eabi/lib/thumb/v6-m/crt0.o
LOAD at30tse75x.o
LOAD atmel_start.o
LOAD Device_Startup/startup_samr21.o
LOAD Device_Startup/system_samr21.o
LOAD driver_init.o
LOAD examples/driver_examples.o
LOAD hal/src/hal_adc_async.o
LOAD hal/src/hal_atomic.o
LOAD hal/src/hal_delay.o
LOAD hal/src/hal_gpio.o
LOAD hal/src/hal_i2c_m_sync.o
LOAD hal/src/hal_init.o
LOAD hal/src/hal_io.o
LOAD hal/src/hal_sleep.o
LOAD hal/src/hal_usart_sync.o
LOAD hal/utils/src/utils_assert.o
LOAD hal/utils/src/utils_event.o
LOAD hal/utils/src/utils_list.o
LOAD hal/utils/src/utils_ringbuffer.o
LOAD hal/utils/src/utils_syscalls.o
LOAD hpl/adc/hpl_adc.o
LOAD hpl/core/hpl_core_m0plus_base.o
LOAD hpl/core/hpl_init.o
LOAD hpl/dmac/hpl_dmac.o
LOAD hpl/gclk/hpl_gclk.o
LOAD hpl/pm/hpl_pm.o
LOAD hpl/sercom/hpl_sercom.o
LOAD hpl/sysctrl/hpl_sysctrl.o
LOAD hpl/systick/hpl_systick.o
LOAD IO1X_Plained_drivers.o
LOAD main.o
LOAD stdio_redirect/gcc/read.o
LOAD stdio_redirect/gcc/write.o
LOAD stdio_redirect/stdio_io.o
LOAD stdio_start.o
LOAD temperature_sensor.o
START GROUP
LOAD c:/program files (x86)/atmel/studio/7.0/toolchain/arm/arm-gnu-toolchain/bin/../lib/gcc/arm-none-eabi/6.3.1/../../../../arm-none-eabi/lib/thumb/v6-m\libm.a
END GROUP
START GROUP
LOAD c:/program files (x86)/atmel/studio/7.0/toolchain/arm/arm-gnu-toolchain/bin/../lib/gcc/arm-none-eabi/6.3.1/thumb/v6-m\libgcc.a
LOAD c:/program files (x86)/atmel/studio/7.0/toolchain/arm/arm-gnu-toolchain/bin/../lib/gcc/arm-none-eabi/6.3.1/../../../../arm-none-eabi/lib/thumb/v6-m\libc_nano.a
END GROUP
START GROUP
LOAD c:/program files (x86)/atmel/studio/7.0/toolchain/arm/arm-gnu-toolchain/bin/../lib/gcc/arm-none-eabi/6.3.1/thumb/v6-m\libgcc.a
LOAD c:/program files (x86)/atmel/studio/7.0/toolchain/arm/arm-gnu-toolchain/bin/../lib/gcc/arm-none-eabi/6.3.1/../../../../arm-none-eabi/lib/thumb/v6-m\libc_nano.a
END GROUP
LOAD c:/program files (x86)/atmel/studio/7.0/toolchain/arm/arm-gnu-toolchain/bin/../lib/gcc/arm-none-eabi/6.3.1/thumb/v6-m/crtend.o
LOAD c:/program files (x86)/atmel/studio/7.0/toolchain/arm/arm-gnu-toolchain/bin/../lib/gcc/arm-none-eabi/6.3.1/thumb/v6-m/crtn.o
                0x00002000                STACK_SIZE = DEFINED (STACK_SIZE)?STACK_SIZE:DEFINED (__stack_size__)?__stack_size__:0x2000

.text           0x00000000     0x526c
                0x00000000                . = ALIGN (0x4)
                0x00000000                _sfixed = .
 *(.vectors .vectors.*)
 .vectors       0x00000000       0xb4 Device_Startup/startup_samr21.o
                0x00000000                exception_table
 *(.text .text.* .gnu.linkonce.t.*)
 .text          0x000000b4       0x60 c:/program files (x86)/atmel/studio/7.0/toolchain/arm/arm-gnu-toolchain/bin/../lib/gcc/arm-none-eabi/6.3.1/thumb/v6-m/crtbegin.o
 .text.at30tse75x_read
                0x00000114       0xd0 at30tse75x.o
                0x00000114                at30tse75x_read
 .text.at30tse75x_construct
                0x000001e4       0x50 at30tse75x.o
                0x000001e4                at30tse75x_construct
 .text.atmel_start_init
                0x00000234       0x14 atmel_start.o
                0x00000234                atmel_start_init
 .text.Dummy_Handler
                0x00000248        0x2 Device_Startup/startup_samr21.o
                0x00000248                DMAC_Handler
                0x00000248                HardFault_Handler
                0x00000248                AC_Handler
                0x00000248                SysTick_Handler
                0x00000248                PendSV_Handler
                0x00000248                NMI_Handler
                0x00000248                TC7_Handler
                0x00000248                SERCOM1_Handler
                0x00000248                TCC1_Handler
                0x00000248                SERCOM2_Handler
                0x00000248                TCC0_Handler
                0x00000248                RTC_Handler
                0x00000248                EIC_Handler
                0x00000248                TC6_Handler
                0x00000248                WDT_Handler
                0x00000248                TC4_Handler
                0x00000248                USB_Handler
                0x00000248                TC3_Handler
                0x00000248                Dummy_Handler
                0x00000248                PM_Handler
                0x00000248                SERCOM5_Handler
                0x00000248                SVC_Handler
                0x00000248                TCC2_Handler
                0x00000248                EVSYS_Handler
                0x00000248                SERCOM3_Handler
                0x00000248                SERCOM4_Handler
                0x00000248                NVMCTRL_Handler
                0x00000248                SERCOM0_Handler
                0x00000248                DAC_Handler
                0x00000248                PTC_Handler
                0x00000248                TC5_Handler
                0x00000248                SYSCTRL_Handler
 *fill*         0x0000024a        0x2 
 .text.Reset_Handler
                0x0000024c       0xc4 Device_Startup/startup_samr21.o
                0x0000024c                Reset_Handler
 .text.Light_sensor_ADC_init
                0x00000310       0xa0 driver_init.o
                0x00000310                Light_sensor_ADC_init
 .text.USART_debug_PORT_init
                0x000003b0       0x44 driver_init.o
                0x000003b0                USART_debug_PORT_init
 .text.USART_debug_CLOCK_init
                0x000003f4       0x20 driver_init.o
                0x000003f4                USART_debug_CLOCK_init
 .text.USART_debug_init
                0x00000414       0x2c driver_init.o
                0x00000414                USART_debug_init
 .text.I2C_temperature_PORT_init
                0x00000440       0x54 driver_init.o
                0x00000440                I2C_temperature_PORT_init
 .text.I2C_temperature_CLOCK_init
                0x00000494       0x28 driver_init.o
                0x00000494                I2C_temperature_CLOCK_init
 .text.I2C_temperature_init
                0x000004bc       0x28 driver_init.o
                0x000004bc                I2C_temperature_init
 .text.delay_driver_init
                0x000004e4       0x14 driver_init.o
                0x000004e4                delay_driver_init
 .text.system_init
                0x000004f8       0x58 driver_init.o
                0x000004f8                system_init
 .text.adc_async_window_threshold_reached
                0x00000550        0xc hal/src/hal_adc_async.o
 .text.adc_async_error_occured
                0x0000055c        0xc hal/src/hal_adc_async.o
 .text.adc_async_channel_conversion_done
                0x00000568       0x60 hal/src/hal_adc_async.o
 .text.adc_async_init
                0x000005c8       0xb4 hal/src/hal_adc_async.o
                0x000005c8                adc_async_init
 .text.adc_async_register_channel_buffer
                0x0000067c       0xb8 hal/src/hal_adc_async.o
                0x0000067c                adc_async_register_channel_buffer
 .text.adc_async_enable_channel
                0x00000734       0x40 hal/src/hal_adc_async.o
                0x00000734                adc_async_enable_channel
 .text.adc_async_register_callback
                0x00000774       0x7c hal/src/hal_adc_async.o
                0x00000774                adc_async_register_callback
 .text.adc_async_read_channel
                0x000007f0       0xd8 hal/src/hal_adc_async.o
                0x000007f0                adc_async_read_channel
 .text.adc_async_start_conversion
                0x000008c8       0x28 hal/src/hal_adc_async.o
                0x000008c8                adc_async_start_conversion
 .text.atomic_enter_critical
                0x000008f0        0xe hal/src/hal_atomic.o
                0x000008f0                atomic_enter_critical
 .text.atomic_leave_critical
                0x000008fe        0xc hal/src/hal_atomic.o
                0x000008fe                atomic_leave_critical
 *fill*         0x0000090a        0x2 
 .text.delay_init
                0x0000090c       0x14 hal/src/hal_delay.o
                0x0000090c                delay_init
 .text.delay_ms
                0x00000920       0x20 hal/src/hal_delay.o
                0x00000920                delay_ms
 .text.i2c_m_sync_write
                0x00000940       0x34 hal/src/hal_i2c_m_sync.o
 .text.i2c_m_sync_read
                0x00000974       0x34 hal/src/hal_i2c_m_sync.o
 .text.i2c_m_sync_init
                0x000009a8       0x40 hal/src/hal_i2c_m_sync.o
                0x000009a8                i2c_m_sync_init
 .text.i2c_m_sync_enable
                0x000009e8        0xc hal/src/hal_i2c_m_sync.o
                0x000009e8                i2c_m_sync_enable
 .text.i2c_m_sync_set_slaveaddr
                0x000009f4       0x12 hal/src/hal_i2c_m_sync.o
                0x000009f4                i2c_m_sync_set_slaveaddr
 *fill*         0x00000a06        0x2 
 .text.io_write
                0x00000a08       0x38 hal/src/hal_io.o
                0x00000a08                io_write
 .text.io_read  0x00000a40       0x38 hal/src/hal_io.o
                0x00000a40                io_read
 .text.usart_sync_write
                0x00000a78       0x74 hal/src/hal_usart_sync.o
 .text.usart_sync_read
                0x00000aec       0x6c hal/src/hal_usart_sync.o
 .text.usart_sync_init
                0x00000b58       0x4c hal/src/hal_usart_sync.o
                0x00000b58                usart_sync_init
 .text.usart_sync_enable
                0x00000ba4       0x2c hal/src/hal_usart_sync.o
                0x00000ba4                usart_sync_enable
 .text.usart_sync_get_io_descriptor
                0x00000bd0       0x30 hal/src/hal_usart_sync.o
                0x00000bd0                usart_sync_get_io_descriptor
 .text.assert   0x00000c00        0x8 hal/utils/src/utils_assert.o
                0x00000c00                assert
 .text.ringbuffer_init
                0x00000c08       0x4c hal/utils/src/utils_ringbuffer.o
                0x00000c08                ringbuffer_init
 .text.ringbuffer_get
                0x00000c54       0x4c hal/utils/src/utils_ringbuffer.o
                0x00000c54                ringbuffer_get
 .text.ringbuffer_put
                0x00000ca0       0x40 hal/utils/src/utils_ringbuffer.o
                0x00000ca0                ringbuffer_put
 .text.ringbuffer_num
                0x00000ce0       0x24 hal/utils/src/utils_ringbuffer.o
                0x00000ce0                ringbuffer_num
 .text._sbrk    0x00000d04       0x24 hal/utils/src/utils_syscalls.o
                0x00000d04                _sbrk
 .text._close   0x00000d28        0x6 hal/utils/src/utils_syscalls.o
                0x00000d28                _close
 .text._fstat   0x00000d2e        0xa hal/utils/src/utils_syscalls.o
                0x00000d2e                _fstat
 .text._isatty  0x00000d38        0x4 hal/utils/src/utils_syscalls.o
                0x00000d38                _isatty
 .text._lseek   0x00000d3c        0x4 hal/utils/src/utils_syscalls.o
                0x00000d3c                _lseek
 .text._adc_get_hardware_index
                0x00000d40        0x4 hpl/adc/hpl_adc.o
 .text._adc_get_regs
                0x00000d44       0x40 hpl/adc/hpl_adc.o
 .text._adc_init
                0x00000d84       0xbc hpl/adc/hpl_adc.o
 .text._adc_async_init
                0x00000e40       0x60 hpl/adc/hpl_adc.o
                0x00000e40                _adc_async_init
 .text._adc_async_enable_channel
                0x00000ea0        0xe hpl/adc/hpl_adc.o
                0x00000ea0                _adc_async_enable_channel
 .text._adc_async_get_data_size
                0x00000eae       0x1c hpl/adc/hpl_adc.o
                0x00000eae                _adc_async_get_data_size
 .text._adc_async_convert
                0x00000eca       0x14 hpl/adc/hpl_adc.o
                0x00000eca                _adc_async_convert
 .text._adc_async_set_irq_state
                0x00000ede       0x3e hpl/adc/hpl_adc.o
                0x00000ede                _adc_async_set_irq_state
 .text.ADC_Handler
                0x00000f1c       0x48 hpl/adc/hpl_adc.o
                0x00000f1c                ADC_Handler
 .text._get_cycles_for_ms
                0x00000f64        0xc hpl/core/hpl_core_m0plus_base.o
                0x00000f64                _get_cycles_for_ms
 .text._init_chip
                0x00000f70       0x34 hpl/core/hpl_init.o
                0x00000f70                _init_chip
 .text._gclk_init_generators_by_fref
                0x00000fa4       0x18 hpl/gclk/hpl_gclk.o
                0x00000fa4                _gclk_init_generators_by_fref
 .text._pm_init
                0x00000fbc       0x20 hpl/pm/hpl_pm.o
                0x00000fbc                _pm_init
 .text._sercom_get_hardware_index
                0x00000fdc       0x10 hpl/sercom/hpl_sercom.o
 .text._get_sercom_index
                0x00000fec       0x44 hpl/sercom/hpl_sercom.o
 .text._usart_init
                0x00001030       0xc4 hpl/sercom/hpl_sercom.o
 .text._get_i2cm_index
                0x000010f4       0x48 hpl/sercom/hpl_sercom.o
 .text._i2c_m_sync_init_impl
                0x0000113c       0xa0 hpl/sercom/hpl_sercom.o
 .text._sercom_i2c_sync_send_address
                0x000011dc      0x240 hpl/sercom/hpl_sercom.o
 .text._usart_sync_init
                0x0000141c       0x2c hpl/sercom/hpl_sercom.o
                0x0000141c                _usart_sync_init
 .text._usart_sync_enable
                0x00001448       0x12 hpl/sercom/hpl_sercom.o
                0x00001448                _usart_sync_enable
 .text._usart_sync_write_byte
                0x0000145a        0x8 hpl/sercom/hpl_sercom.o
                0x0000145a                _usart_sync_write_byte
 .text._usart_sync_read_byte
                0x00001462        0x8 hpl/sercom/hpl_sercom.o
                0x00001462                _usart_sync_read_byte
 .text._usart_sync_is_ready_to_send
                0x0000146a        0xa hpl/sercom/hpl_sercom.o
                0x0000146a                _usart_sync_is_ready_to_send
 .text._usart_sync_is_transmit_done
                0x00001474        0xc hpl/sercom/hpl_sercom.o
                0x00001474                _usart_sync_is_transmit_done
 .text._usart_sync_is_byte_received
                0x00001480        0xc hpl/sercom/hpl_sercom.o
                0x00001480                _usart_sync_is_byte_received
 .text._i2c_m_sync_init
                0x0000148c       0x30 hpl/sercom/hpl_sercom.o
                0x0000148c                _i2c_m_sync_init
 .text._i2c_m_sync_enable
                0x000014bc       0x80 hpl/sercom/hpl_sercom.o
                0x000014bc                _i2c_m_sync_enable
 .text._i2c_m_sync_transfer
                0x0000153c      0x264 hpl/sercom/hpl_sercom.o
                0x0000153c                _i2c_m_sync_transfer
 .text._sysctrl_init_sources
                0x000017a0       0x4c hpl/sysctrl/hpl_sysctrl.o
                0x000017a0                _sysctrl_init_sources
 .text._sysctrl_init_referenced_generators
                0x000017ec       0x10 hpl/sysctrl/hpl_sysctrl.o
                0x000017ec                _sysctrl_init_referenced_generators
 .text._system_time_init
                0x000017fc       0x14 hpl/systick/hpl_systick.o
                0x000017fc                _system_time_init
 .text._delay_init
                0x00001810        0xc hpl/systick/hpl_systick.o
                0x00001810                _delay_init
 .text._delay_cycles
                0x0000181c       0x40 hpl/systick/hpl_systick.o
                0x0000181c                _delay_cycles
 .text.convert_cb_Light_sensor_ADC
                0x0000185c        0xc IO1X_Plained_drivers.o
 .text.sensors_init
                0x00001868       0x74 IO1X_Plained_drivers.o
                0x00001868                sensors_init
 .text.GET_light_sensor
                0x000018dc       0x90 IO1X_Plained_drivers.o
                0x000018dc                GET_light_sensor
 .text.GET_temperature_sensor
                0x0000196c       0x20 IO1X_Plained_drivers.o
                0x0000196c                GET_temperature_sensor
 .text.SET_IO1X_LED_ON
                0x0000198c        0xc IO1X_Plained_drivers.o
                0x0000198c                SET_IO1X_LED_ON
 .text.SET_IO1X_LED_OFF
                0x00001998        0xc IO1X_Plained_drivers.o
                0x00001998                SET_IO1X_LED_OFF
 .text.floatToString
                0x000019a4       0xcc IO1X_Plained_drivers.o
                0x000019a4                floatToString
 .text.main     0x00001a70       0x84 main.o
                0x00001a70                main
 .text._read    0x00001af4       0x28 stdio_redirect/gcc/read.o
                0x00001af4                _read
 .text._write   0x00001b1c       0x28 stdio_redirect/gcc/write.o
                0x00001b1c                _write
 .text.stdio_io_init
                0x00001b44       0x2c stdio_redirect/stdio_io.o
                0x00001b44                stdio_io_init
 .text.stdio_io_read
                0x00001b70       0x24 stdio_redirect/stdio_io.o
                0x00001b70                stdio_io_read
 .text.stdio_io_write
                0x00001b94       0x24 stdio_redirect/stdio_io.o
                0x00001b94                stdio_io_write
 .text.stdio_redirect_init
                0x00001bb8       0x20 stdio_start.o
                0x00001bb8                stdio_redirect_init
 .text.temperature_sensor_construct
                0x00001bd8        0x6 temperature_sensor.o
                0x00001bd8                temperature_sensor_construct
 .text.temperature_sensor_read
                0x00001bde        0xa temperature_sensor.o
                0x00001bde                temperature_sensor_read
 .text          0x00001be8      0x114 c:/program files (x86)/atmel/studio/7.0/toolchain/arm/arm-gnu-toolchain/bin/../lib/gcc/arm-none-eabi/6.3.1/thumb/v6-m\libgcc.a(_udivsi3.o)
                0x00001be8                __aeabi_uidiv
                0x00001be8                __udivsi3
                0x00001cf4                __aeabi_uidivmod
 .text          0x00001cfc      0x1d4 c:/program files (x86)/atmel/studio/7.0/toolchain/arm/arm-gnu-toolchain/bin/../lib/gcc/arm-none-eabi/6.3.1/thumb/v6-m\libgcc.a(_divsi3.o)
                0x00001cfc                __divsi3
                0x00001cfc                __aeabi_idiv
                0x00001ec8                __aeabi_idivmod
 .text          0x00001ed0        0x4 c:/program files (x86)/atmel/studio/7.0/toolchain/arm/arm-gnu-toolchain/bin/../lib/gcc/arm-none-eabi/6.3.1/thumb/v6-m\libgcc.a(_dvmd_tls.o)
                0x00001ed0                __aeabi_idiv0
                0x00001ed0                __aeabi_ldiv0
 .text          0x00001ed4       0x30 c:/program files (x86)/atmel/studio/7.0/toolchain/arm/arm-gnu-toolchain/bin/../lib/gcc/arm-none-eabi/6.3.1/thumb/v6-m\libgcc.a(_fixunssfsi.o)
                0x00001ed4                __fixunssfsi
                0x00001ed4                __aeabi_f2uiz
 .text          0x00001f04      0x240 c:/program files (x86)/atmel/studio/7.0/toolchain/arm/arm-gnu-toolchain/bin/../lib/gcc/arm-none-eabi/6.3.1/thumb/v6-m\libgcc.a(mulsf3.o)
                0x00001f04                __aeabi_fmul
 .text          0x00002144      0x338 c:/program files (x86)/atmel/studio/7.0/toolchain/arm/arm-gnu-toolchain/bin/../lib/gcc/arm-none-eabi/6.3.1/thumb/v6-m\libgcc.a(subsf3.o)
                0x00002144                __aeabi_fsub
 .text          0x0000247c       0x40 c:/program files (x86)/atmel/studio/7.0/toolchain/arm/arm-gnu-toolchain/bin/../lib/gcc/arm-none-eabi/6.3.1/thumb/v6-m\libgcc.a(fixsfsi.o)
                0x0000247c                __aeabi_f2iz
 .text          0x000024bc       0xa0 c:/program files (x86)/atmel/studio/7.0/toolchain/arm/arm-gnu-toolchain/bin/../lib/gcc/arm-none-eabi/6.3.1/thumb/v6-m\libgcc.a(floatsisf.o)
                0x000024bc                __aeabi_i2f
 .text          0x0000255c       0x8c c:/program files (x86)/atmel/studio/7.0/toolchain/arm/arm-gnu-toolchain/bin/../lib/gcc/arm-none-eabi/6.3.1/thumb/v6-m\libgcc.a(floatunsisf.o)
                0x0000255c                __aeabi_ui2f
 .text          0x000025e8      0x668 c:/program files (x86)/atmel/studio/7.0/toolchain/arm/arm-gnu-toolchain/bin/../lib/gcc/arm-none-eabi/6.3.1/thumb/v6-m\libgcc.a(divdf3.o)
                0x000025e8                __aeabi_ddiv
 .text          0x00002c50      0x500 c:/program files (x86)/atmel/studio/7.0/toolchain/arm/arm-gnu-toolchain/bin/../lib/gcc/arm-none-eabi/6.3.1/thumb/v6-m\libgcc.a(muldf3.o)
                0x00002c50                __aeabi_dmul
 .text          0x00003150      0x62c c:/program files (x86)/atmel/studio/7.0/toolchain/arm/arm-gnu-toolchain/bin/../lib/gcc/arm-none-eabi/6.3.1/thumb/v6-m\libgcc.a(subdf3.o)
                0x00003150                __aeabi_dsub
 .text          0x0000377c       0x84 c:/program files (x86)/atmel/studio/7.0/toolchain/arm/arm-gnu-toolchain/bin/../lib/gcc/arm-none-eabi/6.3.1/thumb/v6-m\libgcc.a(floatsidf.o)
                0x0000377c                __aeabi_i2d
 .text          0x00003800       0xa4 c:/program files (x86)/atmel/studio/7.0/toolchain/arm/arm-gnu-toolchain/bin/../lib/gcc/arm-none-eabi/6.3.1/thumb/v6-m\libgcc.a(extendsfdf2.o)
                0x00003800                __aeabi_f2d
 .text          0x000038a4      0x114 c:/program files (x86)/atmel/studio/7.0/toolchain/arm/arm-gnu-toolchain/bin/../lib/gcc/arm-none-eabi/6.3.1/thumb/v6-m\libgcc.a(truncdfsf2.o)
                0x000038a4                __aeabi_d2f
 .text          0x000039b8       0x74 c:/program files (x86)/atmel/studio/7.0/toolchain/arm/arm-gnu-toolchain/bin/../lib/gcc/arm-none-eabi/6.3.1/thumb/v6-m\libgcc.a(_arm_cmpsf2.o)
                0x000039b8                __aeabi_cfrcmple
                0x000039c0                __aeabi_cfcmpeq
                0x000039c0                __aeabi_cfcmple
                0x000039d0                __aeabi_fcmpeq
                0x000039dc                __aeabi_fcmplt
                0x000039f0                __aeabi_fcmple
                0x00003a04                __aeabi_fcmpgt
                0x00003a18                __aeabi_fcmpge
 .text          0x00003a2c       0x3c c:/program files (x86)/atmel/studio/7.0/toolchain/arm/arm-gnu-toolchain/bin/../lib/gcc/arm-none-eabi/6.3.1/thumb/v6-m\libgcc.a(_clzsi2.o)
                0x00003a2c                __clzsi2
 .text          0x00003a68       0x4c c:/program files (x86)/atmel/studio/7.0/toolchain/arm/arm-gnu-toolchain/bin/../lib/gcc/arm-none-eabi/6.3.1/thumb/v6-m\libgcc.a(eqsf2.o)
                0x00003a68                __eqsf2
                0x00003a68                __nesf2
 .text          0x00003ab4       0x80 c:/program files (x86)/atmel/studio/7.0/toolchain/arm/arm-gnu-toolchain/bin/../lib/gcc/arm-none-eabi/6.3.1/thumb/v6-m\libgcc.a(gesf2.o)
                0x00003ab4                __gesf2
                0x00003ab4                __gtsf2
 .text          0x00003b34       0x84 c:/program files (x86)/atmel/studio/7.0/toolchain/arm/arm-gnu-toolchain/bin/../lib/gcc/arm-none-eabi/6.3.1/thumb/v6-m\libgcc.a(lesf2.o)
                0x00003b34                __ltsf2
                0x00003b34                __lesf2
 .text.__libc_init_array
                0x00003bb8       0x48 c:/program files (x86)/atmel/studio/7.0/toolchain/arm/arm-gnu-toolchain/bin/../lib/gcc/arm-none-eabi/6.3.1/../../../../arm-none-eabi/lib/thumb/v6-m\libc_nano.a(lib_a-init.o)
                0x00003bb8                __libc_init_array
 .text.memset   0x00003c00       0x10 c:/program files (x86)/atmel/studio/7.0/toolchain/arm/arm-gnu-toolchain/bin/../lib/gcc/arm-none-eabi/6.3.1/../../../../arm-none-eabi/lib/thumb/v6-m\libc_nano.a(lib_a-memset.o)
                0x00003c00                memset
 .text.printf   0x00003c10       0x34 c:/program files (x86)/atmel/studio/7.0/toolchain/arm/arm-gnu-toolchain/bin/../lib/gcc/arm-none-eabi/6.3.1/../../../../arm-none-eabi/lib/thumb/v6-m\libc_nano.a(lib_a-printf.o)
                0x00003c10                iprintf
                0x00003c10                printf
 .text.setbuf   0x00003c44       0x12 c:/program files (x86)/atmel/studio/7.0/toolchain/arm/arm-gnu-toolchain/bin/../lib/gcc/arm-none-eabi/6.3.1/../../../../arm-none-eabi/lib/thumb/v6-m\libc_nano.a(lib_a-setbuf.o)
                0x00003c44                setbuf
 *fill*         0x00003c56        0x2 
 .text.setvbuf  0x00003c58      0x158 c:/program files (x86)/atmel/studio/7.0/toolchain/arm/arm-gnu-toolchain/bin/../lib/gcc/arm-none-eabi/6.3.1/../../../../arm-none-eabi/lib/thumb/v6-m\libc_nano.a(lib_a-setvbuf.o)
                0x00003c58                setvbuf
 .text.sprintf  0x00003db0       0x44 c:/program files (x86)/atmel/studio/7.0/toolchain/arm/arm-gnu-toolchain/bin/../lib/gcc/arm-none-eabi/6.3.1/../../../../arm-none-eabi/lib/thumb/v6-m\libc_nano.a(lib_a-sprintf.o)
                0x00003db0                siprintf
                0x00003db0                sprintf
 .text.__swbuf_r
                0x00003df4       0xac c:/program files (x86)/atmel/studio/7.0/toolchain/arm/arm-gnu-toolchain/bin/../lib/gcc/arm-none-eabi/6.3.1/../../../../arm-none-eabi/lib/thumb/v6-m\libc_nano.a(lib_a-wbuf.o)
                0x00003df4                __swbuf_r
 .text.__swsetup_r
                0x00003ea0       0xec c:/program files (x86)/atmel/studio/7.0/toolchain/arm/arm-gnu-toolchain/bin/../lib/gcc/arm-none-eabi/6.3.1/../../../../arm-none-eabi/lib/thumb/v6-m\libc_nano.a(lib_a-wsetup.o)
                0x00003ea0                __swsetup_r
 .text.__sflush_r
                0x00003f8c      0x114 c:/program files (x86)/atmel/studio/7.0/toolchain/arm/arm-gnu-toolchain/bin/../lib/gcc/arm-none-eabi/6.3.1/../../../../arm-none-eabi/lib/thumb/v6-m\libc_nano.a(lib_a-fflush.o)
                0x00003f8c                __sflush_r
 .text._fflush_r
                0x000040a0       0x58 c:/program files (x86)/atmel/studio/7.0/toolchain/arm/arm-gnu-toolchain/bin/../lib/gcc/arm-none-eabi/6.3.1/../../../../arm-none-eabi/lib/thumb/v6-m\libc_nano.a(lib_a-fflush.o)
                0x000040a0                _fflush_r
 .text._cleanup_r
                0x000040f8       0x10 c:/program files (x86)/atmel/studio/7.0/toolchain/arm/arm-gnu-toolchain/bin/../lib/gcc/arm-none-eabi/6.3.1/../../../../arm-none-eabi/lib/thumb/v6-m\libc_nano.a(lib_a-findfp.o)
                0x000040f8                _cleanup_r
 .text.std.isra.0
                0x00004108       0x48 c:/program files (x86)/atmel/studio/7.0/toolchain/arm/arm-gnu-toolchain/bin/../lib/gcc/arm-none-eabi/6.3.1/../../../../arm-none-eabi/lib/thumb/v6-m\libc_nano.a(lib_a-findfp.o)
 .text.__sfmoreglue
                0x00004150       0x2c c:/program files (x86)/atmel/studio/7.0/toolchain/arm/arm-gnu-toolchain/bin/../lib/gcc/arm-none-eabi/6.3.1/../../../../arm-none-eabi/lib/thumb/v6-m\libc_nano.a(lib_a-findfp.o)
                0x00004150                __sfmoreglue
 .text.__sinit  0x0000417c       0x68 c:/program files (x86)/atmel/studio/7.0/toolchain/arm/arm-gnu-toolchain/bin/../lib/gcc/arm-none-eabi/6.3.1/../../../../arm-none-eabi/lib/thumb/v6-m\libc_nano.a(lib_a-findfp.o)
                0x0000417c                __sinit
 .text.__sfp    0x000041e4       0x80 c:/program files (x86)/atmel/studio/7.0/toolchain/arm/arm-gnu-toolchain/bin/../lib/gcc/arm-none-eabi/6.3.1/../../../../arm-none-eabi/lib/thumb/v6-m\libc_nano.a(lib_a-findfp.o)
                0x000041e4                __sfp
 .text._fwalk_reent
                0x00004264       0x42 c:/program files (x86)/atmel/studio/7.0/toolchain/arm/arm-gnu-toolchain/bin/../lib/gcc/arm-none-eabi/6.3.1/../../../../arm-none-eabi/lib/thumb/v6-m\libc_nano.a(lib_a-fwalk.o)
                0x00004264                _fwalk_reent
 *fill*         0x000042a6        0x2 
 .text.__swhatbuf_r
                0x000042a8       0x50 c:/program files (x86)/atmel/studio/7.0/toolchain/arm/arm-gnu-toolchain/bin/../lib/gcc/arm-none-eabi/6.3.1/../../../../arm-none-eabi/lib/thumb/v6-m\libc_nano.a(lib_a-makebuf.o)
                0x000042a8                __swhatbuf_r
 .text.__smakebuf_r
                0x000042f8       0x88 c:/program files (x86)/atmel/studio/7.0/toolchain/arm/arm-gnu-toolchain/bin/../lib/gcc/arm-none-eabi/6.3.1/../../../../arm-none-eabi/lib/thumb/v6-m\libc_nano.a(lib_a-makebuf.o)
                0x000042f8                __smakebuf_r
 .text.malloc   0x00004380       0x14 c:/program files (x86)/atmel/studio/7.0/toolchain/arm/arm-gnu-toolchain/bin/../lib/gcc/arm-none-eabi/6.3.1/../../../../arm-none-eabi/lib/thumb/v6-m\libc_nano.a(lib_a-malloc.o)
                0x00004380                malloc
 .text._free_r  0x00004394       0x94 c:/program files (x86)/atmel/studio/7.0/toolchain/arm/arm-gnu-toolchain/bin/../lib/gcc/arm-none-eabi/6.3.1/../../../../arm-none-eabi/lib/thumb/v6-m\libc_nano.a(lib_a-nano-freer.o)
                0x00004394                _free_r
 .text._malloc_r
                0x00004428       0xbc c:/program files (x86)/atmel/studio/7.0/toolchain/arm/arm-gnu-toolchain/bin/../lib/gcc/arm-none-eabi/6.3.1/../../../../arm-none-eabi/lib/thumb/v6-m\libc_nano.a(lib_a-nano-mallocr.o)
                0x00004428                _malloc_r
 .text.__ssputs_r
                0x000044e4       0xc4 c:/program files (x86)/atmel/studio/7.0/toolchain/arm/arm-gnu-toolchain/bin/../lib/gcc/arm-none-eabi/6.3.1/../../../../arm-none-eabi/lib/thumb/v6-m\libc_nano.a(lib_a-nano-svfprintf.o)
                0x000044e4                __ssputs_r
 .text._svfprintf_r
                0x000045a8      0x208 c:/program files (x86)/atmel/studio/7.0/toolchain/arm/arm-gnu-toolchain/bin/../lib/gcc/arm-none-eabi/6.3.1/../../../../arm-none-eabi/lib/thumb/v6-m\libc_nano.a(lib_a-nano-svfprintf.o)
                0x000045a8                _svfiprintf_r
                0x000045a8                _svfprintf_r
 .text.__sfputc_r
                0x000047b0       0x2a c:/program files (x86)/atmel/studio/7.0/toolchain/arm/arm-gnu-toolchain/bin/../lib/gcc/arm-none-eabi/6.3.1/../../../../arm-none-eabi/lib/thumb/v6-m\libc_nano.a(lib_a-nano-vfprintf.o)
 .text.__sfputs_r
                0x000047da       0x24 c:/program files (x86)/atmel/studio/7.0/toolchain/arm/arm-gnu-toolchain/bin/../lib/gcc/arm-none-eabi/6.3.1/../../../../arm-none-eabi/lib/thumb/v6-m\libc_nano.a(lib_a-nano-vfprintf.o)
                0x000047da                __sfputs_r
 *fill*         0x000047fe        0x2 
 .text._vfprintf_r
                0x00004800      0x238 c:/program files (x86)/atmel/studio/7.0/toolchain/arm/arm-gnu-toolchain/bin/../lib/gcc/arm-none-eabi/6.3.1/../../../../arm-none-eabi/lib/thumb/v6-m\libc_nano.a(lib_a-nano-vfprintf.o)
                0x00004800                _vfprintf_r
                0x00004800                _vfiprintf_r
 .text._printf_common
                0x00004a38       0xda c:/program files (x86)/atmel/studio/7.0/toolchain/arm/arm-gnu-toolchain/bin/../lib/gcc/arm-none-eabi/6.3.1/../../../../arm-none-eabi/lib/thumb/v6-m\libc_nano.a(lib_a-nano-vfprintf_i.o)
                0x00004a38                _printf_common
 *fill*         0x00004b12        0x2 
 .text._printf_i
                0x00004b14      0x234 c:/program files (x86)/atmel/studio/7.0/toolchain/arm/arm-gnu-toolchain/bin/../lib/gcc/arm-none-eabi/6.3.1/../../../../arm-none-eabi/lib/thumb/v6-m\libc_nano.a(lib_a-nano-vfprintf_i.o)
                0x00004b14                _printf_i
 .text._sbrk_r  0x00004d48       0x24 c:/program files (x86)/atmel/studio/7.0/toolchain/arm/arm-gnu-toolchain/bin/../lib/gcc/arm-none-eabi/6.3.1/../../../../arm-none-eabi/lib/thumb/v6-m\libc_nano.a(lib_a-sbrkr.o)
                0x00004d48                _sbrk_r
 .text.__sread  0x00004d6c       0x28 c:/program files (x86)/atmel/studio/7.0/toolchain/arm/arm-gnu-toolchain/bin/../lib/gcc/arm-none-eabi/6.3.1/../../../../arm-none-eabi/lib/thumb/v6-m\libc_nano.a(lib_a-stdio.o)
                0x00004d6c                __sread
 .text.__swrite
                0x00004d94       0x38 c:/program files (x86)/atmel/studio/7.0/toolchain/arm/arm-gnu-toolchain/bin/../lib/gcc/arm-none-eabi/6.3.1/../../../../arm-none-eabi/lib/thumb/v6-m\libc_nano.a(lib_a-stdio.o)
                0x00004d94                __swrite
 .text.__sseek  0x00004dcc       0x2c c:/program files (x86)/atmel/studio/7.0/toolchain/arm/arm-gnu-toolchain/bin/../lib/gcc/arm-none-eabi/6.3.1/../../../../arm-none-eabi/lib/thumb/v6-m\libc_nano.a(lib_a-stdio.o)
                0x00004dcc                __sseek
 .text.__sclose
                0x00004df8        0xc c:/program files (x86)/atmel/studio/7.0/toolchain/arm/arm-gnu-toolchain/bin/../lib/gcc/arm-none-eabi/6.3.1/../../../../arm-none-eabi/lib/thumb/v6-m\libc_nano.a(lib_a-stdio.o)
                0x00004df8                __sclose
 .text._write_r
                0x00004e04       0x28 c:/program files (x86)/atmel/studio/7.0/toolchain/arm/arm-gnu-toolchain/bin/../lib/gcc/arm-none-eabi/6.3.1/../../../../arm-none-eabi/lib/thumb/v6-m\libc_nano.a(lib_a-writer.o)
                0x00004e04                _write_r
 .text._close_r
                0x00004e2c       0x24 c:/program files (x86)/atmel/studio/7.0/toolchain/arm/arm-gnu-toolchain/bin/../lib/gcc/arm-none-eabi/6.3.1/../../../../arm-none-eabi/lib/thumb/v6-m\libc_nano.a(lib_a-closer.o)
                0x00004e2c                _close_r
 .text._fstat_r
                0x00004e50       0x24 c:/program files (x86)/atmel/studio/7.0/toolchain/arm/arm-gnu-toolchain/bin/../lib/gcc/arm-none-eabi/6.3.1/../../../../arm-none-eabi/lib/thumb/v6-m\libc_nano.a(lib_a-fstatr.o)
                0x00004e50                _fstat_r
 .text._isatty_r
                0x00004e74       0x24 c:/program files (x86)/atmel/studio/7.0/toolchain/arm/arm-gnu-toolchain/bin/../lib/gcc/arm-none-eabi/6.3.1/../../../../arm-none-eabi/lib/thumb/v6-m\libc_nano.a(lib_a-isattyr.o)
                0x00004e74                _isatty_r
 .text._lseek_r
                0x00004e98       0x28 c:/program files (x86)/atmel/studio/7.0/toolchain/arm/arm-gnu-toolchain/bin/../lib/gcc/arm-none-eabi/6.3.1/../../../../arm-none-eabi/lib/thumb/v6-m\libc_nano.a(lib_a-lseekr.o)
                0x00004e98                _lseek_r
 .text.memchr   0x00004ec0       0x16 c:/program files (x86)/atmel/studio/7.0/toolchain/arm/arm-gnu-toolchain/bin/../lib/gcc/arm-none-eabi/6.3.1/../../../../arm-none-eabi/lib/thumb/v6-m\libc_nano.a(lib_a-memchr-stub.o)
                0x00004ec0                memchr
 .text.memcpy   0x00004ed6       0x12 c:/program files (x86)/atmel/studio/7.0/toolchain/arm/arm-gnu-toolchain/bin/../lib/gcc/arm-none-eabi/6.3.1/../../../../arm-none-eabi/lib/thumb/v6-m\libc_nano.a(lib_a-memcpy-stub.o)
                0x00004ed6                memcpy
 .text.memmove  0x00004ee8       0x24 c:/program files (x86)/atmel/studio/7.0/toolchain/arm/arm-gnu-toolchain/bin/../lib/gcc/arm-none-eabi/6.3.1/../../../../arm-none-eabi/lib/thumb/v6-m\libc_nano.a(lib_a-memmove.o)
                0x00004ee8                memmove
 .text.__malloc_lock
                0x00004f0c        0x2 c:/program files (x86)/atmel/studio/7.0/toolchain/arm/arm-gnu-toolchain/bin/../lib/gcc/arm-none-eabi/6.3.1/../../../../arm-none-eabi/lib/thumb/v6-m\libc_nano.a(lib_a-mlock.o)
                0x00004f0c                __malloc_lock
 .text.__malloc_unlock
                0x00004f0e        0x2 c:/program files (x86)/atmel/studio/7.0/toolchain/arm/arm-gnu-toolchain/bin/../lib/gcc/arm-none-eabi/6.3.1/../../../../arm-none-eabi/lib/thumb/v6-m\libc_nano.a(lib_a-mlock.o)
                0x00004f0e                __malloc_unlock
 .text._realloc_r
                0x00004f10       0x4c c:/program files (x86)/atmel/studio/7.0/toolchain/arm/arm-gnu-toolchain/bin/../lib/gcc/arm-none-eabi/6.3.1/../../../../arm-none-eabi/lib/thumb/v6-m\libc_nano.a(lib_a-nano-reallocr.o)
                0x00004f10                _realloc_r
 .text._read_r  0x00004f5c       0x28 c:/program files (x86)/atmel/studio/7.0/toolchain/arm/arm-gnu-toolchain/bin/../lib/gcc/arm-none-eabi/6.3.1/../../../../arm-none-eabi/lib/thumb/v6-m\libc_nano.a(lib_a-readr.o)
                0x00004f5c                _read_r
 .text._malloc_usable_size_r
                0x00004f84       0x10 c:/program files (x86)/atmel/studio/7.0/toolchain/arm/arm-gnu-toolchain/bin/../lib/gcc/arm-none-eabi/6.3.1/../../../../arm-none-eabi/lib/thumb/v6-m\libc_nano.a(lib_a-nano-msizer.o)
                0x00004f84                _malloc_usable_size_r
 *(.glue_7t)
 .glue_7t       0x00004f94        0x0 linker stubs
 *(.glue_7)
 .glue_7        0x00004f94        0x0 linker stubs
 *(.rodata .rodata* .gnu.linkonce.r.*)
 .rodata        0x00004f94        0x4 at30tse75x.o
 .rodata.str1.4
                0x00004f98       0x1b hal/src/hal_adc_async.o
 *fill*         0x00004fb3        0x1 
 .rodata.str1.4
                0x00004fb4       0x1c hal/src/hal_i2c_m_sync.o
 .rodata.str1.4
                0x00004fd0       0x14 hal/src/hal_io.o
 .rodata.str1.4
                0x00004fe4       0x1c hal/src/hal_usart_sync.o
 .rodata.str1.4
                0x00005000       0x24 hal/utils/src/utils_ringbuffer.o
 .rodata        0x00005024       0x1c hpl/adc/hpl_adc.o
 .rodata.str1.4
                0x00005040       0x15 hpl/adc/hpl_adc.o
 *fill*         0x00005055        0x3 
 .rodata        0x00005058       0x4d hpl/sercom/hpl_sercom.o
 *fill*         0x000050a5        0x3 
 .rodata.str1.4
                0x000050a8       0x1b hpl/sercom/hpl_sercom.o
 *fill*         0x000050c3        0x1 
 .rodata.str1.4
                0x000050c4       0x30 main.o
 .rodata        0x000050f4       0x40 c:/program files (x86)/atmel/studio/7.0/toolchain/arm/arm-gnu-toolchain/bin/../lib/gcc/arm-none-eabi/6.3.1/thumb/v6-m\libgcc.a(mulsf3.o)
 .rodata        0x00005134       0x40 c:/program files (x86)/atmel/studio/7.0/toolchain/arm/arm-gnu-toolchain/bin/../lib/gcc/arm-none-eabi/6.3.1/thumb/v6-m\libgcc.a(divdf3.o)
 .rodata        0x00005174       0x40 c:/program files (x86)/atmel/studio/7.0/toolchain/arm/arm-gnu-toolchain/bin/../lib/gcc/arm-none-eabi/6.3.1/thumb/v6-m\libgcc.a(muldf3.o)
 .rodata._global_impure_ptr
                0x000051b4        0x4 c:/program files (x86)/atmel/studio/7.0/toolchain/arm/arm-gnu-toolchain/bin/../lib/gcc/arm-none-eabi/6.3.1/../../../../arm-none-eabi/lib/thumb/v6-m\libc_nano.a(lib_a-impure.o)
                0x000051b4                _global_impure_ptr
 .rodata.__sf_fake_stderr
                0x000051b8       0x20 c:/program files (x86)/atmel/studio/7.0/toolchain/arm/arm-gnu-toolchain/bin/../lib/gcc/arm-none-eabi/6.3.1/../../../../arm-none-eabi/lib/thumb/v6-m\libc_nano.a(lib_a-findfp.o)
                0x000051b8                __sf_fake_stderr
 .rodata.__sf_fake_stdin
                0x000051d8       0x20 c:/program files (x86)/atmel/studio/7.0/toolchain/arm/arm-gnu-toolchain/bin/../lib/gcc/arm-none-eabi/6.3.1/../../../../arm-none-eabi/lib/thumb/v6-m\libc_nano.a(lib_a-findfp.o)
                0x000051d8                __sf_fake_stdin
 .rodata.__sf_fake_stdout
                0x000051f8       0x20 c:/program files (x86)/atmel/studio/7.0/toolchain/arm/arm-gnu-toolchain/bin/../lib/gcc/arm-none-eabi/6.3.1/../../../../arm-none-eabi/lib/thumb/v6-m\libc_nano.a(lib_a-findfp.o)
                0x000051f8                __sf_fake_stdout
 .rodata._svfprintf_r.str1.1
                0x00005218       0x11 c:/program files (x86)/atmel/studio/7.0/toolchain/arm/arm-gnu-toolchain/bin/../lib/gcc/arm-none-eabi/6.3.1/../../../../arm-none-eabi/lib/thumb/v6-m\libc_nano.a(lib_a-nano-svfprintf.o)
 .rodata._vfprintf_r.str1.1
                0x00005229       0x11 c:/program files (x86)/atmel/studio/7.0/toolchain/arm/arm-gnu-toolchain/bin/../lib/gcc/arm-none-eabi/6.3.1/../../../../arm-none-eabi/lib/thumb/v6-m\libc_nano.a(lib_a-nano-vfprintf.o)
 .rodata._printf_i.str1.1
                0x00005229       0x22 c:/program files (x86)/atmel/studio/7.0/toolchain/arm/arm-gnu-toolchain/bin/../lib/gcc/arm-none-eabi/6.3.1/../../../../arm-none-eabi/lib/thumb/v6-m\libc_nano.a(lib_a-nano-vfprintf_i.o)
 *(.ARM.extab* .gnu.linkonce.armextab.*)
                0x0000524c                . = ALIGN (0x4)
 *fill*         0x0000524b        0x1 
 *(.init)
 .init          0x0000524c        0x4 c:/program files (x86)/atmel/studio/7.0/toolchain/arm/arm-gnu-toolchain/bin/../lib/gcc/arm-none-eabi/6.3.1/thumb/v6-m/crti.o
                0x0000524c                _init
 .init          0x00005250        0x8 c:/program files (x86)/atmel/studio/7.0/toolchain/arm/arm-gnu-toolchain/bin/../lib/gcc/arm-none-eabi/6.3.1/thumb/v6-m/crtn.o
                0x00005258                . = ALIGN (0x4)
                0x00005258                __preinit_array_start = .
 *(.preinit_array)
                0x00005258                __preinit_array_end = .
                0x00005258                . = ALIGN (0x4)
                0x00005258                __init_array_start = .
 *(SORT(.init_array.*))
 *(.init_array)
 .init_array    0x00005258        0x4 c:/program files (x86)/atmel/studio/7.0/toolchain/arm/arm-gnu-toolchain/bin/../lib/gcc/arm-none-eabi/6.3.1/thumb/v6-m/crtbegin.o
                0x0000525c                __init_array_end = .
                0x0000525c                . = ALIGN (0x4)
 *crtbegin.o(.ctors)
 *(EXCLUDE_FILE(*crtend.o) .ctors)
 *(SORT(.ctors.*))
 *crtend.o(.ctors)
                0x0000525c                . = ALIGN (0x4)
 *(.fini)
 .fini          0x0000525c        0x4 c:/program files (x86)/atmel/studio/7.0/toolchain/arm/arm-gnu-toolchain/bin/../lib/gcc/arm-none-eabi/6.3.1/thumb/v6-m/crti.o
                0x0000525c                _fini
 .fini          0x00005260        0x8 c:/program files (x86)/atmel/studio/7.0/toolchain/arm/arm-gnu-toolchain/bin/../lib/gcc/arm-none-eabi/6.3.1/thumb/v6-m/crtn.o
                0x00005268                . = ALIGN (0x4)
                0x00005268                __fini_array_start = .
 *(.fini_array)
 .fini_array    0x00005268        0x4 c:/program files (x86)/atmel/studio/7.0/toolchain/arm/arm-gnu-toolchain/bin/../lib/gcc/arm-none-eabi/6.3.1/thumb/v6-m/crtbegin.o
 *(SORT(.fini_array.*))
                0x0000526c                __fini_array_end = .
 *crtbegin.o(.dtors)
 *(EXCLUDE_FILE(*crtend.o) .dtors)
 *(SORT(.dtors.*))
 *crtend.o(.dtors)
                0x0000526c                . = ALIGN (0x4)
                0x0000526c                _efixed = .
                [!provide]                PROVIDE (__exidx_start, .)

.vfp11_veneer   0x0000526c        0x0
 .vfp11_veneer  0x0000526c        0x0 linker stubs

.v4_bx          0x0000526c        0x0
 .v4_bx         0x0000526c        0x0 linker stubs

.iplt           0x0000526c        0x0
 .iplt          0x0000526c        0x0 c:/program files (x86)/atmel/studio/7.0/toolchain/arm/arm-gnu-toolchain/bin/../lib/gcc/arm-none-eabi/6.3.1/thumb/v6-m/crtbegin.o

.eh_frame       0x0000526c        0x0
 .eh_frame      0x0000526c        0x0 c:/program files (x86)/atmel/studio/7.0/toolchain/arm/arm-gnu-toolchain/bin/../lib/gcc/arm-none-eabi/6.3.1/thumb/v6-m/crtbegin.o

.rel.dyn        0x0000526c        0x0
 .rel.iplt      0x0000526c        0x0 c:/program files (x86)/atmel/studio/7.0/toolchain/arm/arm-gnu-toolchain/bin/../lib/gcc/arm-none-eabi/6.3.1/thumb/v6-m/crtbegin.o

.jcr            0x0000526c        0x0
 .jcr           0x0000526c        0x0 c:/program files (x86)/atmel/studio/7.0/toolchain/arm/arm-gnu-toolchain/bin/../lib/gcc/arm-none-eabi/6.3.1/thumb/v6-m/crtbegin.o

.igot.plt       0x0000526c        0x0
 .igot.plt      0x0000526c        0x0 c:/program files (x86)/atmel/studio/7.0/toolchain/arm/arm-gnu-toolchain/bin/../lib/gcc/arm-none-eabi/6.3.1/thumb/v6-m/crtbegin.o

.ARM.exidx
 *(.ARM.exidx* .gnu.linkonce.armexidx.*)
                [!provide]                PROVIDE (__exidx_end, .)
                0x0000526c                . = ALIGN (0x4)
                0x0000526c                _etext = .

.relocate       0x20000000       0x64 load address 0x0000526c
                0x20000000                . = ALIGN (0x4)
                0x20000000                _srelocate = .
 *(.ramfunc .ramfunc.*)
 *(.data .data.*)
 .data._impure_ptr
                0x20000000        0x4 c:/program files (x86)/atmel/studio/7.0/toolchain/arm/arm-gnu-toolchain/bin/../lib/gcc/arm-none-eabi/6.3.1/../../../../arm-none-eabi/lib/thumb/v6-m\libc_nano.a(lib_a-impure.o)
                0x20000000                _impure_ptr
 .data.impure_data
                0x20000004       0x60 c:/program files (x86)/atmel/studio/7.0/toolchain/arm/arm-gnu-toolchain/bin/../lib/gcc/arm-none-eabi/6.3.1/../../../../arm-none-eabi/lib/thumb/v6-m\libc_nano.a(lib_a-impure.o)
                0x20000064                . = ALIGN (0x4)
                0x20000064                _erelocate = .

.bss            0x20000064       0xd4 load address 0x000052d0
                0x20000064                . = ALIGN (0x4)
                0x20000064                _sbss = .
                0x20000064                _szero = .
 *(.bss .bss.*)
 .bss           0x20000064       0x1c c:/program files (x86)/atmel/studio/7.0/toolchain/arm/arm-gnu-toolchain/bin/../lib/gcc/arm-none-eabi/6.3.1/thumb/v6-m/crtbegin.o
 .bss           0x20000080       0x14 driver_init.o
 .bss           0x20000094        0x4 hal/src/hal_delay.o
 .bss           0x20000098        0x4 hal/utils/src/utils_syscalls.o
 .bss           0x2000009c        0x4 hpl/adc/hpl_adc.o
 .bss           0x200000a0       0x10 IO1X_Plained_drivers.o
                0x200000a0                conversion_done
 .bss           0x200000b0        0x4 stdio_redirect/stdio_io.o
 .bss.__malloc_free_list
                0x200000b4        0x4 c:/program files (x86)/atmel/studio/7.0/toolchain/arm/arm-gnu-toolchain/bin/../lib/gcc/arm-none-eabi/6.3.1/../../../../arm-none-eabi/lib/thumb/v6-m\libc_nano.a(lib_a-nano-mallocr.o)
                0x200000b4                __malloc_free_list
 .bss.__malloc_sbrk_start
                0x200000b8        0x4 c:/program files (x86)/atmel/studio/7.0/toolchain/arm/arm-gnu-toolchain/bin/../lib/gcc/arm-none-eabi/6.3.1/../../../../arm-none-eabi/lib/thumb/v6-m\libc_nano.a(lib_a-nano-mallocr.o)
                0x200000b8                __malloc_sbrk_start
 *(COMMON)
 COMMON         0x200000bc       0x70 driver_init.o
                0x200000bc                Light_sensor_ADC_ch
                0x200000d4                Light_sensor_ADC
                0x20000100                I2C_temperature
                0x20000120                USART_debug
 COMMON         0x2000012c        0x8 IO1X_Plained_drivers.o
                0x2000012c                USART_debug_io
                0x20000130                AT30TSE75X
 COMMON         0x20000134        0x4 c:/program files (x86)/atmel/studio/7.0/toolchain/arm/arm-gnu-toolchain/bin/../lib/gcc/arm-none-eabi/6.3.1/../../../../arm-none-eabi/lib/thumb/v6-m\libc_nano.a(lib_a-reent.o)
                0x20000134                errno
                0x20000138                . = ALIGN (0x4)
                0x20000138                _ebss = .
                0x20000138                _ezero = .

.stack          0x20000138     0x2000 load address 0x000053a4
                0x20000138                . = ALIGN (0x8)
                0x20000138                _sstack = .
                0x20002138                . = (. + STACK_SIZE)
 *fill*         0x20000138     0x2000 
                0x20002138                . = ALIGN (0x8)
                0x20002138                _estack = .
                0x20002138                . = ALIGN (0x4)
                0x20002138                _end = .
OUTPUT(Test_Io1_Plained.elf elf32-littlearm)

.ARM.attributes
                0x00000000       0x28
 .ARM.attributes
                0x00000000       0x1e c:/program files (x86)/atmel/studio/7.0/toolchain/arm/arm-gnu-toolchain/bin/../lib/gcc/arm-none-eabi/6.3.1/thumb/v6-m/crti.o
 .ARM.attributes
                0x0000001e       0x2c c:/program files (x86)/atmel/studio/7.0/toolchain/arm/arm-gnu-toolchain/bin/../lib/gcc/arm-none-eabi/6.3.1/thumb/v6-m/crtbegin.o
 .ARM.attributes
                0x0000004a       0x32 at30tse75x.o
 .ARM.attributes
                0x0000007c       0x32 atmel_start.o
 .ARM.attributes
                0x000000ae       0x32 Device_Startup/startup_samr21.o
 .ARM.attributes
                0x000000e0       0x32 driver_init.o
 .ARM.attributes
                0x00000112       0x32 hal/src/hal_adc_async.o
 .ARM.attributes
                0x00000144       0x32 hal/src/hal_atomic.o
 .ARM.attributes
                0x00000176       0x32 hal/src/hal_delay.o
 .ARM.attributes
                0x000001a8       0x32 hal/src/hal_i2c_m_sync.o
 .ARM.attributes
                0x000001da       0x32 hal/src/hal_io.o
 .ARM.attributes
                0x0000020c       0x32 hal/src/hal_usart_sync.o
 .ARM.attributes
                0x0000023e       0x32 hal/utils/src/utils_assert.o
 .ARM.attributes
                0x00000270       0x32 hal/utils/src/utils_ringbuffer.o
 .ARM.attributes
                0x000002a2       0x32 hal/utils/src/utils_syscalls.o
 .ARM.attributes
                0x000002d4       0x32 hpl/adc/hpl_adc.o
 .ARM.attributes
                0x00000306       0x32 hpl/core/hpl_core_m0plus_base.o
 .ARM.attributes
                0x00000338       0x32 hpl/core/hpl_init.o
 .ARM.attributes
                0x0000036a       0x32 hpl/gclk/hpl_gclk.o
 .ARM.attributes
                0x0000039c       0x32 hpl/pm/hpl_pm.o
 .ARM.attributes
                0x000003ce       0x32 hpl/sercom/hpl_sercom.o
 .ARM.attributes
                0x00000400       0x32 hpl/sysctrl/hpl_sysctrl.o
 .ARM.attributes
                0x00000432       0x32 hpl/systick/hpl_systick.o
 .ARM.attributes
                0x00000464       0x32 IO1X_Plained_drivers.o
 .ARM.attributes
                0x00000496       0x32 main.o
 .ARM.attributes
                0x000004c8       0x32 stdio_redirect/gcc/read.o
 .ARM.attributes
                0x000004fa       0x32 stdio_redirect/gcc/write.o
 .ARM.attributes
                0x0000052c       0x32 stdio_redirect/stdio_io.o
 .ARM.attributes
                0x0000055e       0x32 stdio_start.o
 .ARM.attributes
                0x00000590       0x32 temperature_sensor.o
 .ARM.attributes
                0x000005c2       0x1e c:/program files (x86)/atmel/studio/7.0/toolchain/arm/arm-gnu-toolchain/bin/../lib/gcc/arm-none-eabi/6.3.1/thumb/v6-m\libgcc.a(_udivsi3.o)
 .ARM.attributes
                0x000005e0       0x1e c:/program files (x86)/atmel/studio/7.0/toolchain/arm/arm-gnu-toolchain/bin/../lib/gcc/arm-none-eabi/6.3.1/thumb/v6-m\libgcc.a(_divsi3.o)
 .ARM.attributes
                0x000005fe       0x1e c:/program files (x86)/atmel/studio/7.0/toolchain/arm/arm-gnu-toolchain/bin/../lib/gcc/arm-none-eabi/6.3.1/thumb/v6-m\libgcc.a(_dvmd_tls.o)
 .ARM.attributes
                0x0000061c       0x2c c:/program files (x86)/atmel/studio/7.0/toolchain/arm/arm-gnu-toolchain/bin/../lib/gcc/arm-none-eabi/6.3.1/thumb/v6-m\libgcc.a(_fixunssfsi.o)
 .ARM.attributes
                0x00000648       0x2c c:/program files (x86)/atmel/studio/7.0/toolchain/arm/arm-gnu-toolchain/bin/../lib/gcc/arm-none-eabi/6.3.1/thumb/v6-m\libgcc.a(mulsf3.o)
 .ARM.attributes
                0x00000674       0x2c c:/program files (x86)/atmel/studio/7.0/toolchain/arm/arm-gnu-toolchain/bin/../lib/gcc/arm-none-eabi/6.3.1/thumb/v6-m\libgcc.a(subsf3.o)
 .ARM.attributes
                0x000006a0       0x2c c:/program files (x86)/atmel/studio/7.0/toolchain/arm/arm-gnu-toolchain/bin/../lib/gcc/arm-none-eabi/6.3.1/thumb/v6-m\libgcc.a(fixsfsi.o)
 .ARM.attributes
                0x000006cc       0x2c c:/program files (x86)/atmel/studio/7.0/toolchain/arm/arm-gnu-toolchain/bin/../lib/gcc/arm-none-eabi/6.3.1/thumb/v6-m\libgcc.a(floatsisf.o)
 .ARM.attributes
                0x000006f8       0x2c c:/program files (x86)/atmel/studio/7.0/toolchain/arm/arm-gnu-toolchain/bin/../lib/gcc/arm-none-eabi/6.3.1/thumb/v6-m\libgcc.a(floatunsisf.o)
 .ARM.attributes
                0x00000724       0x2c c:/program files (x86)/atmel/studio/7.0/toolchain/arm/arm-gnu-toolchain/bin/../lib/gcc/arm-none-eabi/6.3.1/thumb/v6-m\libgcc.a(divdf3.o)
 .ARM.attributes
                0x00000750       0x2c c:/program files (x86)/atmel/studio/7.0/toolchain/arm/arm-gnu-toolchain/bin/../lib/gcc/arm-none-eabi/6.3.1/thumb/v6-m\libgcc.a(muldf3.o)
 .ARM.attributes
                0x0000077c       0x2c c:/program files (x86)/atmel/studio/7.0/toolchain/arm/arm-gnu-toolchain/bin/../lib/gcc/arm-none-eabi/6.3.1/thumb/v6-m\libgcc.a(subdf3.o)
 .ARM.attributes
                0x000007a8       0x2c c:/program files (x86)/atmel/studio/7.0/toolchain/arm/arm-gnu-toolchain/bin/../lib/gcc/arm-none-eabi/6.3.1/thumb/v6-m\libgcc.a(floatsidf.o)
 .ARM.attributes
                0x000007d4       0x2c c:/program files (x86)/atmel/studio/7.0/toolchain/arm/arm-gnu-toolchain/bin/../lib/gcc/arm-none-eabi/6.3.1/thumb/v6-m\libgcc.a(extendsfdf2.o)
 .ARM.attributes
                0x00000800       0x2c c:/program files (x86)/atmel/studio/7.0/toolchain/arm/arm-gnu-toolchain/bin/../lib/gcc/arm-none-eabi/6.3.1/thumb/v6-m\libgcc.a(truncdfsf2.o)
 .ARM.attributes
                0x0000082c       0x1e c:/program files (x86)/atmel/studio/7.0/toolchain/arm/arm-gnu-toolchain/bin/../lib/gcc/arm-none-eabi/6.3.1/thumb/v6-m\libgcc.a(_arm_cmpsf2.o)
 .ARM.attributes
                0x0000084a       0x1e c:/program files (x86)/atmel/studio/7.0/toolchain/arm/arm-gnu-toolchain/bin/../lib/gcc/arm-none-eabi/6.3.1/thumb/v6-m\libgcc.a(_clzsi2.o)
 .ARM.attributes
                0x00000868       0x2c c:/program files (x86)/atmel/studio/7.0/toolchain/arm/arm-gnu-toolchain/bin/../lib/gcc/arm-none-eabi/6.3.1/thumb/v6-m\libgcc.a(eqsf2.o)
 .ARM.attributes
                0x00000894       0x2c c:/program files (x86)/atmel/studio/7.0/toolchain/arm/arm-gnu-toolchain/bin/../lib/gcc/arm-none-eabi/6.3.1/thumb/v6-m\libgcc.a(gesf2.o)
 .ARM.attributes
                0x000008c0       0x2c c:/program files (x86)/atmel/studio/7.0/toolchain/arm/arm-gnu-toolchain/bin/../lib/gcc/arm-none-eabi/6.3.1/thumb/v6-m\libgcc.a(lesf2.o)
 .ARM.attributes
                0x000008ec       0x2c c:/program files (x86)/atmel/studio/7.0/toolchain/arm/arm-gnu-toolchain/bin/../lib/gcc/arm-none-eabi/6.3.1/../../../../arm-none-eabi/lib/thumb/v6-m\libc_nano.a(lib_a-impure.o)
 .ARM.attributes
                0x00000918       0x2c c:/program files (x86)/atmel/studio/7.0/toolchain/arm/arm-gnu-toolchain/bin/../lib/gcc/arm-none-eabi/6.3.1/../../../../arm-none-eabi/lib/thumb/v6-m\libc_nano.a(lib_a-init.o)
 .ARM.attributes
                0x00000944       0x2c c:/program files (x86)/atmel/studio/7.0/toolchain/arm/arm-gnu-toolchain/bin/../lib/gcc/arm-none-eabi/6.3.1/../../../../arm-none-eabi/lib/thumb/v6-m\libc_nano.a(lib_a-memset.o)
 .ARM.attributes
                0x00000970       0x2c c:/program files (x86)/atmel/studio/7.0/toolchain/arm/arm-gnu-toolchain/bin/../lib/gcc/arm-none-eabi/6.3.1/../../../../arm-none-eabi/lib/thumb/v6-m\libc_nano.a(lib_a-printf.o)
 .ARM.attributes
                0x0000099c       0x2c c:/program files (x86)/atmel/studio/7.0/toolchain/arm/arm-gnu-toolchain/bin/../lib/gcc/arm-none-eabi/6.3.1/../../../../arm-none-eabi/lib/thumb/v6-m\libc_nano.a(lib_a-setbuf.o)
 .ARM.attributes
                0x000009c8       0x2c c:/program files (x86)/atmel/studio/7.0/toolchain/arm/arm-gnu-toolchain/bin/../lib/gcc/arm-none-eabi/6.3.1/../../../../arm-none-eabi/lib/thumb/v6-m\libc_nano.a(lib_a-setvbuf.o)
 .ARM.attributes
                0x000009f4       0x2c c:/program files (x86)/atmel/studio/7.0/toolchain/arm/arm-gnu-toolchain/bin/../lib/gcc/arm-none-eabi/6.3.1/../../../../arm-none-eabi/lib/thumb/v6-m\libc_nano.a(lib_a-sprintf.o)
 .ARM.attributes
                0x00000a20       0x2c c:/program files (x86)/atmel/studio/7.0/toolchain/arm/arm-gnu-toolchain/bin/../lib/gcc/arm-none-eabi/6.3.1/../../../../arm-none-eabi/lib/thumb/v6-m\libc_nano.a(lib_a-wbuf.o)
 .ARM.attributes
                0x00000a4c       0x2c c:/program files (x86)/atmel/studio/7.0/toolchain/arm/arm-gnu-toolchain/bin/../lib/gcc/arm-none-eabi/6.3.1/../../../../arm-none-eabi/lib/thumb/v6-m\libc_nano.a(lib_a-wsetup.o)
 .ARM.attributes
                0x00000a78       0x2c c:/program files (x86)/atmel/studio/7.0/toolchain/arm/arm-gnu-toolchain/bin/../lib/gcc/arm-none-eabi/6.3.1/../../../../arm-none-eabi/lib/thumb/v6-m\libc_nano.a(lib_a-fflush.o)
 .ARM.attributes
                0x00000aa4       0x2c c:/program files (x86)/atmel/studio/7.0/toolchain/arm/arm-gnu-toolchain/bin/../lib/gcc/arm-none-eabi/6.3.1/../../../../arm-none-eabi/lib/thumb/v6-m\libc_nano.a(lib_a-findfp.o)
 .ARM.attributes
                0x00000ad0       0x2c c:/program files (x86)/atmel/studio/7.0/toolchain/arm/arm-gnu-toolchain/bin/../lib/gcc/arm-none-eabi/6.3.1/../../../../arm-none-eabi/lib/thumb/v6-m\libc_nano.a(lib_a-fwalk.o)
 .ARM.attributes
                0x00000afc       0x2c c:/program files (x86)/atmel/studio/7.0/toolchain/arm/arm-gnu-toolchain/bin/../lib/gcc/arm-none-eabi/6.3.1/../../../../arm-none-eabi/lib/thumb/v6-m\libc_nano.a(lib_a-makebuf.o)
 .ARM.attributes
                0x00000b28       0x2c c:/program files (x86)/atmel/studio/7.0/toolchain/arm/arm-gnu-toolchain/bin/../lib/gcc/arm-none-eabi/6.3.1/../../../../arm-none-eabi/lib/thumb/v6-m\libc_nano.a(lib_a-malloc.o)
 .ARM.attributes
                0x00000b54       0x2c c:/program files (x86)/atmel/studio/7.0/toolchain/arm/arm-gnu-toolchain/bin/../lib/gcc/arm-none-eabi/6.3.1/../../../../arm-none-eabi/lib/thumb/v6-m\libc_nano.a(lib_a-nano-freer.o)
 .ARM.attributes
                0x00000b80       0x2c c:/program files (x86)/atmel/studio/7.0/toolchain/arm/arm-gnu-toolchain/bin/../lib/gcc/arm-none-eabi/6.3.1/../../../../arm-none-eabi/lib/thumb/v6-m\libc_nano.a(lib_a-nano-mallocr.o)
 .ARM.attributes
                0x00000bac       0x2c c:/program files (x86)/atmel/studio/7.0/toolchain/arm/arm-gnu-toolchain/bin/../lib/gcc/arm-none-eabi/6.3.1/../../../../arm-none-eabi/lib/thumb/v6-m\libc_nano.a(lib_a-nano-svfprintf.o)
 .ARM.attributes
                0x00000bd8       0x2c c:/program files (x86)/atmel/studio/7.0/toolchain/arm/arm-gnu-toolchain/bin/../lib/gcc/arm-none-eabi/6.3.1/../../../../arm-none-eabi/lib/thumb/v6-m\libc_nano.a(lib_a-nano-vfprintf.o)
 .ARM.attributes
                0x00000c04       0x2c c:/program files (x86)/atmel/studio/7.0/toolchain/arm/arm-gnu-toolchain/bin/../lib/gcc/arm-none-eabi/6.3.1/../../../../arm-none-eabi/lib/thumb/v6-m\libc_nano.a(lib_a-nano-vfprintf_i.o)
 .ARM.attributes
                0x00000c30       0x2c c:/program files (x86)/atmel/studio/7.0/toolchain/arm/arm-gnu-toolchain/bin/../lib/gcc/arm-none-eabi/6.3.1/../../../../arm-none-eabi/lib/thumb/v6-m\libc_nano.a(lib_a-sbrkr.o)
 .ARM.attributes
                0x00000c5c       0x2c c:/program files (x86)/atmel/studio/7.0/toolchain/arm/arm-gnu-toolchain/bin/../lib/gcc/arm-none-eabi/6.3.1/../../../../arm-none-eabi/lib/thumb/v6-m\libc_nano.a(lib_a-stdio.o)
 .ARM.attributes
                0x00000c88       0x2c c:/program files (x86)/atmel/studio/7.0/toolchain/arm/arm-gnu-toolchain/bin/../lib/gcc/arm-none-eabi/6.3.1/../../../../arm-none-eabi/lib/thumb/v6-m\libc_nano.a(lib_a-writer.o)
 .ARM.attributes
                0x00000cb4       0x2c c:/program files (x86)/atmel/studio/7.0/toolchain/arm/arm-gnu-toolchain/bin/../lib/gcc/arm-none-eabi/6.3.1/../../../../arm-none-eabi/lib/thumb/v6-m\libc_nano.a(lib_a-closer.o)
 .ARM.attributes
                0x00000ce0       0x2c c:/program files (x86)/atmel/studio/7.0/toolchain/arm/arm-gnu-toolchain/bin/../lib/gcc/arm-none-eabi/6.3.1/../../../../arm-none-eabi/lib/thumb/v6-m\libc_nano.a(lib_a-fstatr.o)
 .ARM.attributes
                0x00000d0c       0x2c c:/program files (x86)/atmel/studio/7.0/toolchain/arm/arm-gnu-toolchain/bin/../lib/gcc/arm-none-eabi/6.3.1/../../../../arm-none-eabi/lib/thumb/v6-m\libc_nano.a(lib_a-isattyr.o)
 .ARM.attributes
                0x00000d38       0x2c c:/program files (x86)/atmel/studio/7.0/toolchain/arm/arm-gnu-toolchain/bin/../lib/gcc/arm-none-eabi/6.3.1/../../../../arm-none-eabi/lib/thumb/v6-m\libc_nano.a(lib_a-lseekr.o)
 .ARM.attributes
                0x00000d64       0x2c c:/program files (x86)/atmel/studio/7.0/toolchain/arm/arm-gnu-toolchain/bin/../lib/gcc/arm-none-eabi/6.3.1/../../../../arm-none-eabi/lib/thumb/v6-m\libc_nano.a(lib_a-memchr-stub.o)
 .ARM.attributes
                0x00000d90       0x2c c:/program files (x86)/atmel/studio/7.0/toolchain/arm/arm-gnu-toolchain/bin/../lib/gcc/arm-none-eabi/6.3.1/../../../../arm-none-eabi/lib/thumb/v6-m\libc_nano.a(lib_a-memcpy-stub.o)
 .ARM.attributes
                0x00000dbc       0x2c c:/program files (x86)/atmel/studio/7.0/toolchain/arm/arm-gnu-toolchain/bin/../lib/gcc/arm-none-eabi/6.3.1/../../../../arm-none-eabi/lib/thumb/v6-m\libc_nano.a(lib_a-memmove.o)
 .ARM.attributes
                0x00000de8       0x2c c:/program files (x86)/atmel/studio/7.0/toolchain/arm/arm-gnu-toolchain/bin/../lib/gcc/arm-none-eabi/6.3.1/../../../../arm-none-eabi/lib/thumb/v6-m\libc_nano.a(lib_a-mlock.o)
 .ARM.attributes
                0x00000e14       0x2c c:/program files (x86)/atmel/studio/7.0/toolchain/arm/arm-gnu-toolchain/bin/../lib/gcc/arm-none-eabi/6.3.1/../../../../arm-none-eabi/lib/thumb/v6-m\libc_nano.a(lib_a-nano-reallocr.o)
 .ARM.attributes
                0x00000e40       0x2c c:/program files (x86)/atmel/studio/7.0/toolchain/arm/arm-gnu-toolchain/bin/../lib/gcc/arm-none-eabi/6.3.1/../../../../arm-none-eabi/lib/thumb/v6-m\libc_nano.a(lib_a-readr.o)
 .ARM.attributes
                0x00000e6c       0x2c c:/program files (x86)/atmel/studio/7.0/toolchain/arm/arm-gnu-toolchain/bin/../lib/gcc/arm-none-eabi/6.3.1/../../../../arm-none-eabi/lib/thumb/v6-m\libc_nano.a(lib_a-reent.o)
 .ARM.attributes
                0x00000e98       0x2c c:/program files (x86)/atmel/studio/7.0/toolchain/arm/arm-gnu-toolchain/bin/../lib/gcc/arm-none-eabi/6.3.1/../../../../arm-none-eabi/lib/thumb/v6-m\libc_nano.a(lib_a-nano-msizer.o)
 .ARM.attributes
                0x00000ec4       0x1e c:/program files (x86)/atmel/studio/7.0/toolchain/arm/arm-gnu-toolchain/bin/../lib/gcc/arm-none-eabi/6.3.1/thumb/v6-m/crtn.o

.comment        0x00000000       0x59
 .comment       0x00000000       0x59 at30tse75x.o
                                 0x5a (size before relaxing)
 .comment       0x00000059       0x5a atmel_start.o
 .comment       0x00000059       0x5a Device_Startup/startup_samr21.o
 .comment       0x00000059       0x5a driver_init.o
 .comment       0x00000059       0x5a hal/src/hal_adc_async.o
 .comment       0x00000059       0x5a hal/src/hal_atomic.o
 .comment       0x00000059       0x5a hal/src/hal_delay.o
 .comment       0x00000059       0x5a hal/src/hal_i2c_m_sync.o
 .comment       0x00000059       0x5a hal/src/hal_io.o
 .comment       0x00000059       0x5a hal/src/hal_usart_sync.o
 .comment       0x00000059       0x5a hal/utils/src/utils_assert.o
 .comment       0x00000059       0x5a hal/utils/src/utils_ringbuffer.o
 .comment       0x00000059       0x5a hal/utils/src/utils_syscalls.o
 .comment       0x00000059       0x5a hpl/adc/hpl_adc.o
 .comment       0x00000059       0x5a hpl/core/hpl_core_m0plus_base.o
 .comment       0x00000059       0x5a hpl/core/hpl_init.o
 .comment       0x00000059       0x5a hpl/gclk/hpl_gclk.o
 .comment       0x00000059       0x5a hpl/pm/hpl_pm.o
 .comment       0x00000059       0x5a hpl/sercom/hpl_sercom.o
 .comment       0x00000059       0x5a hpl/sysctrl/hpl_sysctrl.o
 .comment       0x00000059       0x5a hpl/systick/hpl_systick.o
 .comment       0x00000059       0x5a IO1X_Plained_drivers.o
 .comment       0x00000059       0x5a main.o
 .comment       0x00000059       0x5a stdio_redirect/gcc/read.o
 .comment       0x00000059       0x5a stdio_redirect/gcc/write.o
 .comment       0x00000059       0x5a stdio_redirect/stdio_io.o
 .comment       0x00000059       0x5a stdio_start.o
 .comment       0x00000059       0x5a temperature_sensor.o

.debug_info     0x00000000    0x2932e
 .debug_info    0x00000000      0x580 at30tse75x.o
 .debug_info    0x00000580      0xe77 atmel_start.o
 .debug_info    0x000013f7     0x3a2b Device_Startup/startup_samr21.o
 .debug_info    0x00004e22     0x8db2 driver_init.o
 .debug_info    0x0000dbd4     0x13c2 hal/src/hal_adc_async.o
 .debug_info    0x0000ef96      0x1d1 hal/src/hal_atomic.o
 .debug_info    0x0000f167      0x1dc hal/src/hal_delay.o
 .debug_info    0x0000f343      0x878 hal/src/hal_i2c_m_sync.o
 .debug_info    0x0000fbbb      0x2b2 hal/src/hal_io.o
 .debug_info    0x0000fe6d      0xc56 hal/src/hal_usart_sync.o
 .debug_info    0x00010ac3      0x107 hal/utils/src/utils_assert.o
 .debug_info    0x00010bca      0x2f1 hal/utils/src/utils_ringbuffer.o
 .debug_info    0x00010ebb      0xdca hal/utils/src/utils_syscalls.o
 .debug_info    0x00011c85     0x38ac hpl/adc/hpl_adc.o
 .debug_info    0x00015531      0x807 hpl/core/hpl_core_m0plus_base.o
 .debug_info    0x00015d38      0x689 hpl/core/hpl_init.o
 .debug_info    0x000163c1      0x495 hpl/gclk/hpl_gclk.o
 .debug_info    0x00016856      0xc6f hpl/pm/hpl_pm.o
 .debug_info    0x000174c5     0xaada hpl/sercom/hpl_sercom.o
 .debug_info    0x00021f9f     0x1450 hpl/sysctrl/hpl_sysctrl.o
 .debug_info    0x000233ef      0x25e hpl/systick/hpl_systick.o
 .debug_info    0x0002364d     0x1b13 IO1X_Plained_drivers.o
 .debug_info    0x00025160     0x110f main.o
 .debug_info    0x0002626f      0xa34 stdio_redirect/gcc/read.o
 .debug_info    0x00026ca3      0xa34 stdio_redirect/gcc/write.o
 .debug_info    0x000276d7      0xbe2 stdio_redirect/stdio_io.o
 .debug_info    0x000282b9      0xec8 stdio_start.o
 .debug_info    0x00029181      0x1ad temperature_sensor.o

.debug_abbrev   0x00000000     0x3ac4
 .debug_abbrev  0x00000000      0x15f at30tse75x.o
 .debug_abbrev  0x0000015f      0x1b4 atmel_start.o
 .debug_abbrev  0x00000313      0x227 Device_Startup/startup_samr21.o
 .debug_abbrev  0x0000053a      0x39b driver_init.o
 .debug_abbrev  0x000008d5      0x1f3 hal/src/hal_adc_async.o
 .debug_abbrev  0x00000ac8      0x144 hal/src/hal_atomic.o
 .debug_abbrev  0x00000c0c       0xe1 hal/src/hal_delay.o
 .debug_abbrev  0x00000ced      0x1a6 hal/src/hal_i2c_m_sync.o
 .debug_abbrev  0x00000e93      0x115 hal/src/hal_io.o
 .debug_abbrev  0x00000fa8      0x217 hal/src/hal_usart_sync.o
 .debug_abbrev  0x000011bf       0x86 hal/utils/src/utils_assert.o
 .debug_abbrev  0x00001245       0xf4 hal/utils/src/utils_ringbuffer.o
 .debug_abbrev  0x00001339      0x269 hal/utils/src/utils_syscalls.o
 .debug_abbrev  0x000015a2      0x4d4 hpl/adc/hpl_adc.o
 .debug_abbrev  0x00001a76      0x2a8 hpl/core/hpl_core_m0plus_base.o
 .debug_abbrev  0x00001d1e      0x1d9 hpl/core/hpl_init.o
 .debug_abbrev  0x00001ef7      0x19e hpl/gclk/hpl_gclk.o
 .debug_abbrev  0x00002095      0x215 hpl/pm/hpl_pm.o
 .debug_abbrev  0x000022aa      0x57d hpl/sercom/hpl_sercom.o
 .debug_abbrev  0x00002827      0x20a hpl/sysctrl/hpl_sysctrl.o
 .debug_abbrev  0x00002a31      0x172 hpl/systick/hpl_systick.o
 .debug_abbrev  0x00002ba3      0x3db IO1X_Plained_drivers.o
 .debug_abbrev  0x00002f7e      0x24e main.o
 .debug_abbrev  0x000031cc      0x1e8 stdio_redirect/gcc/read.o
 .debug_abbrev  0x000033b4      0x1e8 stdio_redirect/gcc/write.o
 .debug_abbrev  0x0000359c      0x229 stdio_redirect/stdio_io.o
 .debug_abbrev  0x000037c5      0x1e2 stdio_start.o
 .debug_abbrev  0x000039a7      0x11d temperature_sensor.o

.debug_loc      0x00000000     0xcd72
 .debug_loc     0x00000000      0x22b at30tse75x.o
 .debug_loc     0x0000022b       0x20 atmel_start.o
 .debug_loc     0x0000024b       0x78 Device_Startup/startup_samr21.o
 .debug_loc     0x000002c3      0x8fa driver_init.o
 .debug_loc     0x00000bbd     0x10ba hal/src/hal_adc_async.o
 .debug_loc     0x00001c77       0x13 hal/src/hal_atomic.o
 .debug_loc     0x00001c8a       0xc3 hal/src/hal_delay.o
 .debug_loc     0x00001d4d      0x6f5 hal/src/hal_i2c_m_sync.o
 .debug_loc     0x00002442      0x1b6 hal/src/hal_io.o
 .debug_loc     0x000025f8      0xa26 hal/src/hal_usart_sync.o
 .debug_loc     0x0000301e      0x2d1 hal/utils/src/utils_ringbuffer.o
 .debug_loc     0x000032ef      0x13b hal/utils/src/utils_syscalls.o
 .debug_loc     0x0000342a     0x1f17 hpl/adc/hpl_adc.o
 .debug_loc     0x00005341      0x28f hpl/core/hpl_core_m0plus_base.o
 .debug_loc     0x000055d0       0x4c hpl/core/hpl_init.o
 .debug_loc     0x0000561c       0xba hpl/gclk/hpl_gclk.o
 .debug_loc     0x000056d6      0x11b hpl/pm/hpl_pm.o
 .debug_loc     0x000057f1     0x6bff hpl/sercom/hpl_sercom.o
 .debug_loc     0x0000c3f0      0x153 hpl/sysctrl/hpl_sysctrl.o
 .debug_loc     0x0000c543       0xf9 hpl/systick/hpl_systick.o
 .debug_loc     0x0000c63c      0x30a IO1X_Plained_drivers.o
 .debug_loc     0x0000c946       0x68 main.o
 .debug_loc     0x0000c9ae       0xfe stdio_redirect/gcc/read.o
 .debug_loc     0x0000caac       0xf2 stdio_redirect/gcc/write.o
 .debug_loc     0x0000cb9e      0x153 stdio_redirect/stdio_io.o
 .debug_loc     0x0000ccf1       0x40 stdio_start.o
 .debug_loc     0x0000cd31       0x41 temperature_sensor.o

.debug_aranges  0x00000000      0xdc0
 .debug_aranges
                0x00000000       0x28 at30tse75x.o
 .debug_aranges
                0x00000028       0x20 atmel_start.o
 .debug_aranges
                0x00000048       0x28 Device_Startup/startup_samr21.o
 .debug_aranges
                0x00000070       0x60 driver_init.o
 .debug_aranges
                0x000000d0       0xd0 hal/src/hal_adc_async.o
 .debug_aranges
                0x000001a0       0x30 hal/src/hal_atomic.o
 .debug_aranges
                0x000001d0       0x38 hal/src/hal_delay.o
 .debug_aranges
                0x00000208       0x88 hal/src/hal_i2c_m_sync.o
 .debug_aranges
                0x00000290       0x30 hal/src/hal_io.o
 .debug_aranges
                0x000002c0       0xa8 hal/src/hal_usart_sync.o
 .debug_aranges
                0x00000368       0x20 hal/utils/src/utils_assert.o
 .debug_aranges
                0x00000388       0x40 hal/utils/src/utils_ringbuffer.o
 .debug_aranges
                0x000003c8       0x60 hal/utils/src/utils_syscalls.o
 .debug_aranges
                0x00000428      0x1f8 hpl/adc/hpl_adc.o
 .debug_aranges
                0x00000620       0x70 hpl/core/hpl_core_m0plus_base.o
 .debug_aranges
                0x00000690       0x20 hpl/core/hpl_init.o
 .debug_aranges
                0x000006b0       0x28 hpl/gclk/hpl_gclk.o
 .debug_aranges
                0x000006d8       0x30 hpl/pm/hpl_pm.o
 .debug_aranges
                0x00000708      0x508 hpl/sercom/hpl_sercom.o
 .debug_aranges
                0x00000c10       0x28 hpl/sysctrl/hpl_sysctrl.o
 .debug_aranges
                0x00000c38       0x48 hpl/systick/hpl_systick.o
 .debug_aranges
                0x00000c80       0x58 IO1X_Plained_drivers.o
 .debug_aranges
                0x00000cd8       0x20 main.o
 .debug_aranges
                0x00000cf8       0x20 stdio_redirect/gcc/read.o
 .debug_aranges
                0x00000d18       0x20 stdio_redirect/gcc/write.o
 .debug_aranges
                0x00000d38       0x38 stdio_redirect/stdio_io.o
 .debug_aranges
                0x00000d70       0x28 stdio_start.o
 .debug_aranges
                0x00000d98       0x28 temperature_sensor.o

.debug_ranges   0x00000000      0xe00
 .debug_ranges  0x00000000       0x18 at30tse75x.o
 .debug_ranges  0x00000018       0x10 atmel_start.o
 .debug_ranges  0x00000028       0x18 Device_Startup/startup_samr21.o
 .debug_ranges  0x00000040       0x50 driver_init.o
 .debug_ranges  0x00000090       0xc0 hal/src/hal_adc_async.o
 .debug_ranges  0x00000150       0x20 hal/src/hal_atomic.o
 .debug_ranges  0x00000170       0x28 hal/src/hal_delay.o
 .debug_ranges  0x00000198       0x78 hal/src/hal_i2c_m_sync.o
 .debug_ranges  0x00000210       0x20 hal/src/hal_io.o
 .debug_ranges  0x00000230       0x98 hal/src/hal_usart_sync.o
 .debug_ranges  0x000002c8       0x10 hal/utils/src/utils_assert.o
 .debug_ranges  0x000002d8       0x30 hal/utils/src/utils_ringbuffer.o
 .debug_ranges  0x00000308       0x50 hal/utils/src/utils_syscalls.o
 .debug_ranges  0x00000358      0x200 hpl/adc/hpl_adc.o
 .debug_ranges  0x00000558       0x60 hpl/core/hpl_core_m0plus_base.o
 .debug_ranges  0x000005b8       0x10 hpl/core/hpl_init.o
 .debug_ranges  0x000005c8       0x18 hpl/gclk/hpl_gclk.o
 .debug_ranges  0x000005e0       0x20 hpl/pm/hpl_pm.o
 .debug_ranges  0x00000600      0x6c8 hpl/sercom/hpl_sercom.o
 .debug_ranges  0x00000cc8       0x18 hpl/sysctrl/hpl_sysctrl.o
 .debug_ranges  0x00000ce0       0x38 hpl/systick/hpl_systick.o
 .debug_ranges  0x00000d18       0x60 IO1X_Plained_drivers.o
 .debug_ranges  0x00000d78       0x10 main.o
 .debug_ranges  0x00000d88       0x10 stdio_redirect/gcc/read.o
 .debug_ranges  0x00000d98       0x10 stdio_redirect/gcc/write.o
 .debug_ranges  0x00000da8       0x28 stdio_redirect/stdio_io.o
 .debug_ranges  0x00000dd0       0x18 stdio_start.o
 .debug_ranges  0x00000de8       0x18 temperature_sensor.o

.debug_macro    0x00000000    0x1befb
 .debug_macro   0x00000000      0x48c at30tse75x.o
 .debug_macro   0x0000048c      0x89e at30tse75x.o
 .debug_macro   0x00000d2a      0x16d at30tse75x.o
 .debug_macro   0x00000e97       0x22 at30tse75x.o
 .debug_macro   0x00000eb9       0x87 at30tse75x.o
 .debug_macro   0x00000f40       0x51 at30tse75x.o
 .debug_macro   0x00000f91       0xef at30tse75x.o
 .debug_macro   0x00001080       0x6a at30tse75x.o
 .debug_macro   0x000010ea      0x1df at30tse75x.o
 .debug_macro   0x000012c9       0x22 at30tse75x.o
 .debug_macro   0x000012eb       0x46 at30tse75x.o
 .debug_macro   0x00001331       0x1c at30tse75x.o
 .debug_macro   0x0000134d       0x22 at30tse75x.o
 .debug_macro   0x0000136f       0xb5 at30tse75x.o
 .debug_macro   0x00001424      0x3ad at30tse75x.o
 .debug_macro   0x000017d1      0x67d at30tse75x.o
 .debug_macro   0x00001e4e      0x8b0 at30tse75x.o
 .debug_macro   0x000026fe      0x22e at30tse75x.o
 .debug_macro   0x0000292c      0xd5c at30tse75x.o
 .debug_macro   0x00003688      0x4c6 at30tse75x.o
 .debug_macro   0x00003b4e      0x9f6 at30tse75x.o
 .debug_macro   0x00004544      0x82a at30tse75x.o
 .debug_macro   0x00004d6e      0x450 at30tse75x.o
 .debug_macro   0x000051be       0x5e at30tse75x.o
 .debug_macro   0x0000521c      0x21c at30tse75x.o
 .debug_macro   0x00005438      0x734 at30tse75x.o
 .debug_macro   0x00005b6c       0x5e at30tse75x.o
 .debug_macro   0x00005bca      0x631 at30tse75x.o
 .debug_macro   0x000061fb      0x3ab at30tse75x.o
 .debug_macro   0x000065a6       0x94 at30tse75x.o
 .debug_macro   0x0000663a      0xc75 at30tse75x.o
 .debug_macro   0x000072af     0x1092 at30tse75x.o
 .debug_macro   0x00008341      0xc4a at30tse75x.o
 .debug_macro   0x00008f8b      0x6ba at30tse75x.o
 .debug_macro   0x00009645     0x1b3c at30tse75x.o
 .debug_macro   0x0000b181     0x143b at30tse75x.o
 .debug_macro   0x0000c5bc      0x33f at30tse75x.o
 .debug_macro   0x0000c8fb       0x7c at30tse75x.o
 .debug_macro   0x0000c977       0xa0 at30tse75x.o
 .debug_macro   0x0000ca17       0x4c at30tse75x.o
 .debug_macro   0x0000ca63       0xca at30tse75x.o
 .debug_macro   0x0000cb2d       0x94 at30tse75x.o
 .debug_macro   0x0000cbc1       0x58 at30tse75x.o
 .debug_macro   0x0000cc19      0x340 at30tse75x.o
 .debug_macro   0x0000cf59       0x82 at30tse75x.o
 .debug_macro   0x0000cfdb      0x188 at30tse75x.o
 .debug_macro   0x0000d163       0xa0 at30tse75x.o
 .debug_macro   0x0000d203       0xb2 at30tse75x.o
 .debug_macro   0x0000d2b5       0x1c at30tse75x.o
 .debug_macro   0x0000d2d1       0x1c at30tse75x.o
 .debug_macro   0x0000d2ed       0x1c at30tse75x.o
 .debug_macro   0x0000d309       0x7c at30tse75x.o
 .debug_macro   0x0000d385      0x1ba at30tse75x.o
 .debug_macro   0x0000d53f       0x16 at30tse75x.o
 .debug_macro   0x0000d555       0xdc at30tse75x.o
 .debug_macro   0x0000d631      0x124 at30tse75x.o
 .debug_macro   0x0000d755      0x124 at30tse75x.o
 .debug_macro   0x0000d879      0x124 at30tse75x.o
 .debug_macro   0x0000d99d      0x124 at30tse75x.o
 .debug_macro   0x0000dac1      0x124 at30tse75x.o
 .debug_macro   0x0000dbe5      0x124 at30tse75x.o
 .debug_macro   0x0000dd09      0x124 at30tse75x.o
 .debug_macro   0x0000de2d       0xe2 at30tse75x.o
 .debug_macro   0x0000df0f       0xe2 at30tse75x.o
 .debug_macro   0x0000dff1       0xe2 at30tse75x.o
 .debug_macro   0x0000e0d3       0xe2 at30tse75x.o
 .debug_macro   0x0000e1b5       0xe2 at30tse75x.o
 .debug_macro   0x0000e297      0x12a at30tse75x.o
 .debug_macro   0x0000e3c1      0x100 at30tse75x.o
 .debug_macro   0x0000e4c1       0xf4 at30tse75x.o
 .debug_macro   0x0000e5b5      0x40f at30tse75x.o
 .debug_macro   0x0000e9c4       0x40 at30tse75x.o
 .debug_macro   0x0000ea04      0x392 at30tse75x.o
 .debug_macro   0x0000ed96     0x192e at30tse75x.o
 .debug_macro   0x000106c4       0x74 at30tse75x.o
 .debug_macro   0x00010738       0x10 at30tse75x.o
 .debug_macro   0x00010748       0x10 at30tse75x.o
 .debug_macro   0x00010758       0x16 at30tse75x.o
 .debug_macro   0x0001076e       0x16 at30tse75x.o
 .debug_macro   0x00010784       0x16 at30tse75x.o
 .debug_macro   0x0001079a       0x16 at30tse75x.o
 .debug_macro   0x000107b0       0x16 at30tse75x.o
 .debug_macro   0x000107c6       0x16 at30tse75x.o
 .debug_macro   0x000107dc       0x16 at30tse75x.o
 .debug_macro   0x000107f2       0x16 at30tse75x.o
 .debug_macro   0x00010808       0x16 at30tse75x.o
 .debug_macro   0x0001081e       0x16 at30tse75x.o
 .debug_macro   0x00010834       0x16 at30tse75x.o
 .debug_macro   0x0001084a       0x16 at30tse75x.o
 .debug_macro   0x00010860       0x16 at30tse75x.o
 .debug_macro   0x00010876       0x16 at30tse75x.o
 .debug_macro   0x0001088c       0x16 at30tse75x.o
 .debug_macro   0x000108a2       0x16 at30tse75x.o
 .debug_macro   0x000108b8       0x16 at30tse75x.o
 .debug_macro   0x000108ce       0x16 at30tse75x.o
 .debug_macro   0x000108e4       0x16 at30tse75x.o
 .debug_macro   0x000108fa       0x16 at30tse75x.o
 .debug_macro   0x00010910       0x16 at30tse75x.o
 .debug_macro   0x00010926       0xca at30tse75x.o
 .debug_macro   0x000109f0       0x70 at30tse75x.o
 .debug_macro   0x00010a60       0x10 at30tse75x.o
 .debug_macro   0x00010a70      0x6c4 atmel_start.o
 .debug_macro   0x00011134       0x1c atmel_start.o
 .debug_macro   0x00011150       0x16 atmel_start.o
 .debug_macro   0x00011166       0x58 atmel_start.o
 .debug_macro   0x000111be       0x58 atmel_start.o
 .debug_macro   0x00011216       0x35 atmel_start.o
 .debug_macro   0x0001124b       0x9c atmel_start.o
 .debug_macro   0x000112e7       0x16 atmel_start.o
 .debug_macro   0x000112fd       0x35 atmel_start.o
 .debug_macro   0x00011332      0x34d atmel_start.o
 .debug_macro   0x0001167f       0x10 atmel_start.o
 .debug_macro   0x0001168f       0x58 atmel_start.o
 .debug_macro   0x000116e7       0x1f atmel_start.o
 .debug_macro   0x00011706       0x43 atmel_start.o
 .debug_macro   0x00011749       0x20 atmel_start.o
 .debug_macro   0x00011769      0x187 atmel_start.o
 .debug_macro   0x000118f0       0x10 atmel_start.o
 .debug_macro   0x00011900       0x1c atmel_start.o
 .debug_macro   0x0001191c       0x52 atmel_start.o
 .debug_macro   0x0001196e       0x40 atmel_start.o
 .debug_macro   0x000119ae       0x10 atmel_start.o
 .debug_macro   0x000119be       0x40 atmel_start.o
 .debug_macro   0x000119fe       0xd7 atmel_start.o
 .debug_macro   0x00011ad5       0x16 atmel_start.o
 .debug_macro   0x00011aeb      0x18b atmel_start.o
 .debug_macro   0x00011c76      0x306 Device_Startup/startup_samr21.o
 .debug_macro   0x00011f7c       0x40 Device_Startup/startup_samr21.o
 .debug_macro   0x00011fbc      0x58f driver_init.o
 .debug_macro   0x0001254b       0x50 driver_init.o
 .debug_macro   0x0001259b       0xc9 driver_init.o
 .debug_macro   0x00012664      0x491 hal/src/hal_adc_async.o
 .debug_macro   0x00012af5      0x434 hal/src/hal_atomic.o
 .debug_macro   0x00012f29      0x466 hal/src/hal_delay.o
 .debug_macro   0x0001338f      0x46f hal/src/hal_i2c_m_sync.o
 .debug_macro   0x000137fe       0x6a hal/src/hal_i2c_m_sync.o
 .debug_macro   0x00013868      0x447 hal/src/hal_io.o
 .debug_macro   0x00013caf      0x46e hal/src/hal_usart_sync.o
 .debug_macro   0x0001411d      0x43d hal/utils/src/utils_assert.o
 .debug_macro   0x0001455a       0x10 hal/utils/src/utils_assert.o
 .debug_macro   0x0001456a      0x441 hal/utils/src/utils_ringbuffer.o
 .debug_macro   0x000149ab      0x1d6 hal/utils/src/utils_syscalls.o
 .debug_macro   0x00014b81       0x52 hal/utils/src/utils_syscalls.o
 .debug_macro   0x00014bd3       0x8d hal/utils/src/utils_syscalls.o
 .debug_macro   0x00014c60       0x57 hal/utils/src/utils_syscalls.o
 .debug_macro   0x00014cb7       0x97 hal/utils/src/utils_syscalls.o
 .debug_macro   0x00014d4e      0x353 hal/utils/src/utils_syscalls.o
 .debug_macro   0x000150a1       0xf6 hal/utils/src/utils_syscalls.o
 .debug_macro   0x00015197       0x4c hal/utils/src/utils_syscalls.o
 .debug_macro   0x000151e3       0x16 hal/utils/src/utils_syscalls.o
 .debug_macro   0x000151f9       0x10 hal/utils/src/utils_syscalls.o
 .debug_macro   0x00015209       0x10 hal/utils/src/utils_syscalls.o
 .debug_macro   0x00015219       0x35 hal/utils/src/utils_syscalls.o
 .debug_macro   0x0001524e      0x122 hal/utils/src/utils_syscalls.o
 .debug_macro   0x00015370      0x48f hpl/adc/hpl_adc.o
 .debug_macro   0x000157ff      0x6cc hpl/adc/hpl_adc.o
 .debug_macro   0x00015ecb      0x6ba hpl/adc/hpl_adc.o
 .debug_macro   0x00016585       0xd2 hpl/adc/hpl_adc.o
 .debug_macro   0x00016657      0x48b hpl/core/hpl_core_m0plus_base.o
 .debug_macro   0x00016ae2      0x4ae hpl/core/hpl_init.o
 .debug_macro   0x00016f90       0x2e hpl/core/hpl_init.o
 .debug_macro   0x00016fbe      0x6ec hpl/core/hpl_init.o
 .debug_macro   0x000176aa      0x44a hpl/gclk/hpl_gclk.o
 .debug_macro   0x00017af4      0x1f3 hpl/gclk/hpl_gclk.o
 .debug_macro   0x00017ce7      0x473 hpl/pm/hpl_pm.o
 .debug_macro   0x0001815a      0x675 hpl/sercom/hpl_sercom.o
 .debug_macro   0x000187cf      0x11c hpl/sercom/hpl_sercom.o
 .debug_macro   0x000188eb       0x10 hpl/sercom/hpl_sercom.o
 .debug_macro   0x000188fb       0x1c hpl/sercom/hpl_sercom.o
 .debug_macro   0x00018917       0x22 hpl/sercom/hpl_sercom.o
 .debug_macro   0x00018939       0x10 hpl/sercom/hpl_sercom.o
 .debug_macro   0x00018949      0x44a hpl/sysctrl/hpl_sysctrl.o
 .debug_macro   0x00018d93      0x2da hpl/sysctrl/hpl_sysctrl.o
 .debug_macro   0x0001906d      0x441 hpl/systick/hpl_systick.o
 .debug_macro   0x000194ae       0x10 hpl/systick/hpl_systick.o
 .debug_macro   0x000194be      0x6d4 IO1X_Plained_drivers.o
 .debug_macro   0x00019b92       0x10 IO1X_Plained_drivers.o
 .debug_macro   0x00019ba2      0x708 main.o
 .debug_macro   0x0001a2aa      0x58e stdio_redirect/gcc/read.o
 .debug_macro   0x0001a838      0x58e stdio_redirect/gcc/write.o
 .debug_macro   0x0001adc6      0x588 stdio_redirect/stdio_io.o
 .debug_macro   0x0001b34e       0xaf stdio_redirect/stdio_io.o
 .debug_macro   0x0001b3fd      0x6c6 stdio_start.o
 .debug_macro   0x0001bac3      0x438 temperature_sensor.o

.debug_line     0x00000000    0x1438f
 .debug_line    0x00000000      0x9cc at30tse75x.o
 .debug_line    0x000009cc      0xc14 atmel_start.o
 .debug_line    0x000015e0      0x6e5 Device_Startup/startup_samr21.o
 .debug_line    0x00001cc5      0xc8e driver_init.o
 .debug_line    0x00002953      0xc48 hal/src/hal_adc_async.o
 .debug_line    0x0000359b      0x962 hal/src/hal_atomic.o
 .debug_line    0x00003efd      0x98d hal/src/hal_delay.o
 .debug_line    0x0000488a      0xa7d hal/src/hal_i2c_m_sync.o
 .debug_line    0x00005307      0x97a hal/src/hal_io.o
 .debug_line    0x00005c81      0xb45 hal/src/hal_usart_sync.o
 .debug_line    0x000067c6      0x92c hal/utils/src/utils_assert.o
 .debug_line    0x000070f2      0x9cb hal/utils/src/utils_ringbuffer.o
 .debug_line    0x00007abd      0x40b hal/utils/src/utils_syscalls.o
 .debug_line    0x00007ec8     0x1253 hpl/adc/hpl_adc.o
 .debug_line    0x0000911b      0xadb hpl/core/hpl_core_m0plus_base.o
 .debug_line    0x00009bf6      0xa0d hpl/core/hpl_init.o
 .debug_line    0x0000a603      0x97e hpl/gclk/hpl_gclk.o
 .debug_line    0x0000af81      0x9d2 hpl/pm/hpl_pm.o
 .debug_line    0x0000b953     0x2853 hpl/sercom/hpl_sercom.o
 .debug_line    0x0000e1a6      0x9b5 hpl/sysctrl/hpl_sysctrl.o
 .debug_line    0x0000eb5b      0x9b7 hpl/systick/hpl_systick.o
 .debug_line    0x0000f512      0xd2f IO1X_Plained_drivers.o
 .debug_line    0x00010241      0xcc1 main.o
 .debug_line    0x00010f02      0xa55 stdio_redirect/gcc/read.o
 .debug_line    0x00011957      0xa56 stdio_redirect/gcc/write.o
 .debug_line    0x000123ad      0xa79 stdio_redirect/stdio_io.o
 .debug_line    0x00012e26      0xc29 stdio_start.o
 .debug_line    0x00013a4f      0x940 temperature_sensor.o

.debug_str      0x00000000    0x80d6c
 .debug_str     0x00000000    0x69ceb at30tse75x.o
                              0x6a19b (size before relaxing)
 .debug_str     0x00069ceb     0x43d9 atmel_start.o
                              0x6e421 (size before relaxing)
 .debug_str     0x0006e0c4     0x10a4 Device_Startup/startup_samr21.o
                              0x6a07d (size before relaxing)
 .debug_str     0x0006f168     0x1aef driver_init.o
                              0x6cf20 (size before relaxing)
 .debug_str     0x00070c57      0x60b hal/src/hal_adc_async.o
                              0x6ac73 (size before relaxing)
 .debug_str     0x00071262       0x63 hal/src/hal_atomic.o
                              0x69dcc (size before relaxing)
 .debug_str     0x000712c5       0x9b hal/src/hal_delay.o
                              0x69e36 (size before relaxing)
 .debug_str     0x00071360      0x144 hal/src/hal_i2c_m_sync.o
                              0x6a6cf (size before relaxing)
 .debug_str     0x000714a4       0x2c hal/src/hal_io.o
                              0x69e79 (size before relaxing)
 .debug_str     0x000714d0      0x49e hal/src/hal_usart_sync.o
                              0x6a919 (size before relaxing)
 .debug_str     0x0007196e       0x2a hal/utils/src/utils_assert.o
                              0x69ddc (size before relaxing)
 .debug_str     0x00071998       0x24 hal/utils/src/utils_ringbuffer.o
                              0x69e82 (size before relaxing)
 .debug_str     0x000719bc      0x778 hal/utils/src/utils_syscalls.o
                               0x72ef (size before relaxing)
 .debug_str     0x00072134     0x6c47 hpl/adc/hpl_adc.o
                              0x712a9 (size before relaxing)
 .debug_str     0x00078d7b      0x132 hpl/core/hpl_core_m0plus_base.o
                              0x6a8b7 (size before relaxing)
 .debug_str     0x00078ead     0x17d7 hpl/core/hpl_init.o
                              0x6ba1e (size before relaxing)
 .debug_str     0x0007a684      0x803 hpl/gclk/hpl_gclk.o
                              0x6a6ad (size before relaxing)
 .debug_str     0x0007ae87      0x194 hpl/pm/hpl_pm.o
                              0x6a580 (size before relaxing)
 .debug_str     0x0007b01b     0x47b8 hpl/sercom/hpl_sercom.o
                              0x6fd11 (size before relaxing)
 .debug_str     0x0007f7d3     0x11cf hpl/sysctrl/hpl_sysctrl.o
                              0x6b0ab (size before relaxing)
 .debug_str     0x000809a2       0xcd hpl/systick/hpl_systick.o
                              0x69e24 (size before relaxing)
 .debug_str     0x00080a6f      0x19a IO1X_Plained_drivers.o
                              0x6e988 (size before relaxing)
 .debug_str     0x00080c09       0x6b main.o
                              0x6e643 (size before relaxing)
 .debug_str     0x00080c74       0x2b stdio_redirect/gcc/read.o
                              0x6db89 (size before relaxing)
 .debug_str     0x00080c9f       0x2d stdio_redirect/gcc/write.o
                              0x6db8b (size before relaxing)
 .debug_str     0x00080ccc       0x4b stdio_redirect/stdio_io.o
                              0x6dc24 (size before relaxing)
 .debug_str     0x00080d17       0x3b stdio_start.o
                              0x6e451 (size before relaxing)
 .debug_str     0x00080d52       0x1a temperature_sensor.o
                              0x69dbb (size before relaxing)

.debug_frame    0x00000000     0x2dac
 .debug_frame   0x00000000       0x50 at30tse75x.o
 .debug_frame   0x00000050       0x28 atmel_start.o
 .debug_frame   0x00000078       0x40 Device_Startup/startup_samr21.o
 .debug_frame   0x000000b8       0xe8 driver_init.o
 .debug_frame   0x000001a0      0x2bc hal/src/hal_adc_async.o
 .debug_frame   0x0000045c       0x40 hal/src/hal_atomic.o
 .debug_frame   0x0000049c       0x68 hal/src/hal_delay.o
 .debug_frame   0x00000504      0x164 hal/src/hal_i2c_m_sync.o
 .debug_frame   0x00000668       0x58 hal/src/hal_io.o
 .debug_frame   0x000006c0      0x1f8 hal/src/hal_usart_sync.o
 .debug_frame   0x000008b8       0x20 hal/utils/src/utils_assert.o
 .debug_frame   0x000008d8       0x94 hal/utils/src/utils_ringbuffer.o
 .debug_frame   0x0000096c       0xa8 hal/utils/src/utils_syscalls.o
 .debug_frame   0x00000a14      0x498 hpl/adc/hpl_adc.o
 .debug_frame   0x00000eac       0xd4 hpl/core/hpl_core_m0plus_base.o
 .debug_frame   0x00000f80       0x28 hpl/core/hpl_init.o
 .debug_frame   0x00000fa8       0x30 hpl/gclk/hpl_gclk.o
 .debug_frame   0x00000fd8       0x40 hpl/pm/hpl_pm.o
 .debug_frame   0x00001018      0xe9c hpl/sercom/hpl_sercom.o
 .debug_frame   0x00001eb4       0x30 hpl/sysctrl/hpl_sysctrl.o
 .debug_frame   0x00001ee4       0x78 hpl/systick/hpl_systick.o
 .debug_frame   0x00001f5c       0xd4 IO1X_Plained_drivers.o
 .debug_frame   0x00002030       0x30 main.o
 .debug_frame   0x00002060       0x28 stdio_redirect/gcc/read.o
 .debug_frame   0x00002088       0x28 stdio_redirect/gcc/write.o
 .debug_frame   0x000020b0       0x6c stdio_redirect/stdio_io.o
 .debug_frame   0x0000211c       0x40 stdio_start.o
 .debug_frame   0x0000215c       0x38 temperature_sensor.o
 .debug_frame   0x00002194       0x20 c:/program files (x86)/atmel/studio/7.0/toolchain/arm/arm-gnu-toolchain/bin/../lib/gcc/arm-none-eabi/6.3.1/thumb/v6-m\libgcc.a(_udivsi3.o)
 .debug_frame   0x000021b4       0x20 c:/program files (x86)/atmel/studio/7.0/toolchain/arm/arm-gnu-toolchain/bin/../lib/gcc/arm-none-eabi/6.3.1/thumb/v6-m\libgcc.a(_divsi3.o)
 .debug_frame   0x000021d4       0x28 c:/program files (x86)/atmel/studio/7.0/toolchain/arm/arm-gnu-toolchain/bin/../lib/gcc/arm-none-eabi/6.3.1/thumb/v6-m\libgcc.a(_fixunssfsi.o)
 .debug_frame   0x000021fc       0x3c c:/program files (x86)/atmel/studio/7.0/toolchain/arm/arm-gnu-toolchain/bin/../lib/gcc/arm-none-eabi/6.3.1/thumb/v6-m\libgcc.a(mulsf3.o)
 .debug_frame   0x00002238       0x38 c:/program files (x86)/atmel/studio/7.0/toolchain/arm/arm-gnu-toolchain/bin/../lib/gcc/arm-none-eabi/6.3.1/thumb/v6-m\libgcc.a(subsf3.o)
 .debug_frame   0x00002270       0x20 c:/program files (x86)/atmel/studio/7.0/toolchain/arm/arm-gnu-toolchain/bin/../lib/gcc/arm-none-eabi/6.3.1/thumb/v6-m\libgcc.a(fixsfsi.o)
 .debug_frame   0x00002290       0x2c c:/program files (x86)/atmel/studio/7.0/toolchain/arm/arm-gnu-toolchain/bin/../lib/gcc/arm-none-eabi/6.3.1/thumb/v6-m\libgcc.a(floatsisf.o)
 .debug_frame   0x000022bc       0x28 c:/program files (x86)/atmel/studio/7.0/toolchain/arm/arm-gnu-toolchain/bin/../lib/gcc/arm-none-eabi/6.3.1/thumb/v6-m\libgcc.a(floatunsisf.o)
 .debug_frame   0x000022e4       0x3c c:/program files (x86)/atmel/studio/7.0/toolchain/arm/arm-gnu-toolchain/bin/../lib/gcc/arm-none-eabi/6.3.1/thumb/v6-m\libgcc.a(divdf3.o)
 .debug_frame   0x00002320       0x3c c:/program files (x86)/atmel/studio/7.0/toolchain/arm/arm-gnu-toolchain/bin/../lib/gcc/arm-none-eabi/6.3.1/thumb/v6-m\libgcc.a(muldf3.o)
 .debug_frame   0x0000235c       0x38 c:/program files (x86)/atmel/studio/7.0/toolchain/arm/arm-gnu-toolchain/bin/../lib/gcc/arm-none-eabi/6.3.1/thumb/v6-m\libgcc.a(subdf3.o)
 .debug_frame   0x00002394       0x2c c:/program files (x86)/atmel/studio/7.0/toolchain/arm/arm-gnu-toolchain/bin/../lib/gcc/arm-none-eabi/6.3.1/thumb/v6-m\libgcc.a(floatsidf.o)
 .debug_frame   0x000023c0       0x2c c:/program files (x86)/atmel/studio/7.0/toolchain/arm/arm-gnu-toolchain/bin/../lib/gcc/arm-none-eabi/6.3.1/thumb/v6-m\libgcc.a(extendsfdf2.o)
 .debug_frame   0x000023ec       0x30 c:/program files (x86)/atmel/studio/7.0/toolchain/arm/arm-gnu-toolchain/bin/../lib/gcc/arm-none-eabi/6.3.1/thumb/v6-m\libgcc.a(truncdfsf2.o)
 .debug_frame   0x0000241c       0x2c c:/program files (x86)/atmel/studio/7.0/toolchain/arm/arm-gnu-toolchain/bin/../lib/gcc/arm-none-eabi/6.3.1/thumb/v6-m\libgcc.a(eqsf2.o)
 .debug_frame   0x00002448       0x30 c:/program files (x86)/atmel/studio/7.0/toolchain/arm/arm-gnu-toolchain/bin/../lib/gcc/arm-none-eabi/6.3.1/thumb/v6-m\libgcc.a(gesf2.o)
 .debug_frame   0x00002478       0x30 c:/program files (x86)/atmel/studio/7.0/toolchain/arm/arm-gnu-toolchain/bin/../lib/gcc/arm-none-eabi/6.3.1/thumb/v6-m\libgcc.a(lesf2.o)
 .debug_frame   0x000024a8       0x2c c:/program files (x86)/atmel/studio/7.0/toolchain/arm/arm-gnu-toolchain/bin/../lib/gcc/arm-none-eabi/6.3.1/../../../../arm-none-eabi/lib/thumb/v6-m\libc_nano.a(lib_a-init.o)
 .debug_frame   0x000024d4       0x20 c:/program files (x86)/atmel/studio/7.0/toolchain/arm/arm-gnu-toolchain/bin/../lib/gcc/arm-none-eabi/6.3.1/../../../../arm-none-eabi/lib/thumb/v6-m\libc_nano.a(lib_a-memset.o)
 .debug_frame   0x000024f4       0x50 c:/program files (x86)/atmel/studio/7.0/toolchain/arm/arm-gnu-toolchain/bin/../lib/gcc/arm-none-eabi/6.3.1/../../../../arm-none-eabi/lib/thumb/v6-m\libc_nano.a(lib_a-printf.o)
 .debug_frame   0x00002544       0x28 c:/program files (x86)/atmel/studio/7.0/toolchain/arm/arm-gnu-toolchain/bin/../lib/gcc/arm-none-eabi/6.3.1/../../../../arm-none-eabi/lib/thumb/v6-m\libc_nano.a(lib_a-setbuf.o)
 .debug_frame   0x0000256c       0x30 c:/program files (x86)/atmel/studio/7.0/toolchain/arm/arm-gnu-toolchain/bin/../lib/gcc/arm-none-eabi/6.3.1/../../../../arm-none-eabi/lib/thumb/v6-m\libc_nano.a(lib_a-setvbuf.o)