Archive member included to satisfy reference by file (symbol)

c:/program files (x86)/atmel/studio/7.0/toolchain/arm/arm-gnu-toolchain/bin/../lib/gcc/arm-none-eabi/6.3.1/thumb/v6-m\libgcc.a(_udivsi3.o)
                              hpl/core/hpl_core_m0plus_base.o (__aeabi_uidiv)
c:/program files (x86)/atmel/studio/7.0/toolchain/arm/arm-gnu-toolchain/bin/../lib/gcc/arm-none-eabi/6.3.1/thumb/v6-m\libgcc.a(_divsi3.o)
                              main.o (__aeabi_idiv)
c:/program files (x86)/atmel/studio/7.0/toolchain/arm/arm-gnu-toolchain/bin/../lib/gcc/arm-none-eabi/6.3.1/thumb/v6-m\libgcc.a(_dvmd_tls.o)
                              c:/program files (x86)/atmel/studio/7.0/toolchain/arm/arm-gnu-toolchain/bin/../lib/gcc/arm-none-eabi/6.3.1/thumb/v6-m\libgcc.a(_udivsi3.o) (__aeabi_idiv0)
c:/program files (x86)/atmel/studio/7.0/toolchain/arm/arm-gnu-toolchain/bin/../lib/gcc/arm-none-eabi/6.3.1/thumb/v6-m\libgcc.a(_aeabi_uldivmod.o)
                              hpl/sercom/hpl_sercom.o (__aeabi_uldivmod)
c:/program files (x86)/atmel/studio/7.0/toolchain/arm/arm-gnu-toolchain/bin/../lib/gcc/arm-none-eabi/6.3.1/thumb/v6-m\libgcc.a(_muldi3.o)
                              hpl/sercom/hpl_sercom.o (__aeabi_lmul)
c:/program files (x86)/atmel/studio/7.0/toolchain/arm/arm-gnu-toolchain/bin/../lib/gcc/arm-none-eabi/6.3.1/thumb/v6-m\libgcc.a(_fixunsdfsi.o)
                              hpl/sercom/hpl_sercom.o (__aeabi_d2uiz)
c:/program files (x86)/atmel/studio/7.0/toolchain/arm/arm-gnu-toolchain/bin/../lib/gcc/arm-none-eabi/6.3.1/thumb/v6-m\libgcc.a(_udivmoddi4.o)
                              c:/program files (x86)/atmel/studio/7.0/toolchain/arm/arm-gnu-toolchain/bin/../lib/gcc/arm-none-eabi/6.3.1/thumb/v6-m\libgcc.a(_aeabi_uldivmod.o) (__udivmoddi4)
c:/program files (x86)/atmel/studio/7.0/toolchain/arm/arm-gnu-toolchain/bin/../lib/gcc/arm-none-eabi/6.3.1/thumb/v6-m\libgcc.a(mulsf3.o)
                              main.o (__aeabi_fmul)
c:/program files (x86)/atmel/studio/7.0/toolchain/arm/arm-gnu-toolchain/bin/../lib/gcc/arm-none-eabi/6.3.1/thumb/v6-m\libgcc.a(subsf3.o)
                              main.o (__aeabi_fsub)
c:/program files (x86)/atmel/studio/7.0/toolchain/arm/arm-gnu-toolchain/bin/../lib/gcc/arm-none-eabi/6.3.1/thumb/v6-m\libgcc.a(fixsfsi.o)
                              main.o (__aeabi_f2iz)
c:/program files (x86)/atmel/studio/7.0/toolchain/arm/arm-gnu-toolchain/bin/../lib/gcc/arm-none-eabi/6.3.1/thumb/v6-m\libgcc.a(floatsisf.o)
                              main.o (__aeabi_i2f)
c:/program files (x86)/atmel/studio/7.0/toolchain/arm/arm-gnu-toolchain/bin/../lib/gcc/arm-none-eabi/6.3.1/thumb/v6-m\libgcc.a(divdf3.o)
                              hpl/sercom/hpl_sercom.o (__aeabi_ddiv)
c:/program files (x86)/atmel/studio/7.0/toolchain/arm/arm-gnu-toolchain/bin/../lib/gcc/arm-none-eabi/6.3.1/thumb/v6-m\libgcc.a(muldf3.o)
                              hpl/sercom/hpl_sercom.o (__aeabi_dmul)
c:/program files (x86)/atmel/studio/7.0/toolchain/arm/arm-gnu-toolchain/bin/../lib/gcc/arm-none-eabi/6.3.1/thumb/v6-m\libgcc.a(subdf3.o)
                              hpl/sercom/hpl_sercom.o (__aeabi_dsub)
c:/program files (x86)/atmel/studio/7.0/toolchain/arm/arm-gnu-toolchain/bin/../lib/gcc/arm-none-eabi/6.3.1/thumb/v6-m\libgcc.a(fixdfsi.o)
                              c:/program files (x86)/atmel/studio/7.0/toolchain/arm/arm-gnu-toolchain/bin/../lib/gcc/arm-none-eabi/6.3.1/thumb/v6-m\libgcc.a(_fixunsdfsi.o) (__aeabi_d2iz)
c:/program files (x86)/atmel/studio/7.0/toolchain/arm/arm-gnu-toolchain/bin/../lib/gcc/arm-none-eabi/6.3.1/thumb/v6-m\libgcc.a(floatsidf.o)
                              hpl/sercom/hpl_sercom.o (__aeabi_i2d)
c:/program files (x86)/atmel/studio/7.0/toolchain/arm/arm-gnu-toolchain/bin/../lib/gcc/arm-none-eabi/6.3.1/thumb/v6-m\libgcc.a(floatunsidf.o)
                              hpl/sercom/hpl_sercom.o (__aeabi_ui2d)
c:/program files (x86)/atmel/studio/7.0/toolchain/arm/arm-gnu-toolchain/bin/../lib/gcc/arm-none-eabi/6.3.1/thumb/v6-m\libgcc.a(extendsfdf2.o)
                              main.o (__aeabi_f2d)
c:/program files (x86)/atmel/studio/7.0/toolchain/arm/arm-gnu-toolchain/bin/../lib/gcc/arm-none-eabi/6.3.1/thumb/v6-m\libgcc.a(truncdfsf2.o)
                              main.o (__aeabi_d2f)
c:/program files (x86)/atmel/studio/7.0/toolchain/arm/arm-gnu-toolchain/bin/../lib/gcc/arm-none-eabi/6.3.1/thumb/v6-m\libgcc.a(_arm_cmpdf2.o)
                              c:/program files (x86)/atmel/studio/7.0/toolchain/arm/arm-gnu-toolchain/bin/../lib/gcc/arm-none-eabi/6.3.1/thumb/v6-m\libgcc.a(_fixunsdfsi.o) (__aeabi_dcmpge)
c:/program files (x86)/atmel/studio/7.0/toolchain/arm/arm-gnu-toolchain/bin/../lib/gcc/arm-none-eabi/6.3.1/thumb/v6-m\libgcc.a(_clzsi2.o)
                              c:/program files (x86)/atmel/studio/7.0/toolchain/arm/arm-gnu-toolchain/bin/../lib/gcc/arm-none-eabi/6.3.1/thumb/v6-m\libgcc.a(mulsf3.o) (__clzsi2)
[...]
Memory Configuration

Name             Origin             Length             Attributes
rom              0x00000000         0x00040000         xr
ram              0x20000000         0x00008000         xrw
*default*        0x00000000         0xffffffff

Linker script and memory map

LOAD c:/program files (x86)/atmel/studio/7.0/toolchain/arm/arm-gnu-toolchain/bin/../lib/gcc/arm-none-eabi/6.3.1/thumb/v6-m/crti.o
LOAD c:/program files (x86)/atmel/studio/7.0/toolchain/arm/arm-gnu-toolchain/bin/../lib/gcc/arm-none-eabi/6.3.1/thumb/v6-m/crtbegin.o
LOAD c:/program files (x86)/atmel/studio/7.0/toolchain/arm/arm-gnu-toolchain/bin/../lib/gcc/arm-none-eabi/6.3.1/../../../../arm-none-eabi/lib/thumb/v6-m/crt0.o
LOAD atmel_start.o
LOAD Device_Startup/startup_samr21.o
LOAD Device_Startup/system_samr21.o
LOAD driver_init.o
LOAD examples/driver_examples.o
LOAD hal/src/hal_adc_async.o
LOAD hal/src/hal_atomic.o
LOAD hal/src/hal_delay.o
LOAD hal/src/hal_gpio.o
LOAD hal/src/hal_init.o
LOAD hal/src/hal_io.o
LOAD hal/src/hal_sleep.o
LOAD hal/src/hal_usart_sync.o
LOAD hal/utils/src/utils_assert.o
LOAD hal/utils/src/utils_event.o
LOAD hal/utils/src/utils_list.o
LOAD hal/utils/src/utils_ringbuffer.o
LOAD hal/utils/src/utils_syscalls.o
LOAD hpl/adc/hpl_adc.o
LOAD hpl/core/hpl_core_m0plus_base.o
LOAD hpl/core/hpl_init.o
LOAD hpl/dmac/hpl_dmac.o
LOAD hpl/gclk/hpl_gclk.o
LOAD hpl/pm/hpl_pm.o
LOAD hpl/sercom/hpl_sercom.o
LOAD hpl/sysctrl/hpl_sysctrl.o
LOAD hpl/systick/hpl_systick.o
LOAD main.o
LOAD stdio_redirect/gcc/read.o
LOAD stdio_redirect/gcc/write.o
LOAD stdio_redirect/stdio_io.o
LOAD stdio_start.o
START GROUP
LOAD c:/program files (x86)/atmel/studio/7.0/toolchain/arm/arm-gnu-toolchain/bin/../lib/gcc/arm-none-eabi/6.3.1/../../../../arm-none-eabi/lib/thumb/v6-m\libm.a
END GROUP
START GROUP
LOAD c:/program files (x86)/atmel/studio/7.0/toolchain/arm/arm-gnu-toolchain/bin/../lib/gcc/arm-none-eabi/6.3.1/thumb/v6-m\libgcc.a
LOAD c:/program files (x86)/atmel/studio/7.0/toolchain/arm/arm-gnu-toolchain/bin/../lib/gcc/arm-none-eabi/6.3.1/../../../../arm-none-eabi/lib/thumb/v6-m\libc_nano.a
END GROUP
START GROUP
LOAD c:/program files (x86)/atmel/studio/7.0/toolchain/arm/arm-gnu-toolchain/bin/../lib/gcc/arm-none-eabi/6.3.1/thumb/v6-m\libgcc.a
LOAD c:/program files (x86)/atmel/studio/7.0/toolchain/arm/arm-gnu-toolchain/bin/../lib/gcc/arm-none-eabi/6.3.1/../../../../arm-none-eabi/lib/thumb/v6-m\libc_nano.a
END GROUP
LOAD c:/program files (x86)/atmel/studio/7.0/toolchain/arm/arm-gnu-toolchain/bin/../lib/gcc/arm-none-eabi/6.3.1/thumb/v6-m/crtend.o
LOAD c:/program files (x86)/atmel/studio/7.0/toolchain/arm/arm-gnu-toolchain/bin/../lib/gcc/arm-none-eabi/6.3.1/thumb/v6-m/crtn.o
                0x00002000                STACK_SIZE = DEFINED (STACK_SIZE)?STACK_SIZE:DEFINED (__stack_size__)?__stack_size__:0x2000

.text           0x00000000     0x4678
                0x00000000                . = ALIGN (0x4)
                0x00000000                _sfixed = .
 *(.vectors .vectors.*)
 .vectors       0x00000000       0xb4 Device_Startup/startup_samr21.o
                0x00000000                exception_table
 *(.text .text.* .gnu.linkonce.t.*)
 .text          0x000000b4       0x60 c:/program files (x86)/atmel/studio/7.0/toolchain/arm/arm-gnu-toolchain/bin/../lib/gcc/arm-none-eabi/6.3.1/thumb/v6-m/crtbegin.o
 .text.atmel_start_init
                0x00000114       0x14 atmel_start.o
                0x00000114                atmel_start_init
 .text.Dummy_Handler
                0x00000128        0x2 Device_Startup/startup_samr21.o
                0x00000128                DMAC_Handler
                0x00000128                HardFault_Handler
                0x00000128                AC_Handler
                0x00000128                SysTick_Handler
                0x00000128                PendSV_Handler
                0x00000128                NMI_Handler
                0x00000128                TC7_Handler
                0x00000128                SERCOM1_Handler
                0x00000128                TCC1_Handler
                0x00000128                SERCOM2_Handler
                0x00000128                TCC0_Handler
                0x00000128                RTC_Handler
                0x00000128                EIC_Handler
                0x00000128                TC6_Handler
                0x00000128                WDT_Handler
                0x00000128                TC4_Handler
                0x00000128                USB_Handler
                0x00000128                TC3_Handler
                0x00000128                Dummy_Handler
                0x00000128                PM_Handler
                0x00000128                SERCOM5_Handler
                0x00000128                SVC_Handler
                0x00000128                TCC2_Handler
                0x00000128                EVSYS_Handler
                0x00000128                SERCOM3_Handler
                0x00000128                SERCOM4_Handler
                0x00000128                NVMCTRL_Handler
                0x00000128                SERCOM0_Handler
                0x00000128                DAC_Handler
                0x00000128                PTC_Handler
                0x00000128                TC5_Handler
                0x00000128                SYSCTRL_Handler
 *fill*         0x0000012a        0x2 
 .text.Reset_Handler
                0x0000012c       0xc4 Device_Startup/startup_samr21.o
                0x0000012c                Reset_Handler
 .text.Light_sensor_ADC_init
                0x000001f0       0xa0 driver_init.o
                0x000001f0                Light_sensor_ADC_init
 .text.USART_debug_PORT_init
                0x00000290       0x44 driver_init.o
                0x00000290                USART_debug_PORT_init
 .text.USART_debug_CLOCK_init
                0x000002d4       0x20 driver_init.o
                0x000002d4                USART_debug_CLOCK_init
 .text.USART_debug_init
                0x000002f4       0x2c driver_init.o
                0x000002f4                USART_debug_init
 .text.delay_driver_init
                0x00000320       0x14 driver_init.o
                0x00000320                delay_driver_init
 .text.system_init
                0x00000334       0x50 driver_init.o
                0x00000334                system_init
 .text.adc_async_window_threshold_reached
                0x00000384        0xc hal/src/hal_adc_async.o
 .text.adc_async_error_occured
                0x00000390        0xc hal/src/hal_adc_async.o
 .text.adc_async_channel_conversion_done
                0x0000039c       0x60 hal/src/hal_adc_async.o
 .text.adc_async_init
                0x000003fc       0xb4 hal/src/hal_adc_async.o
                0x000003fc                adc_async_init
 .text.adc_async_register_channel_buffer
                0x000004b0       0xb8 hal/src/hal_adc_async.o
                0x000004b0                adc_async_register_channel_buffer
 .text.adc_async_enable_channel
                0x00000568       0x40 hal/src/hal_adc_async.o
                0x00000568                adc_async_enable_channel
 .text.adc_async_register_callback
                0x000005a8       0x7c hal/src/hal_adc_async.o
                0x000005a8                adc_async_register_callback
 .text.adc_async_read_channel
                0x00000624       0xd8 hal/src/hal_adc_async.o
                0x00000624                adc_async_read_channel
 .text.adc_async_start_conversion
                0x000006fc       0x28 hal/src/hal_adc_async.o
                0x000006fc                adc_async_start_conversion
 .text.atomic_enter_critical
                0x00000724        0xe hal/src/hal_atomic.o
                0x00000724                atomic_enter_critical
 .text.atomic_leave_critical
                0x00000732        0xc hal/src/hal_atomic.o
                0x00000732                atomic_leave_critical
 *fill*         0x0000073e        0x2 
 .text.delay_init
                0x00000740       0x14 hal/src/hal_delay.o
                0x00000740                delay_init
 .text.delay_ms
                0x00000754       0x20 hal/src/hal_delay.o
                0x00000754                delay_ms
 .text.io_write
                0x00000774       0x38 hal/src/hal_io.o
                0x00000774                io_write
 .text.io_read  0x000007ac       0x38 hal/src/hal_io.o
                0x000007ac                io_read
 .text.usart_sync_write
                0x000007e4       0x74 hal/src/hal_usart_sync.o
 .text.usart_sync_read
                0x00000858       0x6c hal/src/hal_usart_sync.o
 .text.usart_sync_init
                0x000008c4       0x4c hal/src/hal_usart_sync.o
                0x000008c4                usart_sync_init
 .text.usart_sync_enable
                0x00000910       0x2c hal/src/hal_usart_sync.o
                0x00000910                usart_sync_enable
 .text.usart_sync_get_io_descriptor
                0x0000093c       0x30 hal/src/hal_usart_sync.o
                0x0000093c                usart_sync_get_io_descriptor
 .text.assert   0x0000096c        0x8 hal/utils/src/utils_assert.o
                0x0000096c                assert
 .text.ringbuffer_init
                0x00000974       0x4c hal/utils/src/utils_ringbuffer.o
                0x00000974                ringbuffer_init
 .text.ringbuffer_get
                0x000009c0       0x4c hal/utils/src/utils_ringbuffer.o
                0x000009c0                ringbuffer_get
 .text.ringbuffer_put
                0x00000a0c       0x40 hal/utils/src/utils_ringbuffer.o
                0x00000a0c                ringbuffer_put
 .text.ringbuffer_num
                0x00000a4c       0x24 hal/utils/src/utils_ringbuffer.o
                0x00000a4c                ringbuffer_num
 .text._sbrk    0x00000a70       0x24 hal/utils/src/utils_syscalls.o
                0x00000a70                _sbrk
 .text._close   0x00000a94        0x6 hal/utils/src/utils_syscalls.o
                0x00000a94                _close
 .text._fstat   0x00000a9a        0xa hal/utils/src/utils_syscalls.o
                0x00000a9a                _fstat
 .text._isatty  0x00000aa4        0x4 hal/utils/src/utils_syscalls.o
                0x00000aa4                _isatty
 .text._lseek   0x00000aa8        0x4 hal/utils/src/utils_syscalls.o
                0x00000aa8                _lseek
 .text._adc_get_hardware_index
                0x00000aac        0x4 hpl/adc/hpl_adc.o
 .text._adc_get_regs
                0x00000ab0       0x40 hpl/adc/hpl_adc.o
 .text._adc_init
                0x00000af0       0xbc hpl/adc/hpl_adc.o
 .text._adc_async_init
                0x00000bac       0x60 hpl/adc/hpl_adc.o
                0x00000bac                _adc_async_init
 .text._adc_async_enable_channel
                0x00000c0c        0xe hpl/adc/hpl_adc.o
                0x00000c0c                _adc_async_enable_channel
 .text._adc_async_get_data_size
                0x00000c1a       0x1c hpl/adc/hpl_adc.o
                0x00000c1a                _adc_async_get_data_size
 .text._adc_async_convert
                0x00000c36       0x14 hpl/adc/hpl_adc.o
                0x00000c36                _adc_async_convert
 .text._adc_async_set_irq_state
                0x00000c4a       0x3e hpl/adc/hpl_adc.o
                0x00000c4a                _adc_async_set_irq_state
 .text.ADC_Handler
                0x00000c88       0x48 hpl/adc/hpl_adc.o
                0x00000c88                ADC_Handler
 .text._get_cycles_for_ms
                0x00000cd0        0xc hpl/core/hpl_core_m0plus_base.o
                0x00000cd0                _get_cycles_for_ms
 .text._init_chip
                0x00000cdc       0x34 hpl/core/hpl_init.o
                0x00000cdc                _init_chip
 .text._gclk_init_generators_by_fref
                0x00000d10       0x18 hpl/gclk/hpl_gclk.o
                0x00000d10                _gclk_init_generators_by_fref
 .text._pm_init
                0x00000d28       0x20 hpl/pm/hpl_pm.o
                0x00000d28                _pm_init
 .text._sercom_get_hardware_index
                0x00000d48       0x10 hpl/sercom/hpl_sercom.o
 .text._get_sercom_index
                0x00000d58       0x44 hpl/sercom/hpl_sercom.o
 .text._usart_init
                0x00000d9c       0xc4 hpl/sercom/hpl_sercom.o
 .text._usart_sync_init
                0x00000e60       0x2c hpl/sercom/hpl_sercom.o
                0x00000e60                _usart_sync_init
 .text._usart_sync_enable
                0x00000e8c       0x12 hpl/sercom/hpl_sercom.o
                0x00000e8c                _usart_sync_enable
 .text._usart_sync_write_byte
                0x00000e9e        0x8 hpl/sercom/hpl_sercom.o
                0x00000e9e                _usart_sync_write_byte
 .text._usart_sync_read_byte
                0x00000ea6        0x8 hpl/sercom/hpl_sercom.o
                0x00000ea6                _usart_sync_read_byte
 .text._usart_sync_is_ready_to_send
                0x00000eae        0xa hpl/sercom/hpl_sercom.o
                0x00000eae                _usart_sync_is_ready_to_send
 .text._usart_sync_is_transmit_done
                0x00000eb8        0xc hpl/sercom/hpl_sercom.o
                0x00000eb8                _usart_sync_is_transmit_done
 .text._usart_sync_is_byte_received
                0x00000ec4        0xc hpl/sercom/hpl_sercom.o
                0x00000ec4                _usart_sync_is_byte_received
 .text._sysctrl_init_sources
                0x00000ed0       0x4c hpl/sysctrl/hpl_sysctrl.o
                0x00000ed0                _sysctrl_init_sources
 .text._sysctrl_init_referenced_generators
                0x00000f1c       0x10 hpl/sysctrl/hpl_sysctrl.o
                0x00000f1c                _sysctrl_init_referenced_generators
 .text._system_time_init
                0x00000f2c       0x14 hpl/systick/hpl_systick.o
                0x00000f2c                _system_time_init
 .text._delay_init
                0x00000f40        0xc hpl/systick/hpl_systick.o
                0x00000f40                _delay_init
 .text._delay_cycles
                0x00000f4c       0x40 hpl/systick/hpl_systick.o
                0x00000f4c                _delay_cycles
 .text.convert_cb_Light_sensor_ADC
                0x00000f8c        0xc main.o
 .text.Light_sensor_init
                0x00000f98       0x34 main.o
                0x00000f98                Light_sensor_init
 .text.USART_dbg_init
                0x00000fcc       0x18 main.o
                0x00000fcc                USART_dbg_init
 .text.GET_light_sensor
                0x00000fe4       0x90 main.o
                0x00000fe4                GET_light_sensor
 .text.SET_IO1X_LED_ON
                0x00001074        0xc main.o
                0x00001074                SET_IO1X_LED_ON
 .text.SET_IO1X_LED_OFF
                0x00001080        0xc main.o
                0x00001080                SET_IO1X_LED_OFF
 .text.floatToString
                0x0000108c       0xcc main.o
                0x0000108c                floatToString
 .text.main     0x00001158       0x74 main.o
                0x00001158                main
 .text._read    0x000011cc       0x28 stdio_redirect/gcc/read.o
                0x000011cc                _read
 .text._write   0x000011f4       0x28 stdio_redirect/gcc/write.o
                0x000011f4                _write
 .text.stdio_io_init
                0x0000121c       0x2c stdio_redirect/stdio_io.o
                0x0000121c                stdio_io_init
 .text.stdio_io_read
                0x00001248       0x24 stdio_redirect/stdio_io.o
                0x00001248                stdio_io_read
 .text.stdio_io_write
                0x0000126c       0x24 stdio_redirect/stdio_io.o
                0x0000126c                stdio_io_write
 .text.stdio_redirect_init
                0x00001290       0x20 stdio_start.o
                0x00001290                stdio_redirect_init
 .text          0x000012b0      0x114 c:/program files (x86)/atmel/studio/7.0/toolchain/arm/arm-gnu-toolchain/bin/../lib/gcc/arm-none-eabi/6.3.1/thumb/v6-m\libgcc.a(_udivsi3.o)
                0x000012b0                __aeabi_uidiv
                0x000012b0                __udivsi3
                0x000013bc                __aeabi_uidivmod
 .text          0x000013c4      0x1d4 c:/program files (x86)/atmel/studio/7.0/toolchain/arm/arm-gnu-toolchain/bin/../lib/gcc/arm-none-eabi/6.3.1/thumb/v6-m\libgcc.a(_divsi3.o)
                0x000013c4                __divsi3
                0x000013c4                __aeabi_idiv
                0x00001590                __aeabi_idivmod
 .text          0x00001598        0x4 c:/program files (x86)/atmel/studio/7.0/toolchain/arm/arm-gnu-toolchain/bin/../lib/gcc/arm-none-eabi/6.3.1/thumb/v6-m\libgcc.a(_dvmd_tls.o)
                0x00001598                __aeabi_idiv0
                0x00001598                __aeabi_ldiv0
 .text          0x0000159c      0x240 c:/program files (x86)/atmel/studio/7.0/toolchain/arm/arm-gnu-toolchain/bin/../lib/gcc/arm-none-eabi/6.3.1/thumb/v6-m\libgcc.a(mulsf3.o)
                0x0000159c                __aeabi_fmul
 .text          0x000017dc      0x338 c:/program files (x86)/atmel/studio/7.0/toolchain/arm/arm-gnu-toolchain/bin/../lib/gcc/arm-none-eabi/6.3.1/thumb/v6-m\libgcc.a(subsf3.o)
                0x000017dc                __aeabi_fsub
 .text          0x00001b14       0x40 c:/program files (x86)/atmel/studio/7.0/toolchain/arm/arm-gnu-toolchain/bin/../lib/gcc/arm-none-eabi/6.3.1/thumb/v6-m\libgcc.a(fixsfsi.o)
                0x00001b14                __aeabi_f2iz
 .text          0x00001b54       0xa0 c:/program files (x86)/atmel/studio/7.0/toolchain/arm/arm-gnu-toolchain/bin/../lib/gcc/arm-none-eabi/6.3.1/thumb/v6-m\libgcc.a(floatsisf.o)
                0x00001b54                __aeabi_i2f
 .text          0x00001bf4      0x668 c:/program files (x86)/atmel/studio/7.0/toolchain/arm/arm-gnu-toolchain/bin/../lib/gcc/arm-none-eabi/6.3.1/thumb/v6-m\libgcc.a(divdf3.o)
                0x00001bf4                __aeabi_ddiv
 .text          0x0000225c      0x500 c:/program files (x86)/atmel/studio/7.0/toolchain/arm/arm-gnu-toolchain/bin/../lib/gcc/arm-none-eabi/6.3.1/thumb/v6-m\libgcc.a(muldf3.o)
                0x0000225c                __aeabi_dmul
 .text          0x0000275c      0x62c c:/program files (x86)/atmel/studio/7.0/toolchain/arm/arm-gnu-toolchain/bin/../lib/gcc/arm-none-eabi/6.3.1/thumb/v6-m\libgcc.a(subdf3.o)
                0x0000275c                __aeabi_dsub
 .text          0x00002d88       0x84 c:/program files (x86)/atmel/studio/7.0/toolchain/arm/arm-gnu-toolchain/bin/../lib/gcc/arm-none-eabi/6.3.1/thumb/v6-m\libgcc.a(floatsidf.o)
                0x00002d88                __aeabi_i2d
 .text          0x00002e0c       0xa4 c:/program files (x86)/atmel/studio/7.0/toolchain/arm/arm-gnu-toolchain/bin/../lib/gcc/arm-none-eabi/6.3.1/thumb/v6-m\libgcc.a(extendsfdf2.o)
                0x00002e0c                __aeabi_f2d
 .text          0x00002eb0      0x114 c:/program files (x86)/atmel/studio/7.0/toolchain/arm/arm-gnu-toolchain/bin/../lib/gcc/arm-none-eabi/6.3.1/thumb/v6-m\libgcc.a(truncdfsf2.o)
                0x00002eb0                __aeabi_d2f
 .text          0x00002fc4       0x3c c:/program files (x86)/atmel/studio/7.0/toolchain/arm/arm-gnu-toolchain/bin/../lib/gcc/arm-none-eabi/6.3.1/thumb/v6-m\libgcc.a(_clzsi2.o)
                0x00002fc4                __clzsi2
 .text.__libc_init_array
                0x00003000       0x48 c:/program files (x86)/atmel/studio/7.0/toolchain/arm/arm-gnu-toolchain/bin/../lib/gcc/arm-none-eabi/6.3.1/../../../../arm-none-eabi/lib/thumb/v6-m\libc_nano.a(lib_a-init.o)
                0x00003000                __libc_init_array
 .text.memset   0x00003048       0x10 c:/program files (x86)/atmel/studio/7.0/toolchain/arm/arm-gnu-toolchain/bin/../lib/gcc/arm-none-eabi/6.3.1/../../../../arm-none-eabi/lib/thumb/v6-m\libc_nano.a(lib_a-memset.o)
                0x00003048                memset
 .text.printf   0x00003058       0x34 c:/program files (x86)/atmel/studio/7.0/toolchain/arm/arm-gnu-toolchain/bin/../lib/gcc/arm-none-eabi/6.3.1/../../../../arm-none-eabi/lib/thumb/v6-m\libc_nano.a(lib_a-printf.o)
                0x00003058                iprintf
                0x00003058                printf
 .text.setbuf   0x0000308c       0x12 c:/program files (x86)/atmel/studio/7.0/toolchain/arm/arm-gnu-toolchain/bin/../lib/gcc/arm-none-eabi/6.3.1/../../../../arm-none-eabi/lib/thumb/v6-m\libc_nano.a(lib_a-setbuf.o)
                0x0000308c                setbuf
 *fill*         0x0000309e        0x2 
 .text.setvbuf  0x000030a0      0x158 c:/program files (x86)/atmel/studio/7.0/toolchain/arm/arm-gnu-toolchain/bin/../lib/gcc/arm-none-eabi/6.3.1/../../../../arm-none-eabi/lib/thumb/v6-m\libc_nano.a(lib_a-setvbuf.o)
                0x000030a0                setvbuf
 .text.sprintf  0x000031f8       0x44 c:/program files (x86)/atmel/studio/7.0/toolchain/arm/arm-gnu-toolchain/bin/../lib/gcc/arm-none-eabi/6.3.1/../../../../arm-none-eabi/lib/thumb/v6-m\libc_nano.a(lib_a-sprintf.o)
                0x000031f8                siprintf
                0x000031f8                sprintf
 .text.__swbuf_r
                0x0000323c       0xac c:/program files (x86)/atmel/studio/7.0/toolchain/arm/arm-gnu-toolchain/bin/../lib/gcc/arm-none-eabi/6.3.1/../../../../arm-none-eabi/lib/thumb/v6-m\libc_nano.a(lib_a-wbuf.o)
                0x0000323c                __swbuf_r
 .text.__swsetup_r
                0x000032e8       0xec c:/program files (x86)/atmel/studio/7.0/toolchain/arm/arm-gnu-toolchain/bin/../lib/gcc/arm-none-eabi/6.3.1/../../../../arm-none-eabi/lib/thumb/v6-m\libc_nano.a(lib_a-wsetup.o)
                0x000032e8                __swsetup_r
 .text.__sflush_r
                0x000033d4      0x114 c:/program files (x86)/atmel/studio/7.0/toolchain/arm/arm-gnu-toolchain/bin/../lib/gcc/arm-none-eabi/6.3.1/../../../../arm-none-eabi/lib/thumb/v6-m\libc_nano.a(lib_a-fflush.o)
                0x000033d4                __sflush_r
 .text._fflush_r
                0x000034e8       0x58 c:/program files (x86)/atmel/studio/7.0/toolchain/arm/arm-gnu-toolchain/bin/../lib/gcc/arm-none-eabi/6.3.1/../../../../arm-none-eabi/lib/thumb/v6-m\libc_nano.a(lib_a-fflush.o)
                0x000034e8                _fflush_r
 .text._cleanup_r
                0x00003540       0x10 c:/program files (x86)/atmel/studio/7.0/toolchain/arm/arm-gnu-toolchain/bin/../lib/gcc/arm-none-eabi/6.3.1/../../../../arm-none-eabi/lib/thumb/v6-m\libc_nano.a(lib_a-findfp.o)
                0x00003540                _cleanup_r
 .text.std.isra.0
                0x00003550       0x48 c:/program files (x86)/atmel/studio/7.0/toolchain/arm/arm-gnu-toolchain/bin/../lib/gcc/arm-none-eabi/6.3.1/../../../../arm-none-eabi/lib/thumb/v6-m\libc_nano.a(lib_a-findfp.o)
 .text.__sfmoreglue
                0x00003598       0x2c c:/program files (x86)/atmel/studio/7.0/toolchain/arm/arm-gnu-toolchain/bin/../lib/gcc/arm-none-eabi/6.3.1/../../../../arm-none-eabi/lib/thumb/v6-m\libc_nano.a(lib_a-findfp.o)
                0x00003598                __sfmoreglue
 .text.__sinit  0x000035c4       0x68 c:/program files (x86)/atmel/studio/7.0/toolchain/arm/arm-gnu-toolchain/bin/../lib/gcc/arm-none-eabi/6.3.1/../../../../arm-none-eabi/lib/thumb/v6-m\libc_nano.a(lib_a-findfp.o)
                0x000035c4                __sinit
 .text.__sfp    0x0000362c       0x80 c:/program files (x86)/atmel/studio/7.0/toolchain/arm/arm-gnu-toolchain/bin/../lib/gcc/arm-none-eabi/6.3.1/../../../../arm-none-eabi/lib/thumb/v6-m\libc_nano.a(lib_a-findfp.o)
                0x0000362c                __sfp
 .text._fwalk_reent
                0x000036ac       0x42 c:/program files (x86)/atmel/studio/7.0/toolchain/arm/arm-gnu-toolchain/bin/../lib/gcc/arm-none-eabi/6.3.1/../../../../arm-none-eabi/lib/thumb/v6-m\libc_nano.a(lib_a-fwalk.o)
                0x000036ac                _fwalk_reent
 *fill*         0x000036ee        0x2 
 .text.__swhatbuf_r
                0x000036f0       0x50 c:/program files (x86)/atmel/studio/7.0/toolchain/arm/arm-gnu-toolchain/bin/../lib/gcc/arm-none-eabi/6.3.1/../../../../arm-none-eabi/lib/thumb/v6-m\libc_nano.a(lib_a-makebuf.o)
                0x000036f0                __swhatbuf_r
 .text.__smakebuf_r
                0x00003740       0x88 c:/program files (x86)/atmel/studio/7.0/toolchain/arm/arm-gnu-toolchain/bin/../lib/gcc/arm-none-eabi/6.3.1/../../../../arm-none-eabi/lib/thumb/v6-m\libc_nano.a(lib_a-makebuf.o)
                0x00003740                __smakebuf_r
 .text.malloc   0x000037c8       0x14 c:/program files (x86)/atmel/studio/7.0/toolchain/arm/arm-gnu-toolchain/bin/../lib/gcc/arm-none-eabi/6.3.1/../../../../arm-none-eabi/lib/thumb/v6-m\libc_nano.a(lib_a-malloc.o)
                0x000037c8                malloc
 .text._free_r  0x000037dc       0x94 c:/program files (x86)/atmel/studio/7.0/toolchain/arm/arm-gnu-toolchain/bin/../lib/gcc/arm-none-eabi/6.3.1/../../../../arm-none-eabi/lib/thumb/v6-m\libc_nano.a(lib_a-nano-freer.o)
                0x000037dc                _free_r
 .text._malloc_r
                0x00003870       0xbc c:/program files (x86)/atmel/studio/7.0/toolchain/arm/arm-gnu-toolchain/bin/../lib/gcc/arm-none-eabi/6.3.1/../../../../arm-none-eabi/lib/thumb/v6-m\libc_nano.a(lib_a-nano-mallocr.o)
                0x00003870                _malloc_r
 .text.__ssputs_r
                0x0000392c       0xc4 c:/program files (x86)/atmel/studio/7.0/toolchain/arm/arm-gnu-toolchain/bin/../lib/gcc/arm-none-eabi/6.3.1/../../../../arm-none-eabi/lib/thumb/v6-m\libc_nano.a(lib_a-nano-svfprintf.o)
                0x0000392c                __ssputs_r
 .text._svfprintf_r
                0x000039f0      0x208 c:/program files (x86)/atmel/studio/7.0/toolchain/arm/arm-gnu-toolchain/bin/../lib/gcc/arm-none-eabi/6.3.1/../../../../arm-none-eabi/lib/thumb/v6-m\libc_nano.a(lib_a-nano-svfprintf.o)
                0x000039f0                _svfiprintf_r
                0x000039f0                _svfprintf_r
 .text.__sfputc_r
                0x00003bf8       0x2a c:/program files (x86)/atmel/studio/7.0/toolchain/arm/arm-gnu-toolchain/bin/../lib/gcc/arm-none-eabi/6.3.1/../../../../arm-none-eabi/lib/thumb/v6-m\libc_nano.a(lib_a-nano-vfprintf.o)
 .text.__sfputs_r
                0x00003c22       0x24 c:/program files (x86)/atmel/studio/7.0/toolchain/arm/arm-gnu-toolchain/bin/../lib/gcc/arm-none-eabi/6.3.1/../../../../arm-none-eabi/lib/thumb/v6-m\libc_nano.a(lib_a-nano-vfprintf.o)
                0x00003c22                __sfputs_r
 *fill*         0x00003c46        0x2 
 .text._vfprintf_r
                0x00003c48      0x238 c:/program files (x86)/atmel/studio/7.0/toolchain/arm/arm-gnu-toolchain/bin/../lib/gcc/arm-none-eabi/6.3.1/../../../../arm-none-eabi/lib/thumb/v6-m\libc_nano.a(lib_a-nano-vfprintf.o)
                0x00003c48                _vfprintf_r
                0x00003c48                _vfiprintf_r
 .text._printf_common
                0x00003e80       0xda c:/program files (x86)/atmel/studio/7.0/toolchain/arm/arm-gnu-toolchain/bin/../lib/gcc/arm-none-eabi/6.3.1/../../../../arm-none-eabi/lib/thumb/v6-m\libc_nano.a(lib_a-nano-vfprintf_i.o)
                0x00003e80                _printf_common
 *fill*         0x00003f5a        0x2 
 .text._printf_i
                0x00003f5c      0x234 c:/program files (x86)/atmel/studio/7.0/toolchain/arm/arm-gnu-toolchain/bin/../lib/gcc/arm-none-eabi/6.3.1/../../../../arm-none-eabi/lib/thumb/v6-m\libc_nano.a(lib_a-nano-vfprintf_i.o)
                0x00003f5c                _printf_i
 .text._sbrk_r  0x00004190       0x24 c:/program files (x86)/atmel/studio/7.0/toolchain/arm/arm-gnu-toolchain/bin/../lib/gcc/arm-none-eabi/6.3.1/../../../../arm-none-eabi/lib/thumb/v6-m\libc_nano.a(lib_a-sbrkr.o)
                0x00004190                _sbrk_r
 .text.__sread  0x000041b4       0x28 c:/program files (x86)/atmel/studio/7.0/toolchain/arm/arm-gnu-toolchain/bin/../lib/gcc/arm-none-eabi/6.3.1/../../../../arm-none-eabi/lib/thumb/v6-m\libc_nano.a(lib_a-stdio.o)
                0x000041b4                __sread
 .text.__swrite
                0x000041dc       0x38 c:/program files (x86)/atmel/studio/7.0/toolchain/arm/arm-gnu-toolchain/bin/../lib/gcc/arm-none-eabi/6.3.1/../../../../arm-none-eabi/lib/thumb/v6-m\libc_nano.a(lib_a-stdio.o)
                0x000041dc                __swrite
 .text.__sseek  0x00004214       0x2c c:/program files (x86)/atmel/studio/7.0/toolchain/arm/arm-gnu-toolchain/bin/../lib/gcc/arm-none-eabi/6.3.1/../../../../arm-none-eabi/lib/thumb/v6-m\libc_nano.a(lib_a-stdio.o)
                0x00004214                __sseek
 .text.__sclose
                0x00004240        0xc c:/program files (x86)/atmel/studio/7.0/toolchain/arm/arm-gnu-toolchain/bin/../lib/gcc/arm-none-eabi/6.3.1/../../../../arm-none-eabi/lib/thumb/v6-m\libc_nano.a(lib_a-stdio.o)
                0x00004240                __sclose
 .text._write_r
                0x0000424c       0x28 c:/program files (x86)/atmel/studio/7.0/toolchain/arm/arm-gnu-toolchain/bin/../lib/gcc/arm-none-eabi/6.3.1/../../../../arm-none-eabi/lib/thumb/v6-m\libc_nano.a(lib_a-writer.o)
                0x0000424c                _write_r
 .text._close_r
                0x00004274       0x24 c:/program files (x86)/atmel/studio/7.0/toolchain/arm/arm-gnu-toolchain/bin/../lib/gcc/arm-none-eabi/6.3.1/../../../../arm-none-eabi/lib/thumb/v6-m\libc_nano.a(lib_a-closer.o)
                0x00004274                _close_r
 .text._fstat_r
                0x00004298       0x24 c:/program files (x86)/atmel/studio/7.0/toolchain/arm/arm-gnu-toolchain/bin/../lib/gcc/arm-none-eabi/6.3.1/../../../../arm-none-eabi/lib/thumb/v6-m\libc_nano.a(lib_a-fstatr.o)
                0x00004298                _fstat_r
 .text._isatty_r
                0x000042bc       0x24 c:/program files (x86)/atmel/studio/7.0/toolchain/arm/arm-gnu-toolchain/bin/../lib/gcc/arm-none-eabi/6.3.1/../../../../arm-none-eabi/lib/thumb/v6-m\libc_nano.a(lib_a-isattyr.o)
                0x000042bc                _isatty_r
 .text._lseek_r
                0x000042e0       0x28 c:/program files (x86)/atmel/studio/7.0/toolchain/arm/arm-gnu-toolchain/bin/../lib/gcc/arm-none-eabi/6.3.1/../../../../arm-none-eabi/lib/thumb/v6-m\libc_nano.a(lib_a-lseekr.o)
                0x000042e0                _lseek_r
 .text.memchr   0x00004308       0x16 c:/program files (x86)/atmel/studio/7.0/toolchain/arm/arm-gnu-toolchain/bin/../lib/gcc/arm-none-eabi/6.3.1/../../../../arm-none-eabi/lib/thumb/v6-m\libc_nano.a(lib_a-memchr-stub.o)
                0x00004308                memchr
 .text.memcpy   0x0000431e       0x12 c:/program files (x86)/atmel/studio/7.0/toolchain/arm/arm-gnu-toolchain/bin/../lib/gcc/arm-none-eabi/6.3.1/../../../../arm-none-eabi/lib/thumb/v6-m\libc_nano.a(lib_a-memcpy-stub.o)
                0x0000431e                memcpy
 .text.memmove  0x00004330       0x24 c:/program files (x86)/atmel/studio/7.0/toolchain/arm/arm-gnu-toolchain/bin/../lib/gcc/arm-none-eabi/6.3.1/../../../../arm-none-eabi/lib/thumb/v6-m\libc_nano.a(lib_a-memmove.o)
                0x00004330                memmove
 .text.__malloc_lock
                0x00004354        0x2 c:/program files (x86)/atmel/studio/7.0/toolchain/arm/arm-gnu-toolchain/bin/../lib/gcc/arm-none-eabi/6.3.1/../../../../arm-none-eabi/lib/thumb/v6-m\libc_nano.a(lib_a-mlock.o)
                0x00004354                __malloc_lock
 .text.__malloc_unlock
                0x00004356        0x2 c:/program files (x86)/atmel/studio/7.0/toolchain/arm/arm-gnu-toolchain/bin/../lib/gcc/arm-none-eabi/6.3.1/../../../../arm-none-eabi/lib/thumb/v6-m\libc_nano.a(lib_a-mlock.o)
                0x00004356                __malloc_unlock
 .text._realloc_r
                0x00004358       0x4c c:/program files (x86)/atmel/studio/7.0/toolchain/arm/arm-gnu-toolchain/bin/../lib/gcc/arm-none-eabi/6.3.1/../../../../arm-none-eabi/lib/thumb/v6-m\libc_nano.a(lib_a-nano-reallocr.o)
                0x00004358                _realloc_r
 .text._read_r  0x000043a4       0x28 c:/program files (x86)/atmel/studio/7.0/toolchain/arm/arm-gnu-toolchain/bin/../lib/gcc/arm-none-eabi/6.3.1/../../../../arm-none-eabi/lib/thumb/v6-m\libc_nano.a(lib_a-readr.o)
                0x000043a4                _read_r
 .text._malloc_usable_size_r
                0x000043cc       0x10 c:/program files (x86)/atmel/studio/7.0/toolchain/arm/arm-gnu-toolchain/bin/../lib/gcc/arm-none-eabi/6.3.1/../../../../arm-none-eabi/lib/thumb/v6-m\libc_nano.a(lib_a-nano-msizer.o)
                0x000043cc                _malloc_usable_size_r
 *(.glue_7t)
 .glue_7t       0x000043dc        0x0 linker stubs
 *(.glue_7)
 .glue_7        0x000043dc        0x0 linker stubs
 *(.rodata .rodata* .gnu.linkonce.r.*)
 .rodata.str1.4
                0x000043dc       0x1b hal/src/hal_adc_async.o
 *fill*         0x000043f7        0x1 
 .rodata.str1.4
                0x000043f8       0x14 hal/src/hal_io.o
 .rodata.str1.4
                0x0000440c       0x1c hal/src/hal_usart_sync.o
 .rodata.str1.4
                0x00004428       0x24 hal/utils/src/utils_ringbuffer.o
 .rodata        0x0000444c       0x1c hpl/adc/hpl_adc.o
 .rodata.str1.4
                0x00004468       0x15 hpl/adc/hpl_adc.o
 *fill*         0x0000447d        0x3 
 .rodata        0x00004480       0x4d hpl/sercom/hpl_sercom.o
 *fill*         0x000044cd        0x3 
 .rodata.str1.4
                0x000044d0       0x1b hpl/sercom/hpl_sercom.o
 *fill*         0x000044eb        0x1 
 .rodata.str1.4
                0x000044ec       0x14 main.o
 .rodata        0x00004500       0x40 c:/program files (x86)/atmel/studio/7.0/toolchain/arm/arm-gnu-toolchain/bin/../lib/gcc/arm-none-eabi/6.3.1/thumb/v6-m\libgcc.a(mulsf3.o)
 .rodata        0x00004540       0x40 c:/program files (x86)/atmel/studio/7.0/toolchain/arm/arm-gnu-toolchain/bin/../lib/gcc/arm-none-eabi/6.3.1/thumb/v6-m\libgcc.a(divdf3.o)
 .rodata        0x00004580       0x40 c:/program files (x86)/atmel/studio/7.0/toolchain/arm/arm-gnu-toolchain/bin/../lib/gcc/arm-none-eabi/6.3.1/thumb/v6-m\libgcc.a(muldf3.o)
 .rodata._global_impure_ptr
                0x000045c0        0x4 c:/program files (x86)/atmel/studio/7.0/toolchain/arm/arm-gnu-toolchain/bin/../lib/gcc/arm-none-eabi/6.3.1/../../../../arm-none-eabi/lib/thumb/v6-m\libc_nano.a(lib_a-impure.o)
                0x000045c0                _global_impure_ptr
 .rodata.__sf_fake_stderr
                0x000045c4       0x20 c:/program files (x86)/atmel/studio/7.0/toolchain/arm/arm-gnu-toolchain/bin/../lib/gcc/arm-none-eabi/6.3.1/../../../../arm-none-eabi/lib/thumb/v6-m\libc_nano.a(lib_a-findfp.o)
                0x000045c4                __sf_fake_stderr
 .rodata.__sf_fake_stdin
                0x000045e4       0x20 c:/program files (x86)/atmel/studio/7.0/toolchain/arm/arm-gnu-toolchain/bin/../lib/gcc/arm-none-eabi/6.3.1/../../../../arm-none-eabi/lib/thumb/v6-m\libc_nano.a(lib_a-findfp.o)
                0x000045e4                __sf_fake_stdin
 .rodata.__sf_fake_stdout
                0x00004604       0x20 c:/program files (x86)/atmel/studio/7.0/toolchain/arm/arm-gnu-toolchain/bin/../lib/gcc/arm-none-eabi/6.3.1/../../../../arm-none-eabi/lib/thumb/v6-m\libc_nano.a(lib_a-findfp.o)
                0x00004604                __sf_fake_stdout
 .rodata._svfprintf_r.str1.1
                0x00004624       0x11 c:/program files (x86)/atmel/studio/7.0/toolchain/arm/arm-gnu-toolchain/bin/../lib/gcc/arm-none-eabi/6.3.1/../../../../arm-none-eabi/lib/thumb/v6-m\libc_nano.a(lib_a-nano-svfprintf.o)
 .rodata._vfprintf_r.str1.1
                0x00004635       0x11 c:/program files (x86)/atmel/studio/7.0/toolchain/arm/arm-gnu-toolchain/bin/../lib/gcc/arm-none-eabi/6.3.1/../../../../arm-none-eabi/lib/thumb/v6-m\libc_nano.a(lib_a-nano-vfprintf.o)
 .rodata._printf_i.str1.1
                0x00004635       0x22 c:/program files (x86)/atmel/studio/7.0/toolchain/arm/arm-gnu-toolchain/bin/../lib/gcc/arm-none-eabi/6.3.1/../../../../arm-none-eabi/lib/thumb/v6-m\libc_nano.a(lib_a-nano-vfprintf_i.o)
 *(.ARM.extab* .gnu.linkonce.armextab.*)
                0x00004658                . = ALIGN (0x4)
 *fill*         0x00004657        0x1 
 *(.init)
 .init          0x00004658        0x4 c:/program files (x86)/atmel/studio/7.0/toolchain/arm/arm-gnu-toolchain/bin/../lib/gcc/arm-none-eabi/6.3.1/thumb/v6-m/crti.o
                0x00004658                _init
 .init          0x0000465c        0x8 c:/program files (x86)/atmel/studio/7.0/toolchain/arm/arm-gnu-toolchain/bin/../lib/gcc/arm-none-eabi/6.3.1/thumb/v6-m/crtn.o
                0x00004664                . = ALIGN (0x4)
                0x00004664                __preinit_array_start = .
 *(.preinit_array)
                0x00004664                __preinit_array_end = .
                0x00004664                . = ALIGN (0x4)
                0x00004664                __init_array_start = .
 *(SORT(.init_array.*))
 *(.init_array)
 .init_array    0x00004664        0x4 c:/program files (x86)/atmel/studio/7.0/toolchain/arm/arm-gnu-toolchain/bin/../lib/gcc/arm-none-eabi/6.3.1/thumb/v6-m/crtbegin.o
                0x00004668                __init_array_end = .
                0x00004668                . = ALIGN (0x4)
 *crtbegin.o(.ctors)
 *(EXCLUDE_FILE(*crtend.o) .ctors)
 *(SORT(.ctors.*))
 *crtend.o(.ctors)
                0x00004668                . = ALIGN (0x4)
 *(.fini)
 .fini          0x00004668        0x4 c:/program files (x86)/atmel/studio/7.0/toolchain/arm/arm-gnu-toolchain/bin/../lib/gcc/arm-none-eabi/6.3.1/thumb/v6-m/crti.o
                0x00004668                _fini
 .fini          0x0000466c        0x8 c:/program files (x86)/atmel/studio/7.0/toolchain/arm/arm-gnu-toolchain/bin/../lib/gcc/arm-none-eabi/6.3.1/thumb/v6-m/crtn.o
                0x00004674                . = ALIGN (0x4)
                0x00004674                __fini_array_start = .
 *(.fini_array)
 .fini_array    0x00004674        0x4 c:/program files (x86)/atmel/studio/7.0/toolchain/arm/arm-gnu-toolchain/bin/../lib/gcc/arm-none-eabi/6.3.1/thumb/v6-m/crtbegin.o
 *(SORT(.fini_array.*))
                0x00004678                __fini_array_end = .
 *crtbegin.o(.dtors)
 *(EXCLUDE_FILE(*crtend.o) .dtors)
 *(SORT(.dtors.*))
 *crtend.o(.dtors)
                0x00004678                . = ALIGN (0x4)
                0x00004678                _efixed = .
                [!provide]                PROVIDE (__exidx_start, .)

.vfp11_veneer   0x00004678        0x0
 .vfp11_veneer  0x00004678        0x0 linker stubs

.v4_bx          0x00004678        0x0
 .v4_bx         0x00004678        0x0 linker stubs

.iplt           0x00004678        0x0
 .iplt          0x00004678        0x0 c:/program files (x86)/atmel/studio/7.0/toolchain/arm/arm-gnu-toolchain/bin/../lib/gcc/arm-none-eabi/6.3.1/thumb/v6-m/crtbegin.o

.eh_frame       0x00004678        0x0
 .eh_frame      0x00004678        0x0 c:/program files (x86)/atmel/studio/7.0/toolchain/arm/arm-gnu-toolchain/bin/../lib/gcc/arm-none-eabi/6.3.1/thumb/v6-m/crtbegin.o

.rel.dyn        0x00004678        0x0
 .rel.iplt      0x00004678        0x0 c:/program files (x86)/atmel/studio/7.0/toolchain/arm/arm-gnu-toolchain/bin/../lib/gcc/arm-none-eabi/6.3.1/thumb/v6-m/crtbegin.o

.jcr            0x00004678        0x0
 .jcr           0x00004678        0x0 c:/program files (x86)/atmel/studio/7.0/toolchain/arm/arm-gnu-toolchain/bin/../lib/gcc/arm-none-eabi/6.3.1/thumb/v6-m/crtbegin.o

.igot.plt       0x00004678        0x0
 .igot.plt      0x00004678        0x0 c:/program files (x86)/atmel/studio/7.0/toolchain/arm/arm-gnu-toolchain/bin/../lib/gcc/arm-none-eabi/6.3.1/thumb/v6-m/crtbegin.o

.ARM.exidx
 *(.ARM.exidx* .gnu.linkonce.armexidx.*)
                [!provide]                PROVIDE (__exidx_end, .)
                0x00004678                . = ALIGN (0x4)
                0x00004678                _etext = .

.relocate       0x20000000       0x64 load address 0x00004678
                0x20000000                . = ALIGN (0x4)
                0x20000000                _srelocate = .
 *(.ramfunc .ramfunc.*)
 *(.data .data.*)
 .data._impure_ptr
                0x20000000        0x4 c:/program files (x86)/atmel/studio/7.0/toolchain/arm/arm-gnu-toolchain/bin/../lib/gcc/arm-none-eabi/6.3.1/../../../../arm-none-eabi/lib/thumb/v6-m\libc_nano.a(lib_a-impure.o)
                0x20000000                _impure_ptr
 .data.impure_data
                0x20000004       0x60 c:/program files (x86)/atmel/studio/7.0/toolchain/arm/arm-gnu-toolchain/bin/../lib/gcc/arm-none-eabi/6.3.1/../../../../arm-none-eabi/lib/thumb/v6-m\libc_nano.a(lib_a-impure.o)
                0x20000064                . = ALIGN (0x4)
                0x20000064                _erelocate = .

.bss            0x20000064       0xa8 load address 0x000046dc
                0x20000064                . = ALIGN (0x4)
                0x20000064                _sbss = .
                0x20000064                _szero = .
 *(.bss .bss.*)
 .bss           0x20000064       0x1c c:/program files (x86)/atmel/studio/7.0/toolchain/arm/arm-gnu-toolchain/bin/../lib/gcc/arm-none-eabi/6.3.1/thumb/v6-m/crtbegin.o
 .bss           0x20000080       0x14 driver_init.o
 .bss           0x20000094        0x4 hal/src/hal_delay.o
 .bss           0x20000098        0x4 hal/utils/src/utils_syscalls.o
 .bss           0x2000009c        0x4 hpl/adc/hpl_adc.o
 .bss           0x200000a0        0x1 main.o
                0x200000a0                conversion_done
 *fill*         0x200000a1        0x3 
 .bss           0x200000a4        0x4 stdio_redirect/stdio_io.o
 .bss.__malloc_free_list
                0x200000a8        0x4 c:/program files (x86)/atmel/studio/7.0/toolchain/arm/arm-gnu-toolchain/bin/../lib/gcc/arm-none-eabi/6.3.1/../../../../arm-none-eabi/lib/thumb/v6-m\libc_nano.a(lib_a-nano-mallocr.o)
                0x200000a8                __malloc_free_list
 .bss.__malloc_sbrk_start
                0x200000ac        0x4 c:/program files (x86)/atmel/studio/7.0/toolchain/arm/arm-gnu-toolchain/bin/../lib/gcc/arm-none-eabi/6.3.1/../../../../arm-none-eabi/lib/thumb/v6-m\libc_nano.a(lib_a-nano-mallocr.o)
                0x200000ac                __malloc_sbrk_start
 *(COMMON)
 COMMON         0x200000b0       0x50 driver_init.o
                0x200000b0                Light_sensor_ADC_ch
                0x200000c8                Light_sensor_ADC
                0x200000f4                USART_debug
 COMMON         0x20000100        0x8 main.o
                0x20000100                light_sensor
                0x20000104                USART_debug_io
 COMMON         0x20000108        0x4 c:/program files (x86)/atmel/studio/7.0/toolchain/arm/arm-gnu-toolchain/bin/../lib/gcc/arm-none-eabi/6.3.1/../../../../arm-none-eabi/lib/thumb/v6-m\libc_nano.a(lib_a-reent.o)
                0x20000108                errno
                0x2000010c                . = ALIGN (0x4)
                0x2000010c                _ebss = .
                0x2000010c                _ezero = .

.stack          0x2000010c     0x2004 load address 0x00004784
                0x20000110                . = ALIGN (0x8)
 *fill*         0x2000010c        0x4 
                0x20000110                _sstack = .
                0x20002110                . = (. + STACK_SIZE)
 *fill*         0x20000110     0x2000 
                0x20002110                . = ALIGN (0x8)
                0x20002110                _estack = .
                0x20002110                . = ALIGN (0x4)
                0x20002110                _end = .
OUTPUT(Test_Io1_Plained.elf elf32-littlearm)

.ARM.attributes
                0x00000000       0x28
 .ARM.attributes
                0x00000000       0x1e c:/program files (x86)/atmel/studio/7.0/toolchain/arm/arm-gnu-toolchain/bin/../lib/gcc/arm-none-eabi/6.3.1/thumb/v6-m/crti.o
 .ARM.attributes
                0x0000001e       0x2c c:/program files (x86)/atmel/studio/7.0/toolchain/arm/arm-gnu-toolchain/bin/../lib/gcc/arm-none-eabi/6.3.1/thumb/v6-m/crtbegin.o
 .ARM.attributes
                0x0000004a       0x32 atmel_start.o
 .ARM.attributes
                0x0000007c       0x32 Device_Startup/startup_samr21.o
 .ARM.attributes
                0x000000ae       0x32 driver_init.o
 .ARM.attributes
                0x000000e0       0x32 hal/src/hal_adc_async.o
 .ARM.attributes
                0x00000112       0x32 hal/src/hal_atomic.o
 .ARM.attributes
                0x00000144       0x32 hal/src/hal_delay.o
 .ARM.attributes
                0x00000176       0x32 hal/src/hal_io.o
 .ARM.attributes
                0x000001a8       0x32 hal/src/hal_usart_sync.o
 .ARM.attributes
                0x000001da       0x32 hal/utils/src/utils_assert.o
 .ARM.attributes
                0x0000020c       0x32 hal/utils/src/utils_ringbuffer.o
 .ARM.attributes
                0x0000023e       0x32 hal/utils/src/utils_syscalls.o
 .ARM.attributes
                0x00000270       0x32 hpl/adc/hpl_adc.o
 .ARM.attributes
                0x000002a2       0x32 hpl/core/hpl_core_m0plus_base.o
 .ARM.attributes
                0x000002d4       0x32 hpl/core/hpl_init.o
 .ARM.attributes
                0x00000306       0x32 hpl/gclk/hpl_gclk.o
 .ARM.attributes
                0x00000338       0x32 hpl/pm/hpl_pm.o
 .ARM.attributes
                0x0000036a       0x32 hpl/sercom/hpl_sercom.o
 .ARM.attributes
                0x0000039c       0x32 hpl/sysctrl/hpl_sysctrl.o
 .ARM.attributes
                0x000003ce       0x32 hpl/systick/hpl_systick.o
 .ARM.attributes
                0x00000400       0x32 main.o
 .ARM.attributes
                0x00000432       0x32 stdio_redirect/gcc/read.o
 .ARM.attributes
                0x00000464       0x32 stdio_redirect/gcc/write.o
 .ARM.attributes
                0x00000496       0x32 stdio_redirect/stdio_io.o
 .ARM.attributes
                0x000004c8       0x32 stdio_start.o
 .ARM.attributes
                0x000004fa       0x1e c:/program files (x86)/atmel/studio/7.0/toolchain/arm/arm-gnu-toolchain/bin/../lib/gcc/arm-none-eabi/6.3.1/thumb/v6-m\libgcc.a(_udivsi3.o)
 .ARM.attributes
                0x00000518       0x1e c:/program files (x86)/atmel/studio/7.0/toolchain/arm/arm-gnu-toolchain/bin/../lib/gcc/arm-none-eabi/6.3.1/thumb/v6-m\libgcc.a(_divsi3.o)
 .ARM.attributes
                0x00000536       0x1e c:/program files (x86)/atmel/studio/7.0/toolchain/arm/arm-gnu-toolchain/bin/../lib/gcc/arm-none-eabi/6.3.1/thumb/v6-m\libgcc.a(_dvmd_tls.o)
 .ARM.attributes
                0x00000554       0x2c c:/program files (x86)/atmel/studio/7.0/toolchain/arm/arm-gnu-toolchain/bin/../lib/gcc/arm-none-eabi/6.3.1/thumb/v6-m\libgcc.a(mulsf3.o)
 .ARM.attributes
                0x00000580       0x2c c:/program files (x86)/atmel/studio/7.0/toolchain/arm/arm-gnu-toolchain/bin/../lib/gcc/arm-none-eabi/6.3.1/thumb/v6-m\libgcc.a(subsf3.o)
 .ARM.attributes
                0x000005ac       0x2c c:/program files (x86)/atmel/studio/7.0/toolchain/arm/arm-gnu-toolchain/bin/../lib/gcc/arm-none-eabi/6.3.1/thumb/v6-m\libgcc.a(fixsfsi.o)
 .ARM.attributes
                0x000005d8       0x2c c:/program files (x86)/atmel/studio/7.0/toolchain/arm/arm-gnu-toolchain/bin/../lib/gcc/arm-none-eabi/6.3.1/thumb/v6-m\libgcc.a(floatsisf.o)
 .ARM.attributes
                0x00000604       0x2c c:/program files (x86)/atmel/studio/7.0/toolchain/arm/arm-gnu-toolchain/bin/../lib/gcc/arm-none-eabi/6.3.1/thumb/v6-m\libgcc.a(divdf3.o)
 .ARM.attributes
                0x00000630       0x2c c:/program files (x86)/atmel/studio/7.0/toolchain/arm/arm-gnu-toolchain/bin/../lib/gcc/arm-none-eabi/6.3.1/thumb/v6-m\libgcc.a(muldf3.o)
 .ARM.attributes
                0x0000065c       0x2c c:/program files (x86)/atmel/studio/7.0/toolchain/arm/arm-gnu-toolchain/bin/../lib/gcc/arm-none-eabi/6.3.1/thumb/v6-m\libgcc.a(subdf3.o)
 .ARM.attributes
                0x00000688       0x2c c:/program files (x86)/atmel/studio/7.0/toolchain/arm/arm-gnu-toolchain/bin/../lib/gcc/arm-none-eabi/6.3.1/thumb/v6-m\libgcc.a(floatsidf.o)
 .ARM.attributes
                0x000006b4       0x2c c:/program files (x86)/atmel/studio/7.0/toolchain/arm/arm-gnu-toolchain/bin/../lib/gcc/arm-none-eabi/6.3.1/thumb/v6-m\libgcc.a(extendsfdf2.o)
 .ARM.attributes
                0x000006e0       0x2c c:/program files (x86)/atmel/studio/7.0/toolchain/arm/arm-gnu-toolchain/bin/../lib/gcc/arm-none-eabi/6.3.1/thumb/v6-m\libgcc.a(truncdfsf2.o)
 .ARM.attributes
                0x0000070c       0x1e c:/program files (x86)/atmel/studio/7.0/toolchain/arm/arm-gnu-toolchain/bin/../lib/gcc/arm-none-eabi/6.3.1/thumb/v6-m\libgcc.a(_clzsi2.o)
 .ARM.attributes
                0x0000072a       0x2c c:/program files (x86)/atmel/studio/7.0/toolchain/arm/arm-gnu-toolchain/bin/../lib/gcc/arm-none-eabi/6.3.1/../../../../arm-none-eabi/lib/thumb/v6-m\libc_nano.a(lib_a-impure.o)
 .ARM.attributes
                0x00000756       0x2c c:/program files (x86)/atmel/studio/7.0/toolchain/arm/arm-gnu-toolchain/bin/../lib/gcc/arm-none-eabi/6.3.1/../../../../arm-none-eabi/lib/thumb/v6-m\libc_nano.a(lib_a-init.o)
 .ARM.attributes
                0x00000782       0x2c c:/program files (x86)/atmel/studio/7.0/toolchain/arm/arm-gnu-toolchain/bin/../lib/gcc/arm-none-eabi/6.3.1/../../../../arm-none-eabi/lib/thumb/v6-m\libc_nano.a(lib_a-memset.o)
 .ARM.attributes
                0x000007ae       0x2c c:/program files (x86)/atmel/studio/7.0/toolchain/arm/arm-gnu-toolchain/bin/../lib/gcc/arm-none-eabi/6.3.1/../../../../arm-none-eabi/lib/thumb/v6-m\libc_nano.a(lib_a-printf.o)
 .ARM.attributes
                0x000007da       0x2c c:/program files (x86)/atmel/studio/7.0/toolchain/arm/arm-gnu-toolchain/bin/../lib/gcc/arm-none-eabi/6.3.1/../../../../arm-none-eabi/lib/thumb/v6-m\libc_nano.a(lib_a-setbuf.o)
 .ARM.attributes
                0x00000806       0x2c c:/program files (x86)/atmel/studio/7.0/toolchain/arm/arm-gnu-toolchain/bin/../lib/gcc/arm-none-eabi/6.3.1/../../../../arm-none-eabi/lib/thumb/v6-m\libc_nano.a(lib_a-setvbuf.o)
 .ARM.attributes
                0x00000832       0x2c c:/program files (x86)/atmel/studio/7.0/toolchain/arm/arm-gnu-toolchain/bin/../lib/gcc/arm-none-eabi/6.3.1/../../../../arm-none-eabi/lib/thumb/v6-m\libc_nano.a(lib_a-sprintf.o)
 .ARM.attributes
                0x0000085e       0x2c c:/program files (x86)/atmel/studio/7.0/toolchain/arm/arm-gnu-toolchain/bin/../lib/gcc/arm-none-eabi/6.3.1/../../../../arm-none-eabi/lib/thumb/v6-m\libc_nano.a(lib_a-wbuf.o)
 .ARM.attributes
                0x0000088a       0x2c c:/program files (x86)/atmel/studio/7.0/toolchain/arm/arm-gnu-toolchain/bin/../lib/gcc/arm-none-eabi/6.3.1/../../../../arm-none-eabi/lib/thumb/v6-m\libc_nano.a(lib_a-wsetup.o)
 .ARM.attributes
                0x000008b6       0x2c c:/program files (x86)/atmel/studio/7.0/toolchain/arm/arm-gnu-toolchain/bin/../lib/gcc/arm-none-eabi/6.3.1/../../../../arm-none-eabi/lib/thumb/v6-m\libc_nano.a(lib_a-fflush.o)
 .ARM.attributes
                0x000008e2       0x2c c:/program files (x86)/atmel/studio/7.0/toolchain/arm/arm-gnu-toolchain/bin/../lib/gcc/arm-none-eabi/6.3.1/../../../../arm-none-eabi/lib/thumb/v6-m\libc_nano.a(lib_a-findfp.o)
 .ARM.attributes
                0x0000090e       0x2c c:/program files (x86)/atmel/studio/7.0/toolchain/arm/arm-gnu-toolchain/bin/../lib/gcc/arm-none-eabi/6.3.1/../../../../arm-none-eabi/lib/thumb/v6-m\libc_nano.a(lib_a-fwalk.o)
 .ARM.attributes
                0x0000093a       0x2c c:/program files (x86)/atmel/studio/7.0/toolchain/arm/arm-gnu-toolchain/bin/../lib/gcc/arm-none-eabi/6.3.1/../../../../arm-none-eabi/lib/thumb/v6-m\libc_nano.a(lib_a-makebuf.o)
 .ARM.attributes
                0x00000966       0x2c c:/program files (x86)/atmel/studio/7.0/toolchain/arm/arm-gnu-toolchain/bin/../lib/gcc/arm-none-eabi/6.3.1/../../../../arm-none-eabi/lib/thumb/v6-m\libc_nano.a(lib_a-malloc.o)
 .ARM.attributes
                0x00000992       0x2c c:/program files (x86)/atmel/studio/7.0/toolchain/arm/arm-gnu-toolchain/bin/../lib/gcc/arm-none-eabi/6.3.1/../../../../arm-none-eabi/lib/thumb/v6-m\libc_nano.a(lib_a-nano-freer.o)
 .ARM.attributes
                0x000009be       0x2c c:/program files (x86)/atmel/studio/7.0/toolchain/arm/arm-gnu-toolchain/bin/../lib/gcc/arm-none-eabi/6.3.1/../../../../arm-none-eabi/lib/thumb/v6-m\libc_nano.a(lib_a-nano-mallocr.o)
 .ARM.attributes
                0x000009ea       0x2c c:/program files (x86)/atmel/studio/7.0/toolchain/arm/arm-gnu-toolchain/bin/../lib/gcc/arm-none-eabi/6.3.1/../../../../arm-none-eabi/lib/thumb/v6-m\libc_nano.a(lib_a-nano-svfprintf.o)
 .ARM.attributes
                0x00000a16       0x2c c:/program files (x86)/atmel/studio/7.0/toolchain/arm/arm-gnu-toolchain/bin/../lib/gcc/arm-none-eabi/6.3.1/../../../../arm-none-eabi/lib/thumb/v6-m\libc_nano.a(lib_a-nano-vfprintf.o)
 .ARM.attributes
                0x00000a42       0x2c c:/program files (x86)/atmel/studio/7.0/toolchain/arm/arm-gnu-toolchain/bin/../lib/gcc/arm-none-eabi/6.3.1/../../../../arm-none-eabi/lib/thumb/v6-m\libc_nano.a(lib_a-nano-vfprintf_i.o)
 .ARM.attributes
                0x00000a6e       0x2c c:/program files (x86)/atmel/studio/7.0/toolchain/arm/arm-gnu-toolchain/bin/../lib/gcc/arm-none-eabi/6.3.1/../../../../arm-none-eabi/lib/thumb/v6-m\libc_nano.a(lib_a-sbrkr.o)
 .ARM.attributes
                0x00000a9a       0x2c c:/program files (x86)/atmel/studio/7.0/toolchain/arm/arm-gnu-toolchain/bin/../lib/gcc/arm-none-eabi/6.3.1/../../../../arm-none-eabi/lib/thumb/v6-m\libc_nano.a(lib_a-stdio.o)
 .ARM.attributes
                0x00000ac6       0x2c c:/program files (x86)/atmel/studio/7.0/toolchain/arm/arm-gnu-toolchain/bin/../lib/gcc/arm-none-eabi/6.3.1/../../../../arm-none-eabi/lib/thumb/v6-m\libc_nano.a(lib_a-writer.o)
 .ARM.attributes
                0x00000af2       0x2c c:/program files (x86)/atmel/studio/7.0/toolchain/arm/arm-gnu-toolchain/bin/../lib/gcc/arm-none-eabi/6.3.1/../../../../arm-none-eabi/lib/thumb/v6-m\libc_nano.a(lib_a-closer.o)
 .ARM.attributes
                0x00000b1e       0x2c c:/program files (x86)/atmel/studio/7.0/toolchain/arm/arm-gnu-toolchain/bin/../lib/gcc/arm-none-eabi/6.3.1/../../../../arm-none-eabi/lib/thumb/v6-m\libc_nano.a(lib_a-fstatr.o)
 .ARM.attributes
                0x00000b4a       0x2c c:/program files (x86)/atmel/studio/7.0/toolchain/arm/arm-gnu-toolchain/bin/../lib/gcc/arm-none-eabi/6.3.1/../../../../arm-none-eabi/lib/thumb/v6-m\libc_nano.a(lib_a-isattyr.o)
 .ARM.attributes
                0x00000b76       0x2c c:/program files (x86)/atmel/studio/7.0/toolchain/arm/arm-gnu-toolchain/bin/../lib/gcc/arm-none-eabi/6.3.1/../../../../arm-none-eabi/lib/thumb/v6-m\libc_nano.a(lib_a-lseekr.o)
 .ARM.attributes
                0x00000ba2       0x2c c:/program files (x86)/atmel/studio/7.0/toolchain/arm/arm-gnu-toolchain/bin/../lib/gcc/arm-none-eabi/6.3.1/../../../../arm-none-eabi/lib/thumb/v6-m\libc_nano.a(lib_a-memchr-stub.o)
 .ARM.attributes
                0x00000bce       0x2c c:/program files (x86)/atmel/studio/7.0/toolchain/arm/arm-gnu-toolchain/bin/../lib/gcc/arm-none-eabi/6.3.1/../../../../arm-none-eabi/lib/thumb/v6-m\libc_nano.a(lib_a-memcpy-stub.o)
 .ARM.attributes
                0x00000bfa       0x2c c:/program files (x86)/atmel/studio/7.0/toolchain/arm/arm-gnu-toolchain/bin/../lib/gcc/arm-none-eabi/6.3.1/../../../../arm-none-eabi/lib/thumb/v6-m\libc_nano.a(lib_a-memmove.o)
 .ARM.attributes
                0x00000c26       0x2c c:/program files (x86)/atmel/studio/7.0/toolchain/arm/arm-gnu-toolchain/bin/../lib/gcc/arm-none-eabi/6.3.1/../../../../arm-none-eabi/lib/thumb/v6-m\libc_nano.a(lib_a-mlock.o)
 .ARM.attributes
                0x00000c52       0x2c c:/program files (x86)/atmel/studio/7.0/toolchain/arm/arm-gnu-toolchain/bin/../lib/gcc/arm-none-eabi/6.3.1/../../../../arm-none-eabi/lib/thumb/v6-m\libc_nano.a(lib_a-nano-reallocr.o)
 .ARM.attributes
                0x00000c7e       0x2c c:/program files (x86)/atmel/studio/7.0/toolchain/arm/arm-gnu-toolchain/bin/../lib/gcc/arm-none-eabi/6.3.1/../../../../arm-none-eabi/lib/thumb/v6-m\libc_nano.a(lib_a-readr.o)
 .ARM.attributes
                0x00000caa       0x2c c:/program files (x86)/atmel/studio/7.0/toolchain/arm/arm-gnu-toolchain/bin/../lib/gcc/arm-none-eabi/6.3.1/../../../../arm-none-eabi/lib/thumb/v6-m\libc_nano.a(lib_a-reent.o)
 .ARM.attributes
                0x00000cd6       0x2c c:/program files (x86)/atmel/studio/7.0/toolchain/arm/arm-gnu-toolchain/bin/../lib/gcc/arm-none-eabi/6.3.1/../../../../arm-none-eabi/lib/thumb/v6-m\libc_nano.a(lib_a-nano-msizer.o)
 .ARM.attributes
                0x00000d02       0x1e c:/program files (x86)/atmel/studio/7.0/toolchain/arm/arm-gnu-toolchain/bin/../lib/gcc/arm-none-eabi/6.3.1/thumb/v6-m/crtn.o

.comment        0x00000000       0x59
 .comment       0x00000000       0x59 atmel_start.o
                                 0x5a (size before relaxing)
 .comment       0x00000059       0x5a Device_Startup/startup_samr21.o
 .comment       0x00000059       0x5a driver_init.o
 .comment       0x00000059       0x5a hal/src/hal_adc_async.o
 .comment       0x00000059       0x5a hal/src/hal_atomic.o
 .comment       0x00000059       0x5a hal/src/hal_delay.o
 .comment       0x00000059       0x5a hal/src/hal_io.o
 .comment       0x00000059       0x5a hal/src/hal_usart_sync.o
 .comment       0x00000059       0x5a hal/utils/src/utils_assert.o
 .comment       0x00000059       0x5a hal/utils/src/utils_ringbuffer.o
 .comment       0x00000059       0x5a hal/utils/src/utils_syscalls.o
 .comment       0x00000059       0x5a hpl/adc/hpl_adc.o
 .comment       0x00000059       0x5a hpl/core/hpl_core_m0plus_base.o
 .comment       0x00000059       0x5a hpl/core/hpl_init.o
 .comment       0x00000059       0x5a hpl/gclk/hpl_gclk.o
 .comment       0x00000059       0x5a hpl/pm/hpl_pm.o
 .comment       0x00000059       0x5a hpl/sercom/hpl_sercom.o
 .comment       0x00000059       0x5a hpl/sysctrl/hpl_sysctrl.o
 .comment       0x00000059       0x5a hpl/systick/hpl_systick.o
 .comment       0x00000059       0x5a main.o
 .comment       0x00000059       0x5a stdio_redirect/gcc/read.o
 .comment       0x00000059       0x5a stdio_redirect/gcc/write.o
 .comment       0x00000059       0x5a stdio_redirect/stdio_io.o
 .comment       0x00000059       0x5a stdio_start.o

.debug_info     0x00000000    0x269bd
 .debug_info    0x00000000      0xd8b atmel_start.o
 .debug_info    0x00000d8b     0x3a2b Device_Startup/startup_samr21.o
 .debug_info    0x000047b6     0x87c1 driver_init.o
 .debug_info    0x0000cf77     0x13c2 hal/src/hal_adc_async.o
 .debug_info    0x0000e339      0x1d1 hal/src/hal_atomic.o
 .debug_info    0x0000e50a      0x1dc hal/src/hal_delay.o
 .debug_info    0x0000e6e6      0x2b2 hal/src/hal_io.o
 .debug_info    0x0000e998      0xc56 hal/src/hal_usart_sync.o
 .debug_info    0x0000f5ee      0x107 hal/utils/src/utils_assert.o
 .debug_info    0x0000f6f5      0x2f1 hal/utils/src/utils_ringbuffer.o
 .debug_info    0x0000f9e6      0xdca hal/utils/src/utils_syscalls.o
 .debug_info    0x000107b0     0x38ac hpl/adc/hpl_adc.o
 .debug_info    0x0001405c      0x807 hpl/core/hpl_core_m0plus_base.o
 .debug_info    0x00014863      0x689 hpl/core/hpl_init.o
 .debug_info    0x00014eec      0x495 hpl/gclk/hpl_gclk.o
 .debug_info    0x00015381      0xc6f hpl/pm/hpl_pm.o
 .debug_info    0x00015ff0     0xaaba hpl/sercom/hpl_sercom.o
 .debug_info    0x00020aaa     0x1450 hpl/sysctrl/hpl_sysctrl.o
 .debug_info    0x00021efa      0x25e hpl/systick/hpl_systick.o
 .debug_info    0x00022158     0x1a3f main.o
 .debug_info    0x00023b97      0xa34 stdio_redirect/gcc/read.o
 .debug_info    0x000245cb      0xa34 stdio_redirect/gcc/write.o
 .debug_info    0x00024fff      0xbe2 stdio_redirect/stdio_io.o
 .debug_info    0x00025be1      0xddc stdio_start.o

.debug_abbrev   0x00000000     0x345b
 .debug_abbrev  0x00000000      0x1ad atmel_start.o
 .debug_abbrev  0x000001ad      0x227 Device_Startup/startup_samr21.o
 .debug_abbrev  0x000003d4      0x39b driver_init.o
 .debug_abbrev  0x0000076f      0x1f3 hal/src/hal_adc_async.o
 .debug_abbrev  0x00000962      0x144 hal/src/hal_atomic.o
 .debug_abbrev  0x00000aa6       0xe1 hal/src/hal_delay.o
 .debug_abbrev  0x00000b87      0x115 hal/src/hal_io.o
 .debug_abbrev  0x00000c9c      0x217 hal/src/hal_usart_sync.o
 .debug_abbrev  0x00000eb3       0x86 hal/utils/src/utils_assert.o
 .debug_abbrev  0x00000f39       0xf4 hal/utils/src/utils_ringbuffer.o
 .debug_abbrev  0x0000102d      0x269 hal/utils/src/utils_syscalls.o
 .debug_abbrev  0x00001296      0x4d4 hpl/adc/hpl_adc.o
 .debug_abbrev  0x0000176a      0x2a8 hpl/core/hpl_core_m0plus_base.o
 .debug_abbrev  0x00001a12      0x1d9 hpl/core/hpl_init.o
 .debug_abbrev  0x00001beb      0x19e hpl/gclk/hpl_gclk.o
 .debug_abbrev  0x00001d89      0x215 hpl/pm/hpl_pm.o
 .debug_abbrev  0x00001f9e      0x57d hpl/sercom/hpl_sercom.o
 .debug_abbrev  0x0000251b      0x20a hpl/sysctrl/hpl_sysctrl.o
 .debug_abbrev  0x00002725      0x172 hpl/systick/hpl_systick.o
 .debug_abbrev  0x00002897      0x3f0 main.o
 .debug_abbrev  0x00002c87      0x1e8 stdio_redirect/gcc/read.o
 .debug_abbrev  0x00002e6f      0x1e8 stdio_redirect/gcc/write.o
 .debug_abbrev  0x00003057      0x229 stdio_redirect/stdio_io.o
 .debug_abbrev  0x00003280      0x1db stdio_start.o

.debug_loc      0x00000000     0xc0e9
 .debug_loc     0x00000000       0x20 atmel_start.o
 .debug_loc     0x00000020       0x78 Device_Startup/startup_samr21.o
 .debug_loc     0x00000098      0x61a driver_init.o
 .debug_loc     0x000006b2     0x10ba hal/src/hal_adc_async.o
 .debug_loc     0x0000176c       0x13 hal/src/hal_atomic.o
 .debug_loc     0x0000177f       0xc3 hal/src/hal_delay.o
 .debug_loc     0x00001842      0x1b6 hal/src/hal_io.o
 .debug_loc     0x000019f8      0xa26 hal/src/hal_usart_sync.o
 .debug_loc     0x0000241e      0x2d1 hal/utils/src/utils_ringbuffer.o
 .debug_loc     0x000026ef      0x13b hal/utils/src/utils_syscalls.o
 .debug_loc     0x0000282a     0x1f17 hpl/adc/hpl_adc.o
 .debug_loc     0x00004741      0x28f hpl/core/hpl_core_m0plus_base.o
 .debug_loc     0x000049d0       0x4c hpl/core/hpl_init.o
 .debug_loc     0x00004a1c       0xba hpl/gclk/hpl_gclk.o
 .debug_loc     0x00004ad6      0x11b hpl/pm/hpl_pm.o
 .debug_loc     0x00004bf1     0x6bf3 hpl/sercom/hpl_sercom.o
 .debug_loc     0x0000b7e4      0x153 hpl/sysctrl/hpl_sysctrl.o
 .debug_loc     0x0000b937       0xf9 hpl/systick/hpl_systick.o
 .debug_loc     0x0000ba30      0x336 main.o
 .debug_loc     0x0000bd66       0xfe stdio_redirect/gcc/read.o
 .debug_loc     0x0000be64       0xf2 stdio_redirect/gcc/write.o
 .debug_loc     0x0000bf56      0x153 stdio_redirect/stdio_io.o
 .debug_loc     0x0000c0a9       0x40 stdio_start.o

.debug_aranges  0x00000000      0xcb8
 .debug_aranges
                0x00000000       0x20 atmel_start.o
 .debug_aranges
                0x00000020       0x28 Device_Startup/startup_samr21.o
 .debug_aranges
                0x00000048       0x48 driver_init.o
 .debug_aranges
                0x00000090       0xd0 hal/src/hal_adc_async.o
 .debug_aranges
                0x00000160       0x30 hal/src/hal_atomic.o
 .debug_aranges
                0x00000190       0x38 hal/src/hal_delay.o
 .debug_aranges
                0x000001c8       0x30 hal/src/hal_io.o
 .debug_aranges
                0x000001f8       0xa8 hal/src/hal_usart_sync.o
 .debug_aranges
                0x000002a0       0x20 hal/utils/src/utils_assert.o
 .debug_aranges
                0x000002c0       0x40 hal/utils/src/utils_ringbuffer.o
 .debug_aranges
                0x00000300       0x60 hal/utils/src/utils_syscalls.o
 .debug_aranges
                0x00000360      0x1f8 hpl/adc/hpl_adc.o
 .debug_aranges
                0x00000558       0x70 hpl/core/hpl_core_m0plus_base.o
 .debug_aranges
                0x000005c8       0x20 hpl/core/hpl_init.o
 .debug_aranges
                0x000005e8       0x28 hpl/gclk/hpl_gclk.o
 .debug_aranges
                0x00000610       0x30 hpl/pm/hpl_pm.o
 .debug_aranges
                0x00000640      0x508 hpl/sercom/hpl_sercom.o
 .debug_aranges
                0x00000b48       0x28 hpl/sysctrl/hpl_sysctrl.o
 .debug_aranges
                0x00000b70       0x48 hpl/systick/hpl_systick.o
 .debug_aranges
                0x00000bb8       0x60 main.o
 .debug_aranges
                0x00000c18       0x20 stdio_redirect/gcc/read.o
 .debug_aranges
                0x00000c38       0x20 stdio_redirect/gcc/write.o
 .debug_aranges
                0x00000c58       0x38 stdio_redirect/stdio_io.o
 .debug_aranges
                0x00000c90       0x28 stdio_start.o

.debug_ranges   0x00000000      0xd38
 .debug_ranges  0x00000000       0x10 atmel_start.o
 .debug_ranges  0x00000010       0x18 Device_Startup/startup_samr21.o
 .debug_ranges  0x00000028       0x38 driver_init.o
 .debug_ranges  0x00000060       0xc0 hal/src/hal_adc_async.o
 .debug_ranges  0x00000120       0x20 hal/src/hal_atomic.o
 .debug_ranges  0x00000140       0x28 hal/src/hal_delay.o
 .debug_ranges  0x00000168       0x20 hal/src/hal_io.o
 .debug_ranges  0x00000188       0x98 hal/src/hal_usart_sync.o
 .debug_ranges  0x00000220       0x10 hal/utils/src/utils_assert.o
 .debug_ranges  0x00000230       0x30 hal/utils/src/utils_ringbuffer.o
 .debug_ranges  0x00000260       0x50 hal/utils/src/utils_syscalls.o
 .debug_ranges  0x000002b0      0x200 hpl/adc/hpl_adc.o
 .debug_ranges  0x000004b0       0x60 hpl/core/hpl_core_m0plus_base.o
 .debug_ranges  0x00000510       0x10 hpl/core/hpl_init.o
 .debug_ranges  0x00000520       0x18 hpl/gclk/hpl_gclk.o
 .debug_ranges  0x00000538       0x20 hpl/pm/hpl_pm.o
 .debug_ranges  0x00000558      0x6c8 hpl/sercom/hpl_sercom.o
 .debug_ranges  0x00000c20       0x18 hpl/sysctrl/hpl_sysctrl.o
 .debug_ranges  0x00000c38       0x38 hpl/systick/hpl_systick.o
 .debug_ranges  0x00000c70       0x68 main.o
 .debug_ranges  0x00000cd8       0x10 stdio_redirect/gcc/read.o
 .debug_ranges  0x00000ce8       0x10 stdio_redirect/gcc/write.o
 .debug_ranges  0x00000cf8       0x28 stdio_redirect/stdio_io.o
 .debug_ranges  0x00000d20       0x18 stdio_start.o

.debug_macro    0x00000000    0x1a93d
 .debug_macro   0x00000000      0x6a9 atmel_start.o
 .debug_macro   0x000006a9      0x89e atmel_start.o
 .debug_macro   0x00000f47      0x16d atmel_start.o
 .debug_macro   0x000010b4       0x22 atmel_start.o
 .debug_macro   0x000010d6       0x87 atmel_start.o
 .debug_macro   0x0000115d       0x51 atmel_start.o
 .debug_macro   0x000011ae       0xef atmel_start.o
 .debug_macro   0x0000129d       0x6a atmel_start.o
 .debug_macro   0x00001307      0x1df atmel_start.o
 .debug_macro   0x000014e6       0x22 atmel_start.o
 .debug_macro   0x00001508       0x46 atmel_start.o
 .debug_macro   0x0000154e       0x1c atmel_start.o
 .debug_macro   0x0000156a       0x22 atmel_start.o
 .debug_macro   0x0000158c       0xb5 atmel_start.o
 .debug_macro   0x00001641      0x3ad atmel_start.o
 .debug_macro   0x000019ee      0x67d atmel_start.o
 .debug_macro   0x0000206b      0x8b0 atmel_start.o
 .debug_macro   0x0000291b      0x22e atmel_start.o
 .debug_macro   0x00002b49      0xd5c atmel_start.o
 .debug_macro   0x000038a5      0x4c6 atmel_start.o
 .debug_macro   0x00003d6b      0x9f6 atmel_start.o
 .debug_macro   0x00004761      0x82a atmel_start.o
 .debug_macro   0x00004f8b      0x450 atmel_start.o
 .debug_macro   0x000053db       0x5e atmel_start.o
 .debug_macro   0x00005439      0x21c atmel_start.o
 .debug_macro   0x00005655      0x734 atmel_start.o
 .debug_macro   0x00005d89       0x5e atmel_start.o
 .debug_macro   0x00005de7      0x631 atmel_start.o
 .debug_macro   0x00006418      0x3ab atmel_start.o
 .debug_macro   0x000067c3       0x94 atmel_start.o
 .debug_macro   0x00006857      0xc75 atmel_start.o
 .debug_macro   0x000074cc     0x1092 atmel_start.o
 .debug_macro   0x0000855e      0xc4a atmel_start.o
 .debug_macro   0x000091a8      0x6ba atmel_start.o
 .debug_macro   0x00009862     0x1b3c atmel_start.o
 .debug_macro   0x0000b39e     0x143b atmel_start.o
 .debug_macro   0x0000c7d9      0x33f atmel_start.o
 .debug_macro   0x0000cb18       0x7c atmel_start.o
 .debug_macro   0x0000cb94       0xa0 atmel_start.o
 .debug_macro   0x0000cc34       0x4c atmel_start.o
 .debug_macro   0x0000cc80       0xca atmel_start.o
 .debug_macro   0x0000cd4a       0x94 atmel_start.o
 .debug_macro   0x0000cdde       0x58 atmel_start.o
 .debug_macro   0x0000ce36      0x340 atmel_start.o
 .debug_macro   0x0000d176       0x82 atmel_start.o
 .debug_macro   0x0000d1f8      0x188 atmel_start.o
 .debug_macro   0x0000d380       0xa0 atmel_start.o
 .debug_macro   0x0000d420       0xb2 atmel_start.o
 .debug_macro   0x0000d4d2       0x1c atmel_start.o
 .debug_macro   0x0000d4ee       0x1c atmel_start.o
 .debug_macro   0x0000d50a       0x1c atmel_start.o
 .debug_macro   0x0000d526       0x7c atmel_start.o
 .debug_macro   0x0000d5a2      0x1ba atmel_start.o
 .debug_macro   0x0000d75c       0x16 atmel_start.o
 .debug_macro   0x0000d772       0xdc atmel_start.o
 .debug_macro   0x0000d84e      0x124 atmel_start.o
 .debug_macro   0x0000d972      0x124 atmel_start.o
 .debug_macro   0x0000da96      0x124 atmel_start.o
 .debug_macro   0x0000dbba      0x124 atmel_start.o
 .debug_macro   0x0000dcde      0x124 atmel_start.o
 .debug_macro   0x0000de02      0x124 atmel_start.o
 .debug_macro   0x0000df26      0x124 atmel_start.o
 .debug_macro   0x0000e04a       0xe2 atmel_start.o
 .debug_macro   0x0000e12c       0xe2 atmel_start.o
 .debug_macro   0x0000e20e       0xe2 atmel_start.o
 .debug_macro   0x0000e2f0       0xe2 atmel_start.o
 .debug_macro   0x0000e3d2       0xe2 atmel_start.o
 .debug_macro   0x0000e4b4      0x12a atmel_start.o
 .debug_macro   0x0000e5de      0x100 atmel_start.o
 .debug_macro   0x0000e6de       0xf4 atmel_start.o
 .debug_macro   0x0000e7d2      0x40f atmel_start.o
 .debug_macro   0x0000ebe1       0x40 atmel_start.o
 .debug_macro   0x0000ec21      0x392 atmel_start.o
 .debug_macro   0x0000efb3     0x192e atmel_start.o
 .debug_macro   0x000108e1       0x74 atmel_start.o
 .debug_macro   0x00010955       0x10 atmel_start.o
 .debug_macro   0x00010965       0x10 atmel_start.o
 .debug_macro   0x00010975       0x16 atmel_start.o
 .debug_macro   0x0001098b       0x16 atmel_start.o
 .debug_macro   0x000109a1       0x16 atmel_start.o
 .debug_macro   0x000109b7       0x16 atmel_start.o
 .debug_macro   0x000109cd       0x16 atmel_start.o
 .debug_macro   0x000109e3       0x16 atmel_start.o
 .debug_macro   0x000109f9       0x16 atmel_start.o
 .debug_macro   0x00010a0f       0x16 atmel_start.o
 .debug_macro   0x00010a25       0x16 atmel_start.o
 .debug_macro   0x00010a3b       0x16 atmel_start.o
 .debug_macro   0x00010a51       0x16 atmel_start.o
 .debug_macro   0x00010a67       0x16 atmel_start.o
 .debug_macro   0x00010a7d       0x16 atmel_start.o
 .debug_macro   0x00010a93       0x16 atmel_start.o
 .debug_macro   0x00010aa9       0x16 atmel_start.o
 .debug_macro   0x00010abf       0x16 atmel_start.o
 .debug_macro   0x00010ad5       0x16 atmel_start.o
 .debug_macro   0x00010aeb       0x16 atmel_start.o
 .debug_macro   0x00010b01       0x16 atmel_start.o
 .debug_macro   0x00010b17       0x16 atmel_start.o
 .debug_macro   0x00010b2d       0x16 atmel_start.o
 .debug_macro   0x00010b43       0xca atmel_start.o
 .debug_macro   0x00010c0d       0x1c atmel_start.o
 .debug_macro   0x00010c29       0x16 atmel_start.o
 .debug_macro   0x00010c3f       0x4c atmel_start.o
 .debug_macro   0x00010c8b       0x58 atmel_start.o
 .debug_macro   0x00010ce3       0x35 atmel_start.o
 .debug_macro   0x00010d18       0x9c atmel_start.o
 .debug_macro   0x00010db4       0x16 atmel_start.o
 .debug_macro   0x00010dca       0x35 atmel_start.o
 .debug_macro   0x00010dff      0x34d atmel_start.o
 .debug_macro   0x0001114c       0x10 atmel_start.o
 .debug_macro   0x0001115c       0x58 atmel_start.o
 .debug_macro   0x000111b4       0x1f atmel_start.o
 .debug_macro   0x000111d3       0x43 atmel_start.o
 .debug_macro   0x00011216       0x20 atmel_start.o
 .debug_macro   0x00011236      0x187 atmel_start.o
 .debug_macro   0x000113bd       0x10 atmel_start.o
 .debug_macro   0x000113cd       0x1c atmel_start.o
 .debug_macro   0x000113e9       0x52 atmel_start.o
 .debug_macro   0x0001143b       0x40 atmel_start.o
 .debug_macro   0x0001147b       0x10 atmel_start.o
 .debug_macro   0x0001148b       0x40 atmel_start.o
 .debug_macro   0x000114cb       0xd7 atmel_start.o
 .debug_macro   0x000115a2       0x16 atmel_start.o
 .debug_macro   0x000115b8      0x18b atmel_start.o
 .debug_macro   0x00011743      0x306 Device_Startup/startup_samr21.o
 .debug_macro   0x00011a49       0x40 Device_Startup/startup_samr21.o
 .debug_macro   0x00011a89      0x574 driver_init.o
 .debug_macro   0x00011ffd       0x34 driver_init.o
 .debug_macro   0x00012031       0xc9 driver_init.o
 .debug_macro   0x000120fa      0x491 hal/src/hal_adc_async.o
 .debug_macro   0x0001258b      0x434 hal/src/hal_atomic.o
 .debug_macro   0x000129bf      0x466 hal/src/hal_delay.o
 .debug_macro   0x00012e25      0x447 hal/src/hal_io.o
 .debug_macro   0x0001326c      0x46e hal/src/hal_usart_sync.o
 .debug_macro   0x000136da      0x43d hal/utils/src/utils_assert.o
 .debug_macro   0x00013b17       0x10 hal/utils/src/utils_assert.o
 .debug_macro   0x00013b27      0x441 hal/utils/src/utils_ringbuffer.o
 .debug_macro   0x00013f68      0x1d6 hal/utils/src/utils_syscalls.o
 .debug_macro   0x0001413e       0x52 hal/utils/src/utils_syscalls.o
 .debug_macro   0x00014190       0x8d hal/utils/src/utils_syscalls.o
 .debug_macro   0x0001421d       0x57 hal/utils/src/utils_syscalls.o
 .debug_macro   0x00014274       0x97 hal/utils/src/utils_syscalls.o
 .debug_macro   0x0001430b      0x353 hal/utils/src/utils_syscalls.o
 .debug_macro   0x0001465e       0xf6 hal/utils/src/utils_syscalls.o
 .debug_macro   0x00014754       0x4c hal/utils/src/utils_syscalls.o
 .debug_macro   0x000147a0       0x16 hal/utils/src/utils_syscalls.o
 .debug_macro   0x000147b6       0x10 hal/utils/src/utils_syscalls.o
 .debug_macro   0x000147c6       0x10 hal/utils/src/utils_syscalls.o
 .debug_macro   0x000147d6       0x35 hal/utils/src/utils_syscalls.o
 .debug_macro   0x0001480b      0x122 hal/utils/src/utils_syscalls.o
 .debug_macro   0x0001492d      0x48f hpl/adc/hpl_adc.o
 .debug_macro   0x00014dbc      0x6cc hpl/adc/hpl_adc.o
 .debug_macro   0x00015488      0x6ba hpl/adc/hpl_adc.o
 .debug_macro   0x00015b42       0xd2 hpl/adc/hpl_adc.o
 .debug_macro   0x00015c14      0x48b hpl/core/hpl_core_m0plus_base.o
 .debug_macro   0x0001609f      0x4ae hpl/core/hpl_init.o
 .debug_macro   0x0001654d       0x2e hpl/core/hpl_init.o
 .debug_macro   0x0001657b      0x6ec hpl/core/hpl_init.o
 .debug_macro   0x00016c67      0x44a hpl/gclk/hpl_gclk.o
 .debug_macro   0x000170b1      0x1f3 hpl/gclk/hpl_gclk.o
 .debug_macro   0x000172a4      0x473 hpl/pm/hpl_pm.o
 .debug_macro   0x00017717      0x67c hpl/sercom/hpl_sercom.o
 .debug_macro   0x00017d93       0x70 hpl/sercom/hpl_sercom.o
 .debug_macro   0x00017e03       0xba hpl/sercom/hpl_sercom.o
 .debug_macro   0x00017ebd       0x10 hpl/sercom/hpl_sercom.o
 .debug_macro   0x00017ecd       0x1c hpl/sercom/hpl_sercom.o
 .debug_macro   0x00017ee9       0x22 hpl/sercom/hpl_sercom.o
 .debug_macro   0x00017f0b       0x10 hpl/sercom/hpl_sercom.o
 .debug_macro   0x00017f1b      0x44a hpl/sysctrl/hpl_sysctrl.o
 .debug_macro   0x00018365      0x2da hpl/sysctrl/hpl_sysctrl.o
 .debug_macro   0x0001863f      0x441 hpl/systick/hpl_systick.o
 .debug_macro   0x00018a80       0x10 hpl/systick/hpl_systick.o
 .debug_macro   0x00018a90      0x6b0 main.o
 .debug_macro   0x00019140      0x58e stdio_redirect/gcc/read.o
 .debug_macro   0x000196ce      0x58e stdio_redirect/gcc/write.o
 .debug_macro   0x00019c5c      0x588 stdio_redirect/stdio_io.o
 .debug_macro   0x0001a1e4       0xaf stdio_redirect/stdio_io.o
 .debug_macro   0x0001a293      0x6aa stdio_start.o

.debug_line     0x00000000    0x11840
 .debug_line    0x00000000      0xbec atmel_start.o
 .debug_line    0x00000bec      0x6e5 Device_Startup/startup_samr21.o
 .debug_line    0x000012d1      0xbf3 driver_init.o
 .debug_line    0x00001ec4      0xc48 hal/src/hal_adc_async.o
 .debug_line    0x00002b0c      0x962 hal/src/hal_atomic.o
 .debug_line    0x0000346e      0x98d hal/src/hal_delay.o
 .debug_line    0x00003dfb      0x97a hal/src/hal_io.o
 .debug_line    0x00004775      0xb45 hal/src/hal_usart_sync.o
 .debug_line    0x000052ba      0x92c hal/utils/src/utils_assert.o
 .debug_line    0x00005be6      0x9cb hal/utils/src/utils_ringbuffer.o
 .debug_line    0x000065b1      0x40b hal/utils/src/utils_syscalls.o
 .debug_line    0x000069bc     0x1253 hpl/adc/hpl_adc.o
 .debug_line    0x00007c0f      0xadb hpl/core/hpl_core_m0plus_base.o
 .debug_line    0x000086ea      0xa0d hpl/core/hpl_init.o
 .debug_line    0x000090f7      0x97e hpl/gclk/hpl_gclk.o
 .debug_line    0x00009a75      0x9d2 hpl/pm/hpl_pm.o
 .debug_line    0x0000a447     0x284f hpl/sercom/hpl_sercom.o
 .debug_line    0x0000cc96      0x9b5 hpl/sysctrl/hpl_sysctrl.o
 .debug_line    0x0000d64b      0x9b7 hpl/systick/hpl_systick.o
 .debug_line    0x0000e002      0xd19 main.o
 .debug_line    0x0000ed1b      0xa55 stdio_redirect/gcc/read.o
 .debug_line    0x0000f770      0xa56 stdio_redirect/gcc/write.o
 .debug_line    0x000101c6      0xa79 stdio_redirect/stdio_io.o
 .debug_line    0x00010c3f      0xc01 stdio_start.o

.debug_str      0x00000000    0x8057c
 .debug_str     0x00000000    0x6dce9 atmel_start.o
                              0x6e204 (size before relaxing)
 .debug_str     0x0006dce9     0x10a4 Device_Startup/startup_samr21.o
                              0x6a08c (size before relaxing)
 .debug_str     0x0006ed8d     0x1957 driver_init.o
                              0x6cb3a (size before relaxing)
 .debug_str     0x000706e4      0x60b hal/src/hal_adc_async.o
                              0x6ac82 (size before relaxing)
 .debug_str     0x00070cef       0x63 hal/src/hal_atomic.o
                              0x69ddb (size before relaxing)
 .debug_str     0x00070d52       0x9b hal/src/hal_delay.o
                              0x69e45 (size before relaxing)
 .debug_str     0x00070ded       0x2c hal/src/hal_io.o
                              0x69e88 (size before relaxing)
 .debug_str     0x00070e19      0x49e hal/src/hal_usart_sync.o
                              0x6a928 (size before relaxing)
 .debug_str     0x000712b7       0x2a hal/utils/src/utils_assert.o
                              0x69deb (size before relaxing)
 .debug_str     0x000712e1       0x24 hal/utils/src/utils_ringbuffer.o
                              0x69e91 (size before relaxing)
 .debug_str     0x00071305      0x778 hal/utils/src/utils_syscalls.o
                               0x72fe (size before relaxing)
 .debug_str     0x00071a7d     0x6c47 hpl/adc/hpl_adc.o
                              0x712b8 (size before relaxing)
 .debug_str     0x000786c4      0x132 hpl/core/hpl_core_m0plus_base.o
                              0x6a809 (size before relaxing)
 .debug_str     0x000787f6     0x17d7 hpl/core/hpl_init.o
                              0x6b970 (size before relaxing)
 .debug_str     0x00079fcd      0x803 hpl/gclk/hpl_gclk.o
                              0x6a6bc (size before relaxing)
 .debug_str     0x0007a7d0      0x194 hpl/pm/hpl_pm.o
                              0x6a4d2 (size before relaxing)
 .debug_str     0x0007a964     0x4750 hpl/sercom/hpl_sercom.o
                              0x6f9db (size before relaxing)
 .debug_str     0x0007f0b4     0x11cf hpl/sysctrl/hpl_sysctrl.o
                              0x6b0ba (size before relaxing)
 .debug_str     0x00080283       0xcd hpl/systick/hpl_systick.o
                              0x69e33 (size before relaxing)
 .debug_str     0x00080350      0x14e main.o
                              0x6e6af (size before relaxing)
 .debug_str     0x0008049e       0x2b stdio_redirect/gcc/read.o
                              0x6db98 (size before relaxing)
 .debug_str     0x000804c9       0x2d stdio_redirect/gcc/write.o
                              0x6db9a (size before relaxing)
 .debug_str     0x000804f6       0x4b stdio_redirect/stdio_io.o
                              0x6dc33 (size before relaxing)
 .debug_str     0x00080541       0x3b stdio_start.o
                              0x6e234 (size before relaxing)

.debug_frame    0x00000000     0x2a8c
 .debug_frame   0x00000000       0x28 atmel_start.o
 .debug_frame   0x00000028       0x40 Device_Startup/startup_samr21.o
 .debug_frame   0x00000068       0xa4 driver_init.o
 .debug_frame   0x0000010c      0x2bc hal/src/hal_adc_async.o
 .debug_frame   0x000003c8       0x40 hal/src/hal_atomic.o
 .debug_frame   0x00000408       0x68 hal/src/hal_delay.o
 .debug_frame   0x00000470       0x58 hal/src/hal_io.o
 .debug_frame   0x000004c8      0x1f8 hal/src/hal_usart_sync.o
 .debug_frame   0x000006c0       0x20 hal/utils/src/utils_assert.o
 .debug_frame   0x000006e0       0x94 hal/utils/src/utils_ringbuffer.o
 .debug_frame   0x00000774       0xa8 hal/utils/src/utils_syscalls.o
 .debug_frame   0x0000081c      0x498 hpl/adc/hpl_adc.o
 .debug_frame   0x00000cb4       0xd4 hpl/core/hpl_core_m0plus_base.o
 .debug_frame   0x00000d88       0x28 hpl/core/hpl_init.o
 .debug_frame   0x00000db0       0x30 hpl/gclk/hpl_gclk.o
 .debug_frame   0x00000de0       0x40 hpl/pm/hpl_pm.o
 .debug_frame   0x00000e20      0xe9c hpl/sercom/hpl_sercom.o
 .debug_frame   0x00001cbc       0x30 hpl/sysctrl/hpl_sysctrl.o
 .debug_frame   0x00001cec       0x78 hpl/systick/hpl_systick.o
 .debug_frame   0x00001d64       0xf0 main.o
 .debug_frame   0x00001e54       0x28 stdio_redirect/gcc/read.o
 .debug_frame   0x00001e7c       0x28 stdio_redirect/gcc/write.o
 .debug_frame   0x00001ea4       0x6c stdio_redirect/stdio_io.o
 .debug_frame   0x00001f10       0x40 stdio_start.o
 .debug_frame   0x00001f50       0x20 c:/program files (x86)/atmel/studio/7.0/toolchain/arm/arm-gnu-toolchain/bin/../lib/gcc/arm-none-eabi/6.3.1/thumb/v6-m\libgcc.a(_udivsi3.o)
 .debug_frame   0x00001f70       0x20 c:/program files (x86)/atmel/studio/7.0/toolchain/arm/arm-gnu-toolchain/bin/../lib/gcc/arm-none-eabi/6.3.1/thumb/v6-m\libgcc.a(_divsi3.o)
 .debug_frame   0x00001f90       0x3c c:/program files (x86)/atmel/studio/7.0/toolchain/arm/arm-gnu-toolchain/bin/../lib/gcc/arm-none-eabi/6.3.1/thumb/v6-m\libgcc.a(mulsf3.o)
 .debug_frame   0x00001fcc       0x38 c:/program files (x86)/atmel/studio/7.0/toolchain/arm/arm-gnu-toolchain/bin/../lib/gcc/arm-none-eabi/6.3.1/thumb/v6-m\libgcc.a(subsf3.o)
 .debug_frame   0x00002004       0x20 c:/program files (x86)/atmel/studio/7.0/toolchain/arm/arm-gnu-toolchain/bin/../lib/gcc/arm-none-eabi/6.3.1/thumb/v6-m\libgcc.a(fixsfsi.o)
 .debug_frame   0x00002024       0x2c c:/program files (x86)/atmel/studio/7.0/toolchain/arm/arm-gnu-toolchain/bin/../lib/gcc/arm-none-eabi/6.3.1/thumb/v6-m\libgcc.a(floatsisf.o)
 .debug_frame   0x00002050       0x3c c:/program files (x86)/atmel/studio/7.0/toolchain/arm/arm-gnu-toolchain/bin/../lib/gcc/arm-none-eabi/6.3.1/thumb/v6-m\libgcc.a(divdf3.o)
 .debug_frame   0x0000208c       0x3c c:/program files (x86)/atmel/studio/7.0/toolchain/arm/arm-gnu-toolchain/bin/../lib/gcc/arm-none-eabi/6.3.1/thumb/v6-m\libgcc.a(muldf3.o)
 .debug_frame   0x000020c8       0x38 c:/program files (x86)/atmel/studio/7.0/toolchain/arm/arm-gnu-toolchain/bin/../lib/gcc/arm-none-eabi/6.3.1/thumb/v6-m\libgcc.a(subdf3.o)
 .debug_frame   0x00002100       0x2c c:/program files (x86)/atmel/studio/7.0/toolchain/arm/arm-gnu-toolchain/bin/../lib/gcc/arm-none-eabi/6.3.1/thumb/v6-m\libgcc.a(floatsidf.o)
 .debug_frame   0x0000212c       0x2c c:/program files (x86)/atmel/studio/7.0/toolchain/arm/arm-gnu-toolchain/bin/../lib/gcc/arm-none-eabi/6.3.1/thumb/v6-m\libgcc.a(extendsfdf2.o)
 .debug_frame   0x00002158       0x30 c:/program files (x86)/atmel/studio/7.0/toolchain/arm/arm-gnu-toolchain/bin/../lib/gcc/arm-none-eabi/6.3.1/thumb/v6-m\libgcc.a(truncdfsf2.o)
 .debug_frame   0x00002188       0x2c c:/program files (x86)/atmel/studio/7.0/toolchain/arm/arm-gnu-toolchain/bin/../lib/gcc/arm-none-eabi/6.3.1/../../../../arm-none-eabi/lib/thumb/v6-m\libc_nano.a(lib_a-init.o)
 .debug_frame   0x000021b4       0x20 c:/program files (x86)/atmel/studio/7.0/toolchain/arm/arm-gnu-toolchain/bin/../lib/gcc/arm-none-eabi/6.3.1/../../../../arm-none-eabi/lib/thumb/v6-m\libc_nano.a(lib_a-memset.o)
 .debug_frame   0x000021d4       0x50 c:/program files (x86)/atmel/studio/7.0/toolchain/arm/arm-gnu-toolchain/bin/../lib/gcc/arm-none-eabi/6.3.1/../../../../arm-none-eabi/lib/thumb/v6-m\libc_nano.a(lib_a-printf.o)
 .debug_frame   0x00002224       0x28 c:/program files (x86)/atmel/studio/7.0/toolchain/arm/arm-gnu-toolchain/bin/../lib/gcc/arm-none-eabi/6.3.1/../../../../arm-none-eabi/lib/thumb/v6-m\libc_nano.a(lib_a-setbuf.o)
 .debug_frame   0x0000224c       0x30 c:/program files (x86)/atmel/studio/7.0/toolchain/arm/arm-gnu-toolchain/bin/../lib/gcc/arm-none-eabi/6.3.1/../../../../arm-none-eabi/lib/thumb/v6-m\libc_nano.a(lib_a-setvbuf.o)
 .debug_frame   0x0000227c       0x50 c:/program files (x86)/atmel/studio/7.0/toolchain/arm/arm-gnu-toolchain/bin/../lib/gcc/arm-none-eabi/6.3.1/../../../../arm-none-eabi/lib/thumb/v6-m\libc_nano.a(lib_a-sprintf.o)
 .debug_frame   0x000022cc       0x48 c:/program files (x86)/atmel/studio/7.0/toolchain/arm/arm-gnu-toolchain/bin/../lib/gcc/arm-none-eabi/6.3.1/../../../../arm-none-eabi/lib/thumb/v6-m\libc_nano.a(lib_a-wbuf.o)
 .debug_frame   0x00002314       0x2c c:/program files (x86)/atmel/studio/7.0/toolchain/arm/arm-gnu-toolchain/bin/../lib/gcc/arm-none-eabi/6.3.1/../../../../arm-none-eabi/lib/thumb/v6-m\libc_nano.a(lib_a-wsetup.o)
 .debug_frame   0x00002340       0x68 c:/program files (x86)/atmel/studio/7.0/toolchain/arm/arm-gnu-toolchain/bin/../lib/gcc/arm-none-eabi/6.3.1/../../../../arm-none-eabi/lib/thumb/v6-m\libc_nano.a(lib_a-fflush.o)
 .debug_frame   0x000023a8      0x140 c:/program files (x86)/atmel/studio/7.0/toolchain/arm/arm-gnu-toolchain/bin/../lib/gcc/arm-none-eabi/6.3.1/../../../../arm-none-eabi/lib/thumb/v6-m\libc_nano.a(lib_a-findfp.o)
 .debug_frame   0x000024e8       0x58 c:/program files (x86)/atmel/studio/7.0/toolchain/arm/arm-gnu-toolchain/bin/../lib/gcc/arm-none-eabi/6.3.1/../../../../arm-none-eabi/lib/thumb/v6-m\libc_nano.a(lib_a-fwalk.o)
 .debug_frame   0x00002540       0x54 c:/program files (x86)/atmel/studio/7.0/toolchain/arm/arm-gnu-toolchain/bin/../lib/gcc/arm-none-eabi/6.3.1/../../../../arm-none-eabi/lib/thumb/v6-m\libc_nano.a(lib_a-makebuf.o)
 .debug_frame   0x00002594       0x40 c:/program files (x86)/atmel/studio/7.0/toolchain/arm/arm-gnu-toolchain/bin/../lib/gcc/arm-none-eabi/6.3.1/../../../../arm-none-eabi/lib/thumb/v6-m\libc_nano.a(lib_a-malloc.o)
 .debug_frame   0x000025d4       0x2c c:/program files (x86)/atmel/studio/7.0/toolchain/arm/arm-gnu-toolchain/bin/../lib/gcc/arm-none-eabi/6.3.1/../../../../arm-none-eabi/lib/thumb/v6-m\libc_nano.a(lib_a-nano-freer.o)
 .debug_frame   0x00002600       0x2c c:/program files (x86)/atmel/studio/7.0/toolchain/arm/arm-gnu-toolchain/bin/../lib/gcc/arm-none-eabi/6.3.1/../../../../arm-none-eabi/lib/thumb/v6-m\libc_nano.a(lib_a-nano-mallocr.o)
 .debug_frame   0x0000262c       0x74 c:/program files (x86)/atmel/studio/7.0/toolchain/arm/arm-gnu-toolchain/bin/../lib/gcc/arm-none-eabi/6.3.1/../../../../arm-none-eabi/lib/thumb/v6-m\libc_nano.a(lib_a-nano-svfprintf.o)
 .debug_frame   0x000026a0       0x9c c:/program files (x86)/atmel/studio/7.0/toolchain/arm/arm-gnu-toolchain/bin/../lib/gcc/arm-none-eabi/6.3.1/../../../../arm-none-eabi/lib/thumb/v6-m\libc_nano.a(lib_a-nano-vfprintf.o)
 .debug_frame   0x0000273c       0x54 c:/program files (x86)/atmel/studio/7.0/toolchain/arm/arm-gnu-toolchain/bin/../lib/gcc/arm-none-eabi/6.3.1/../../../../arm-none-eabi/lib/thumb/v6-m\libc_nano.a(lib_a-nano-vfprintf_i.o)
 .debug_frame   0x00002790       0x2c c:/program files (x86)/atmel/studio/7.0/toolchain/arm/arm-gnu-toolchain/bin/../lib/gcc/arm-none-eabi/6.3.1/../../../../arm-none-eabi/lib/thumb/v6-m\libc_nano.a(lib_a-sbrkr.o)
 .debug_frame   0x000027bc       0x90 c:/program files (x86)/atmel/studio/7.0/toolchain/arm/arm-gnu-toolchain/bin/../lib/gcc/arm-none-eabi/6.3.1/../../../../arm-none-eabi/lib/thumb/v6-m\libc_nano.a(lib_a-stdio.o)
 .debug_frame   0x0000284c       0x2c c:/program files (x86)/atmel/studio/7.0/toolchain/arm/arm-gnu-toolchain/bin/../lib/gcc/arm-none-eabi/6.3.1/../../../../arm-none-eabi/lib/thumb/v6-m\libc_nano.a(lib_a-writer.o)
 .debug_frame   0x00002878       0x2c c:/program files (x86)/atmel/studio/7.0/toolchain/arm/arm-gnu-toolchain/bin/../lib/gcc/arm-none-eabi/6.3.1/../../../../arm-none-eabi/lib/thumb/v6-m\libc_nano.a(lib_a-closer.o)
 .debug_frame   0x000028a4       0x2c c:/program files (x86)/atmel/studio/7.0/toolchain/arm/arm-gnu-toolchain/bin/../lib/gcc/arm-none-eabi/6.3.1/../../../../arm-none-eabi/lib/thumb/v6-m\libc_nano.a(lib_a-fstatr.o)
 .debug_frame   0x000028d0       0x2c c:/program files (x86)/atmel/studio/7.0/toolchain/arm/arm-gnu-toolchain/bin/../lib/gcc/arm-none-eabi/6.3.1/../../../../arm-none-eabi/lib/thumb/v6-m\libc_nano.a(lib_a-isattyr.o)
 .debug_frame   0x000028fc       0x2c c:/program files (x86)/atmel/studio/7.0/toolchain/arm/arm-gnu-toolchain/bin/../lib/gcc/arm-none-eabi/6.3.1/../../../../arm-none-eabi/lib/thumb/v6-m\libc_nano.a(lib_a-lseekr.o)
 .debug_frame   0x00002928       0x20 c:/program files (x86)/atmel/studio/7.0/toolchain/arm/arm-gnu-toolchain/bin/../lib/gcc/arm-none-eabi/6.3.1/../../../../arm-none-eabi/lib/thumb/v6-m\libc_nano.a(lib_a-memchr-stub.o)
 .debug_frame   0x00002948       0x28 c:/program files (x86)/atmel/studio/7.0/toolchain/arm/arm-gnu-toolchain/bin/../lib/gcc/arm-none-eabi/6.3.1/../../../../arm-none-eabi/lib/thumb/v6-m\libc_nano.a(lib_a-memcpy-stub.o)
 .debug_frame   0x00002970       0x28 c:/program files (x86)/atmel/studio/7.0/toolchain/arm/arm-gnu-toolchain/bin/../lib/gcc/arm-none-eabi/6.3.1/../../../../arm-none-eabi/lib/thumb/v6-m\libc_nano.a(lib_a-memmove.o)
 .debug_frame   0x00002998       0x30 c:/program files (x86)/atmel/studio/7.0/toolchain/arm/arm-gnu-toolchain/bin/../lib/gcc/arm-none-eabi/6.3.1/../../../../arm-none-eabi/lib/thumb/v6-m\libc_nano.a(lib_a-mlock.o)
 .debug_frame   0x000029c8       0x30 c:/program files (x86)/atmel/studio/7.0/toolchain/arm/arm-gnu-toolchain/bin/../lib/gcc/arm-none-eabi/6.3.1/../../../../arm-none-eabi/lib/thumb/v6-m\libc_nano.a(lib_a-nano-reallocr.o)
 .debug_frame   0x000029f8       0x2c c:/program files (x86)/atmel/studio/7.0/toolchain/arm/arm-gnu-toolchain/bin/../lib/gcc/arm-none-eabi/6.3.1/../../../../arm-none-eabi/lib/thumb/v6-m\libc_nano.a(lib_a-readr.o)
 .debug_frame   0x00002a24       0x48 c:/program files (x86)/atmel/studio/7.0/toolchain/arm/arm-gnu-toolchain/bin/../lib/gcc/arm-none-eabi/6.3.1/../../../../arm-none-eabi/lib/thumb/v6-m\libc_nano.a(lib_a-reent.o)
 .debug_frame   0x00002a6c       0x20 c:/program files (x86)/atmel/studio/7.0/toolchain/arm/arm-gnu-toolchain/bin/../lib/gcc/arm-none-eabi/6.3.1/../../../../arm-none-eabi/lib/thumb/v6-m\libc_nano.a(lib_a-nano-msizer.o)
